******************************************************************************
                  TI ARM Linker PC v16.9.6                     
******************************************************************************
>> Linked Thu Oct 04 16:40:51 2018

OUTPUT FILE NAME:   <Lab2MicroP2.out>
ENTRY POINT SYMBOL: "_c_int00"  address: 0000fa45


MEMORY CONFIGURATION

         name            origin    length      used     unused   attr    fill
----------------------  --------  ---------  --------  --------  ----  --------
  MAIN                  00000000   00040000  0001015e  0002fea2  R  X
  INFO                  00200000   00004000  00000000  00004000  R  X
  SRAM_CODE             01000000   00010000  000071dc  00008e24  RW X
  SRAM_DATA             20000000   00010000  000071dc  00008e24  RW  


SEGMENT ALLOCATION MAP

run origin  load origin   length   init length attrs members
----------  ----------- ---------- ----------- ----- -------
00000000    00000000    00010160   00010160    r-x
  00000000    00000000    000000e4   000000e4    r-- .intvecs
  000000e4    000000e4    0000ffae   0000ffae    r-x .text
  00010094    00010094    0000005c   0000005c    r-- .const
  000100f0    000100f0    00000070   00000070    r-- .cinit
20000000    20000000    00006fdf   00000000    rw-
  20000000    20000000    00006b71   00000000    rw- .bss
  20006b74    20006b74    0000046b   00000000    rw- .data
2000fe00    2000fe00    00000200   00000000    rw-
  2000fe00    2000fe00    00000200   00000000    rw- .stack


SECTION ALLOCATION MAP

 output                                  attributes/
section   page    origin      length       input sections
--------  ----  ----------  ----------   ----------------
.intvecs   0    00000000    000000e4     
                  00000000    000000e4     startup_msp432p401r_ccs.obj (.intvecs:retain)

.binit     0    00000000    00000000     

.text      0    000000e4    0000ffae     
                  000000e4    0000d5e0     bmi160.obj (.text)
                  0000d6c4    00000c28     bmi160_support.obj (.text)
                  0000e2ec    00000360     i2c_driver.obj (.text)
                  0000e64c    00000334     system_msp432p401r.obj (.text)
                  0000e980    000002d4     G8RTOS_Scheduler.obj (.text)
                  0000ec54    00000134     RGBLeds.obj (.text)
                  0000ed88    00000118     Threads.obj (.text)
                  0000eea0    00000104     msp432p4xx_driverlib.lib : cs.o (.text:CS_getDCOFrequency)
                  0000efa4    000000fe     opt3001.obj (.text)
                  0000f0a2    000000fc     rtsv7M4_T_le_v4SPD16_eabi.lib : fd_mul_t2.obj (.text)
                  0000f19e    000000f4     Bean.obj (.text)
                  0000f292    00000002     rtsv7M4_T_le_v4SPD16_eabi.lib : mpu_init.obj (.text)
                  0000f294    000000e0     msp432p4xx_driverlib.lib : cs.o (.text:CS_initClockSignal)
                  0000f374    000000dc                              : pcm.o (.text:__PCM_setPowerModeAdvanced)
                  0000f450    000000b0                              : pcm.o (.text:__PCM_setCoreVoltageLevelAdvanced)
                  0000f500    0000009c                              : cs.o (.text:CS_startHFXTWithTimeout)
                  0000f59c    0000009c                              : cs.o (.text:_CSComputeCLKFrequency)
                  0000f638    0000009c     rtsv7M4_T_le_v4SPD16_eabi.lib : memcpy_t2.obj (.text)
                  0000f6d4    00000084     ClockSys.obj (.text)
                  0000f758    0000007a     rtsv7M4_T_le_v4SPD16_eabi.lib : memset_t2.obj (.text)
                  0000f7d2    00000002                                   : startup.obj (.text)
                  0000f7d4    00000070     msp432p4xx_driverlib.lib : cs.o (.text:_CSGetHFXTFrequency)
                  0000f844    00000070     rtsv7M4_T_le_v4SPD16_eabi.lib : autoinit.obj (.text)
                  0000f8b4    00000068                                   : copy_decompress_lzss.obj (.text:decompress:lzss)
                  0000f91c    00000064     msp432p4xx_driverlib.lib : interrupt.o (.text:Interrupt_disableInterrupt)
                  0000f980    00000064                              : interrupt.o (.text:Interrupt_enableInterrupt)
                  0000f9e4    0000005e     G8RTOS_Semaphores.obj (.text)
                  0000fa42    00000002     --HOLE-- [fill = 0]
                  0000fa44    00000054     rtsv7M4_T_le_v4SPD16_eabi.lib : boot.obj (.text)
                  0000fa98    00000054                                   : exit.obj (.text)
                  0000faec    00000050     msp432p4xx_driverlib.lib : sysctl.o (.text:SysCtl_getTLVInfo)
                  0000fb3c    0000004c                              : gpio.o (.text:GPIO_setAsPeripheralModuleFunctionOutputPin)
                  0000fb88    0000004c                              : cs.o (.text:_CSGetDOCFrequency)
                  0000fbd4    0000004c     rtsv7M4_T_le_v4SPD16_eabi.lib : cpy_tbl.obj (.text)
                  0000fc20    00000048     msp432p4xx_driverlib.lib : cs.o (.text:_CSGetDividerValue)
                  0000fc68    00000044     rtsv7M4_T_le_v4SPD16_eabi.lib : fd_tou_t2.obj (.text)
                  0000fcac    0000003e     msp432p4xx_driverlib.lib : i2c.o (.text:I2C_initMaster)
                  0000fcea    00000002     --HOLE-- [fill = 0]
                  0000fcec    00000038     G8RTOS_SchedulerASM.obj (.text)
                  0000fd24    00000038     msp432p4xx_driverlib.lib : i2c.o (.text:I2C_masterSendMultiByteStart)
                  0000fd5c    00000030                              : i2c.o (.text:I2C_masterSendMultiByteStop)
                  0000fd8c    0000002e     rtsv7M4_T_le_v4SPD16_eabi.lib : i_tofd_t2.obj (.text)
                  0000fdba    0000002c     msp432p4xx_driverlib.lib : pcm.o (.text:PCM_getCoreVoltageLevel)
                  0000fde6    0000002a                              : pcm.o (.text:PCM_getPowerMode)
                  0000fe10    00000028                              : flash.o (.text:FlashCtl_setWaitState)
                  0000fe38    00000026     demo_sysctl.obj (.text)
                  0000fe5e    00000002     --HOLE-- [fill = 0]
                  0000fe60    00000024     msp432p4xx_driverlib.lib : cs.o (.text:CS_clearInterruptFlag)
                  0000fe84    00000024                              : i2c.o (.text:I2C_masterSendMultiByteNext)
                  0000fea8    00000022     BSP.obj (.text)
                  0000feca    00000002     --HOLE-- [fill = 0]
                  0000fecc    00000018     msp432p4xx_driverlib.lib : cs.o (.text:CS_getMCLK)
                  0000fee4    00000018                              : cs.o (.text:CS_getSMCLK)
                  0000fefc    00000018                              : wdt_a.o (.text:WDT_A_clearTimer)
                  0000ff14    00000018                              : wdt_a.o (.text:WDT_A_holdTimer)
                  0000ff2c    00000018     rtsv7M4_T_le_v4SPD16_eabi.lib : args_main.obj (.text)
                  0000ff44    00000014     msp432p4xx_driverlib.lib : cs.o (.text:CS_setExternalClockSourceFrequency)
                  0000ff58    00000014                              : i2c.o (.text:I2C_isBusBusy)
                  0000ff6c    00000014                              : systick.o (.text:SysTick_enableInterrupt)
                  0000ff80    00000014     rtsv7M4_T_le_v4SPD16_eabi.lib : _lock.obj (.text)
                  0000ff94    00000010     msp432p4xx_driverlib.lib : i2c.o (.text:I2C_masterReceiveStart)
                  0000ffa4    00000010                              : sysctl.o (.text:SysCtl_disableNMISource)
                  0000ffb4    00000010                              : sysctl.o (.text:SysCtl_enableNMISource)
                  0000ffc4    0000000e     G8RTOS_CriticalSection.obj (.text)
                  0000ffd2    0000000e     msp432p4xx_driverlib.lib : i2c.o (.text:I2C_clearInterruptFlag)
                  0000ffe0    0000000e                              : i2c.o (.text:I2C_disableInterrupt)
                  0000ffee    0000000e     rtsv7M4_T_le_v4SPD16_eabi.lib : copy_decompress_none.obj (.text:decompress:none)
                  0000fffc    0000000e     startup_msp432p401r_ccs.obj (.text)
                  0001000a    0000000c     msp432p4xx_driverlib.lib : i2c.o (.text:I2C_disableModule)
                  00010016    0000000c                              : i2c.o (.text:I2C_enableModule)
                  00010022    00000002     --HOLE-- [fill = 0]
                  00010024    0000000c                              : pcm.o (.text:PCM_getPowerState)
                  00010030    0000000c                              : sysctl.o (.text:SysCtl_getNMISourceStatus)
                  0001003c    0000000c     rtsv7M4_T_le_v4SPD16_eabi.lib : copy_zero_init.obj (.text:decompress:ZI)
                  00010048    0000000c     main.obj (.text)
                  00010054    00000008     msp432p4xx_driverlib.lib : i2c.o (.text:I2C_enableInterrupt)
                  0001005c    00000008                              : pcm.o (.text:PCM_setCoreVoltageLevel)
                  00010064    00000008                              : pcm.o (.text:PCM_setPowerMode)
                  0001006c    00000006                              : cs.o (.text:CS_startHFXT)
                  00010072    00000006                              : i2c.o (.text:I2C_getEnabledInterruptStatus)
                  00010078    00000006                              : i2c.o (.text:I2C_getInterruptStatus)
                  0001007e    00000006                              : i2c.o (.text:I2C_masterReceiveMultiByteNext)
                  00010084    00000006     demo_sysctl.obj (.text:SysCtlDelay)
                  0001008a    00000004     msp432p4xx_driverlib.lib : i2c.o (.text:I2C_setSlaveAddress)
                  0001008e    00000004     rtsv7M4_T_le_v4SPD16_eabi.lib : pre_init.obj (.text)

.const     0    00010094    0000005c     
                  00010094    00000040     msp432p4xx_driverlib.lib : interrupt.o (.const)
                  000100d4    0000000c     bmi160.obj (.const:yas532_version_ac_coef)
                  000100e0    00000008     bmi160.obj (.const:v_calib_data$2)
                  000100e8    00000005     bmi160.obj (.const:.string:v_correct_u8$1)
                  000100ed    00000003     bmi160.obj (.const:.string:INVALID_OFFSET)

.cinit     0    000100f0    00000070     
                  000100f0    0000004b     (.cinit..data.load) [load image, compression = lzss]
                  0001013b    00000001     --HOLE-- [fill = 0]
                  0001013c    0000000c     (__TI_handler_table)
                  00010148    00000008     (.cinit..bss.load) [load image, compression = zero_init]
                  00010150    00000010     (__TI_cinit_table)

.init_array 
*          0    00000000    00000000     UNINITIALIZED

.bss       0    20000000    00006b71     UNINITIALIZED
                  20000000    00006000     G8RTOS_Scheduler.obj (.bss:threadStacks)
                  20006000    0000036c     (.common:accel_fifo)
                  2000636c    0000036c     (.common:gyro_fifo)
                  200066d8    0000036c     (.common:mag_fifo)
                  20006a44    00000070     bmi160.obj (.bss:yas532_data)
                  20006ab4    00000048     G8RTOS_Scheduler.obj (.bss:threadControlBlocks)
                  20006afc    00000018     G8RTOS_Scheduler.obj (.bss:Free_Pointers)
                  20006b14    00000014     (.common:s_bmi160)
                  20006b28    00000010     bmi160.obj (.bss:mag_trim)
                  20006b38    00000006     (.common:accelxyz)
                  20006b3e    00000006     (.common:gyroxyz)
                  20006b44    00000004     G8RTOS_Scheduler.obj (.bss)
                  20006b48    00000004     bmi160.obj (.bss)
                  20006b4c    00000004     (.common:CurrentlyRunningThread)
                  20006b50    00000004     (.common:SystemTime)
                  20006b54    00000004     (.common:g_ui32ByteCount)
                  20006b58    00000004     (.common:hfxtFreq)
                  20006b5c    00000004     (.common:ledI2CReady)
                  20006b60    00000004     (.common:lfxtFreq)
                  20006b64    00000004     (.common:pData)
                  20006b68    00000004     (.common:sensorI2CReady)
                  20006b6c    00000003     bmi160.obj (.bss:akm_asa_data)
                  20006b6f    00000001     (.common:ui8DummyRead)
                  20006b70    00000001     (.common:ui8Status)

.data      0    20006b74    0000046b     UNINITIALIZED
                  20006b74    00000400     bmi160.obj (.data:v_fifo_data_u8)
                  20006f74    00000030     msp432p4xx_driverlib.lib : gpio.o (.data:GPIO_PORT_TO_BASE)
                  20006fa4    00000014     i2c_driver.obj (.data:i2cConfig)
                  20006fb8    0000000c     rtsv7M4_T_le_v4SPD16_eabi.lib : exit.obj (.data:$O1$$)
                  20006fc4    00000008                                   : _lock.obj (.data:$O1$$)
                  20006fcc    00000008     bmi160.obj (.data)
                  20006fd4    00000004     rtsv7M4_T_le_v4SPD16_eabi.lib : stkdepth_vars.obj (.data)
                  20006fd8    00000004     system_msp432p401r.obj (.data)
                  20006fdc    00000002     G8RTOS_Scheduler.obj (.data)
                  20006fde    00000001     i2c_driver.obj (.data)

.stack     0    2000fe00    00000200     UNINITIALIZED
                  2000fe00    00000200     --HOLE--

MODULE SUMMARY

       Module                        code    ro data   rw data
       ------                        ----    -------   -------
    .\
       system_msp432p401r.obj        820     0         8      
       startup_msp432p401r_ccs.obj   14      228       0      
       main.obj                      12      0         24     
    +--+-----------------------------+-------+---------+---------+
       Total:                        846     228       32     
                                                              
    .\BoardSupportPackage\src\
       bmi160.obj                    54752   28        7590   
       bmi160_support.obj            3112    0         64     
       i2c_driver.obj                864     0         62     
       RGBLeds.obj                   308     0         0      
       opt3001.obj                   254     0         0      
       ClockSys.obj                  132     0         0      
       demo_sysctl.obj               44      0         0      
       BSP.obj                       34      0         0      
    +--+-----------------------------+-------+---------+---------+
       Total:                        59500   28        7716   
                                                              
    .\G8RTOS\
       G8RTOS_Scheduler.obj          724     0         49364  
       Threads.obj                   280     0         0      
       Bean.obj                      244     0         0      
       G8RTOS_Semaphores.obj         94      0         0      
       G8RTOS_SchedulerASM.obj       56      0         0      
       G8RTOS_CriticalSection.obj    14      0         0      
    +--+-----------------------------+-------+---------+---------+
       Total:                        1412    0         49364  
                                                              
    ../BoardSupportPackage/DriverLib/msp432p4xx_driverlib.lib
       cs.o                          1166    0         16     
       pcm.o                         510     0         0      
       i2c.o                         320     0         0      
       interrupt.o                   200     64        0      
       gpio.o                        76      0         96     
       sysctl.o                      124     0         0      
       wdt_a.o                       48      0         0      
       flash.o                       40      0         0      
       systick.o                     20      0         0      
    +--+-----------------------------+-------+---------+---------+
       Total:                        2504    64        112    
                                                              
    C:\ti\ccsv7\tools\compiler\ti-cgt-arm_16.9.6.LTS\lib\rtsv7M4_T_le_v4SPD16_eabi.lib
       fd_mul_t2.obj                 252     0         0      
       memcpy_t2.obj                 156     0         0      
       memset_t2.obj                 122     0         0      
       autoinit.obj                  112     0         0      
       exit.obj                      84      0         24     
       copy_decompress_lzss.obj      104     0         0      
       boot.obj                      84      0         0      
       cpy_tbl.obj                   76      0         0      
       fd_tou_t2.obj                 68      0         0      
       i_tofd_t2.obj                 46      0         0      
       _lock.obj                     20      0         16     
       args_main.obj                 24      0         0      
       copy_decompress_none.obj      14      0         0      
       copy_zero_init.obj            12      0         0      
       stkdepth_vars.obj             0       0         8      
       pre_init.obj                  4       0         0      
       mpu_init.obj                  2       0         0      
       startup.obj                   2       0         0      
    +--+-----------------------------+-------+---------+---------+
       Total:                        1182    0         48     
                                                              
       Stack:                        0       0         1024   
       Linker Generated:             0       111       0      
    +--+-----------------------------+-------+---------+---------+
       Grand Total:                  65444   431       58296  


LINKER GENERATED COPY TABLES

__TI_cinit_table @ 00010150 records: 2, size/record: 8, table size: 16
	.data: load addr=000100f0, load size=0000004b bytes, run addr=20006b74, run size=0000046b bytes, compression=lzss
	.bss: load addr=00010148, load size=00000008 bytes, run addr=20000000, run size=00006b71 bytes, compression=zero_init


LINKER GENERATED HANDLER TABLE

__TI_handler_table @ 0001013c records: 3, size/record: 4, table size: 12
	index: 0, handler: __TI_decompress_lzss
	index: 1, handler: __TI_decompress_none
	index: 2, handler: __TI_zero_init


GLOBAL SYMBOLS: SORTED ALPHABETICALLY BY Name 

address   name                                             
-------   ----                                             
00010009  ADC14_IRQHandler                                 
00010009  AES256_IRQHandler                                
0000fea9  BSP_InitBoard                                    
00010009  BusFault_Handler                                 
0000fa99  C$$EXIT                                          
00010009  COMP_E0_IRQHandler                               
00010009  COMP_E1_IRQHandler                               
00010009  CS_IRQHandler                                    
0000fe61  CS_clearInterruptFlag                            
0000eea1  CS_getDCOFrequency                               
0000fecd  CS_getMCLK                                       
0000fee5  CS_getSMCLK                                      
0000f295  CS_initClockSignal                               
0000ff45  CS_setExternalClockSourceFrequency               
0001006d  CS_startHFXT                                     
0000f501  CS_startHFXTWithTimeout                          
0000f743  ClockSys_GetSysFreq                              
0000f6d5  ClockSys_SetMaxFreq                              
20006b4c  CurrentlyRunningThread                           
00010009  DMA_ERR_IRQHandler                               
00010009  DMA_INT0_IRQHandler                              
00010009  DMA_INT1_IRQHandler                              
00010009  DMA_INT2_IRQHandler                              
00010009  DMA_INT3_IRQHandler                              
00010009  DebugMon_Handler                                 
00010009  Default_Handler                                  
0000fe39  DelayMs                                          
00010009  EUSCIA0_IRQHandler                               
00010009  EUSCIA1_IRQHandler                               
00010009  EUSCIA2_IRQHandler                               
00010009  EUSCIA3_IRQHandler                               
00010009  EUSCIB0_IRQHandler                               
0000e585  EUSCIB1_IRQHandler                               
0000e585  EUSCIB1_IRQHandler                               
00010009  EUSCIB2_IRQHandler                               
00010009  EUSCIB3_IRQHandler                               
0000ffcd  EndCriticalSection                               
00010009  FLCTL_IRQHandler                                 
00010009  FPU_IRQHandler                                   
0000fe11  FlashCtl_setWaitState                            
0000eaeb  G8RTOS_AddThread                                 
0000ea51  G8RTOS_Init                                      
0000f9e5  G8RTOS_InitSemaphore                             
0000ea95  G8RTOS_Launch                                    
0000ea05  G8RTOS_Scheduler                                 
0000fa29  G8RTOS_SignalSemaphore                           
0000fcf1  G8RTOS_Start                                     
0000f9ff  G8RTOS_WaitSemaphore                             
0000fb3d  GPIO_setAsPeripheralModuleFunctionOutputPin      
00010009  HardFault_Handler                                
0000ffd3  I2C_clearInterruptFlag                           
0000ffe1  I2C_disableInterrupt                             
0001000b  I2C_disableModule                                
00010055  I2C_enableInterrupt                              
00010017  I2C_enableModule                                 
00010073  I2C_getEnabledInterruptStatus                    
00010079  I2C_getInterruptStatus                           
0000fcad  I2C_initMaster                                   
0000ff59  I2C_isBusBusy                                    
0001007f  I2C_masterReceiveMultiByteNext                   
0000ff95  I2C_masterReceiveStart                           
0000fe85  I2C_masterSendMultiByteNext                      
0000fd25  I2C_masterSendMultiByteStart                     
0000fd5d  I2C_masterSendMultiByteStop                      
0001008b  I2C_setSlaveAddress                              
0000f91d  Interrupt_disableInterrupt                       
0000f981  Interrupt_enableInterrupt                        
0000ecb1  LP3943_LedModeSet                                
00010009  MemManage_Handler                                
00010009  NMI_Handler                                      
00010009  PCM_IRQHandler                                   
0000fdbb  PCM_getCoreVoltageLevel                          
0000fde7  PCM_getPowerMode                                 
00010025  PCM_getPowerState                                
0001005d  PCM_setCoreVoltageLevel                          
00010065  PCM_setPowerMode                                 
00010009  PORT1_IRQHandler                                 
00010009  PORT2_IRQHandler                                 
00010009  PORT3_IRQHandler                                 
00010009  PORT4_IRQHandler                                 
00010009  PORT5_IRQHandler                                 
00010009  PORT6_IRQHandler                                 
00010009  PSS_IRQHandler                                   
0000fd03  PendSV_Handler                                   
0000fd03  PendSV_Handler                                   
00010009  RTC_C_IRQHandler                                 
0000fffd  Reset_Handler                                    
UNDEFED   SHT$$INIT_ARRAY$$Base                            
UNDEFED   SHT$$INIT_ARRAY$$Limit                           
00010009  SVC_Handler                                      
0000ffc5  StartCriticalSection                             
00010085  SysCtlDelay                                      
0000ffa5  SysCtl_disableNMISource                          
0000ffb5  SysCtl_enableNMISource                           
00010031  SysCtl_getNMISourceStatus                        
0000faed  SysCtl_getTLVInfo                                
0000ea27  SysTick_Handler                                  
0000ea27  SysTick_Handler                                  
0000ff6d  SysTick_enableInterrupt                          
20006fd8  SystemCoreClock                                  
0000e64d  SystemCoreClockUpdate                            
0000e8c5  SystemInit                                       
20006b50  SystemTime                                       
00010009  T32_INT1_IRQHandler                              
00010009  T32_INT2_IRQHandler                              
00010009  T32_INTC_IRQHandler                              
00010009  TA0_0_IRQHandler                                 
00010009  TA0_N_IRQHandler                                 
00010009  TA1_0_IRQHandler                                 
00010009  TA1_N_IRQHandler                                 
00010009  TA2_0_IRQHandler                                 
00010009  TA2_N_IRQHandler                                 
00010009  TA3_0_IRQHandler                                 
00010009  TA3_N_IRQHandler                                 
0000ed89  Thread1                                          
0000ede3  Thread2                                          
0000ee3d  Thread3                                          
00010009  UsageFault_Handler                               
20006fcc  V_bmm150_maual_auto_condition_u8                 
20006fd0  V_fifo_time_U32                                  
4000480c  WDTCTL_SYM                                       
00010009  WDT_A_IRQHandler                                 
0000fefd  WDT_A_clearTimer                                 
0000ff15  WDT_A_holdTimer                                  
20010000  __STACK_END                                      
00000200  __STACK_SIZE                                     
00010150  __TI_CINIT_Base                                  
00010160  __TI_CINIT_Limit                                 
0001013c  __TI_Handler_Table_Base                          
00010148  __TI_Handler_Table_Limit                         
0000f845  __TI_auto_init                                   
20006fb8  __TI_cleanup_ptr                                 
0000f8b5  __TI_decompress_lzss                             
0000ffef  __TI_decompress_none                             
20006fbc  __TI_dtors_ptr                                   
20006fc0  __TI_enable_exit_profile_output                  
ffffffff  __TI_pprof_out_hndl                              
ffffffff  __TI_prof_data_size                              
ffffffff  __TI_prof_data_start                             
00000000  __TI_static_base__                               
0001003d  __TI_zero_init                                   
0000fc69  __aeabi_d2uiz                                    
0000f0a3  __aeabi_dmul                                     
0000fd8d  __aeabi_i2d                                      
0000f759  __aeabi_memclr                                   
0000f759  __aeabi_memclr4                                  
0000f759  __aeabi_memclr8                                  
0000f639  __aeabi_memcpy                                   
0000f639  __aeabi_memcpy4                                  
0000f639  __aeabi_memcpy8                                  
0000f75b  __aeabi_memset                                   
0000f75b  __aeabi_memset4                                  
0000f75b  __aeabi_memset8                                  
ffffffff  __binit__                                        
ffffffff  __c_args__                                       
0000f293  __mpu_init                                       
2000fe00  __stack                                          
0000ff2d  _args_main                                       
0000fa45  _c_int00                                         
20006fc4  _lock                                            
0000ff8f  _nop                                             
0000ff87  _register_lock                                   
0000ff81  _register_unlock                                 
0000f7d3  _system_post_cinit                               
0001008f  _system_pre_init                                 
20006fc8  _unlock                                          
0000fa9d  abort                                            
0000f19f  accel2LED                                        
20006000  accel_fifo                                       
20006b38  accelxyz                                         
ffffffff  binit                                            
00007511  bmi160_accel_foc_trigger_xyz                     
0000ac11  bmi160_bmm150_mag_compensate_X                   
0000acbb  bmi160_bmm150_mag_compensate_Y                   
0000ad65  bmi160_bmm150_mag_compensate_Z                   
0000abb5  bmi160_bmm150_mag_compensate_xyz                 
0000ae05  bmi160_bmm150_mag_interface_init                 
0000b2a7  bmi160_bmm150_mag_set_power_mode                 
0000b0b1  bmi160_bmm150_mag_wakeup                         
0000c00d  bmi160_bst_akm_compensate_X                      
0000c03f  bmi160_bst_akm_compensate_Y                      
0000c071  bmi160_bst_akm_compensate_Z                      
0000c0a3  bmi160_bst_akm_compensate_xyz                    
0000bc05  bmi160_bst_akm_mag_interface_init                
0000c0f1  bmi160_bst_akm_set_powermode                     
0000caa1  bmi160_bst_yamaha_yas532_calib_values            
0000c47b  bmi160_bst_yamaha_yas532_mag_interface_init      
0000d4e1  bmi160_bst_yas532_acquisition_command_register   
0000c911  bmi160_bst_yas532_magnetic_measure_set_offset    
0000d069  bmi160_bst_yas532_measurement_xyz_data           
0000cef5  bmi160_bst_yas532_normal_measurement_data        
0000c7b1  bmi160_bst_yas532_set_initial_values             
0000d5a5  bmi160_bst_yas532_set_offset                     
0000ce59  bmi160_bst_yas532_xy1y2_to_linear                
000095c1  bmi160_clear_step_counter                        
0000d701  bmi160_config_running_mode                       
0000e2b1  bmi160_delay_ms                                  
00001805  bmi160_fifo_data                                 
000017a5  bmi160_fifo_length                               
0000191d  bmi160_get_accel_bw                              
00000e21  bmi160_get_accel_data_rdy                        
000021f7  bmi160_get_accel_fifo_filter_data                
000086ab  bmi160_get_accel_offset_compensation_xaxis       
00008791  bmi160_get_accel_offset_compensation_yaxis       
0000887b  bmi160_get_accel_offset_compensation_zaxis       
00008edb  bmi160_get_accel_offset_enable                   
0000183f  bmi160_get_accel_output_data_rate                
00000481  bmi160_get_accel_power_mode_stat                 
00001ad9  bmi160_get_accel_range                           
0000829d  bmi160_get_accel_selftest_amp                    
000080e7  bmi160_get_accel_selftest_axis                   
000081bf  bmi160_get_accel_selftest_sign                   
000019ff  bmi160_get_accel_under_sampling_parameter        
00000d85  bmi160_get_data_rdy_mag                          
000002b5  bmi160_get_drop_cmd_err                          
00000219  bmi160_get_err_code                              
00000351  bmi160_get_error_status                          
000001cd  bmi160_get_fatal_err                             
000028a5  bmi160_get_fifo_accel_enable                     
0000212f  bmi160_get_fifo_down_accel                       
00001f87  bmi160_get_fifo_down_gyro                        
00002985  bmi160_get_fifo_gyro_enable                      
000026f1  bmi160_get_fifo_header_enable                    
000027cb  bmi160_get_fifo_mag_enable                       
0000235f  bmi160_get_fifo_stop_on_full                     
000025ff  bmi160_get_fifo_tag_intr1_enable                 
00002511  bmi160_get_fifo_tag_intr2_enable                 
00002437  bmi160_get_fifo_time_enable                      
000022d1  bmi160_get_fifo_wm                               
000070db  bmi160_get_foc_accel_x                           
00007001  bmi160_get_foc_accel_y                           
00006f3b  bmi160_get_foc_accel_z                           
0000775b  bmi160_get_foc_gyro_enable                       
00000ce5  bmi160_get_foc_rdy                               
00001ce5  bmi160_get_gyro_bw                               
00000dd3  bmi160_get_gyro_data_rdy                         
00002055  bmi160_get_gyro_fifo_filter_data                 
00008961  bmi160_get_gyro_offset_compensation_xaxis        
00008b31  bmi160_get_gyro_offset_compensation_yaxis        
00008d09  bmi160_get_gyro_offset_compensation_zaxis        
00008fab  bmi160_get_gyro_offset_enable                    
00001bc9  bmi160_get_gyro_output_data_rate                 
00000433  bmi160_get_gyro_power_mode_stat                  
00001dbf  bmi160_get_gyro_range                            
00000c49  bmi160_get_gyro_selftest                         
00008377  bmi160_get_gyro_selftest_start                   
00007f33  bmi160_get_gyro_sleep_state                      
00007d7b  bmi160_get_gyro_sleep_trigger                    
0000800d  bmi160_get_gyro_wakeup_intr                      
00007e53  bmi160_get_gyro_wakeup_trigger                   
00002a5f  bmi160_get_i2c_device_addr                       
00000267  bmi160_get_i2c_fail_err                          
00007bc7  bmi160_get_i2c_wdt_enable                        
00007ae7  bmi160_get_i2c_wdt_select                        
00007ca1  bmi160_get_if_mode                               
000041f3  bmi160_get_input_enable                          
000046ed  bmi160_get_intr_any_motion                       
00005dbf  bmi160_get_intr_any_motion_durn                  
00005f53  bmi160_get_intr_any_motion_thres                 
00005519  bmi160_get_intr_data_rdy                         
00004a31  bmi160_get_intr_double_tap                       
00003ae5  bmi160_get_intr_edge_ctrl                        
00002f23  bmi160_get_intr_enable_0                         
00003393  bmi160_get_intr_enable_1                         
000037fb  bmi160_get_intr_enable_2                         
000051fd  bmi160_get_intr_fifo_full                        
00005389  bmi160_get_intr_fifo_wm                          
00004ee1  bmi160_get_intr_flat                             
00006d83  bmi160_get_intr_flat_hold                        
00006e63  bmi160_get_intr_flat_hyst                        
00006cab  bmi160_get_intr_flat_theta                       
00004561  bmi160_get_intr_high_g                           
00005cb3  bmi160_get_intr_high_g_durn                      
00005beb  bmi160_get_intr_high_g_hyst                      
00005d39  bmi160_get_intr_high_g_thres                     
00003c6d  bmi160_get_intr_level                            
0000437f  bmi160_get_intr_low_g                            
00005937  bmi160_get_intr_low_g_durn                       
00005a43  bmi160_get_intr_low_g_hyst                       
00005b11  bmi160_get_intr_low_g_mode                       
000059bd  bmi160_get_intr_low_g_thres                      
0000577f  bmi160_get_intr_low_high_source                  
0000585d  bmi160_get_intr_motion_source                    
000048a5  bmi160_get_intr_nomotion                         
00004d4f  bmi160_get_intr_orient                           
00006bd1  bmi160_get_intr_orient_axes_enable               
00006879  bmi160_get_intr_orient_blocking                  
00006953  bmi160_get_intr_orient_hyst                      
0000679b  bmi160_get_intr_orient_mode                      
00006a1b  bmi160_get_intr_orient_theta                     
00006af3  bmi160_get_intr_orient_ud_enable                 
00003dff  bmi160_get_intr_output_type                      
0000506d  bmi160_get_intr_pmu_trig                         
000062f1  bmi160_get_intr_significant_motion_proof         
0000613d  bmi160_get_intr_significant_motion_select        
00006217  bmi160_get_intr_significant_motion_skip          
00004bc3  bmi160_get_intr_single_tap                       
00005e8b  bmi160_get_intr_slow_no_motion_durn              
0000605f  bmi160_get_intr_slow_no_motion_select            
00005fd9  bmi160_get_intr_slow_no_motion_thres             
000063cb  bmi160_get_intr_tap_durn                         
000065fb  bmi160_get_intr_tap_quiet                        
00006521  bmi160_get_intr_tap_shock                        
000056a5  bmi160_get_intr_tap_source                       
000066d5  bmi160_get_intr_tap_thres                        
0000411b  bmi160_get_latch_intr                            
00002b27  bmi160_get_mag_burst                             
00000303  bmi160_get_mag_dada_rdy_err                      
00002cb9  bmi160_get_mag_manual_enable                     
00000c97  bmi160_get_mag_manual_operation_stat             
00002bed  bmi160_get_mag_offset                            
00001e97  bmi160_get_mag_output_data_rate                  
000003e1  bmi160_get_mag_power_mode_stat                   
00002d91  bmi160_get_mag_read_addr                         
00002e17  bmi160_get_mag_write_addr                        
00002e9d  bmi160_get_mag_write_data                        
000085e3  bmi160_get_nvm_counter                           
00007935  bmi160_get_nvm_prog_enable                       
00000d33  bmi160_get_nvm_rdy                               
00003f8b  bmi160_get_output_enable                         
00009701  bmi160_get_paging_enable                         
0000d6ab  bmi160_get_ptr                                   
000097db  bmi160_get_pullup_configuration                  
00000bed  bmi160_get_sensor_time                           
00008517  bmi160_get_spare0_trim                           
00007a0f  bmi160_get_spi3                                  
00008451  bmi160_get_spi_enable                            
00000f09  bmi160_get_stat0_any_motion_intr                 
00000fa5  bmi160_get_stat0_double_tap_intr                 
00001095  bmi160_get_stat0_flat_intr                       
00001041  bmi160_get_stat0_orient_intr                     
00000f57  bmi160_get_stat0_pmu_trigger_intr                
00000ebb  bmi160_get_stat0_significant_intr                
00000ff3  bmi160_get_stat0_single_tap_intr                 
00000e6f  bmi160_get_stat0_step_intr                       
0000117f  bmi160_get_stat1_data_rdy_intr                   
000011cd  bmi160_get_stat1_fifo_full_intr                  
0000121b  bmi160_get_stat1_fifo_wm_intr                    
000010e3  bmi160_get_stat1_high_g_intr                     
00001131  bmi160_get_stat1_low_g_intr                      
00001269  bmi160_get_stat1_nomotion_intr                   
000012b7  bmi160_get_stat2_any_motion_first_x              
00001303  bmi160_get_stat2_any_motion_first_y              
00001351  bmi160_get_stat2_any_motion_first_z              
000013a5  bmi160_get_stat2_any_motion_sign                 
000013f3  bmi160_get_stat2_tap_first_x                     
00001441  bmi160_get_stat2_tap_first_y                     
0000148f  bmi160_get_stat2_tap_first_z                     
000014dd  bmi160_get_stat2_tap_sign                        
00001703  bmi160_get_stat3_flat                            
0000152b  bmi160_get_stat3_high_g_first_x                  
00001577  bmi160_get_stat3_high_g_first_y                  
000015c5  bmi160_get_stat3_high_g_first_z                  
00001613  bmi160_get_stat3_high_g_sign                     
00001661  bmi160_get_stat3_orient_xy                       
000016b5  bmi160_get_stat3_orient_z                        
000090c7  bmi160_get_step_config                           
00009299  bmi160_get_step_counter_enable                   
00003a15  bmi160_get_step_detector_enable                  
00009627  bmi160_get_target_page                           
00001751  bmi160_get_temp                                  
0000e217  bmi160_i2c_burst_read                            
0000e1eb  bmi160_i2c_bus_read                              
0000e249  bmi160_i2c_bus_write                             
000000e5  bmi160_init                                      
0000d6c5  bmi160_initialize_sensor                         
0000e139  bmi160_interrupt_configuration                   
000093f1  bmi160_map_significant_motion_intr               
000094d9  bmi160_map_step_detector_intr                    
00000a7d  bmi160_read_accel_x                              
00000b79  bmi160_read_accel_xyz                            
00000ad1  bmi160_read_accel_y                              
00000b25  bmi160_read_accel_z                              
0000b761  bmi160_read_bmm150_mag_trim                      
0000bf25  bmi160_read_bst_akm_sensitivity_data             
000098b9  bmi160_read_fifo_header_data                     
0000a289  bmi160_read_fifo_headerless_mode                 
00000909  bmi160_read_gyro_x                               
00000a05  bmi160_read_gyro_xyz                             
0000095d  bmi160_read_gyro_y                               
000009b1  bmi160_read_gyro_z                               
000006d9  bmi160_read_mag_r                                
000004cf  bmi160_read_mag_x                                
00000743  bmi160_read_mag_xyz                              
0000084d  bmi160_read_mag_xyzr                             
0000057d  bmi160_read_mag_y                                
0000062b  bmi160_read_mag_z                                
00000189  bmi160_read_reg                                  
00009073  bmi160_read_step_count                           
0000196b  bmi160_set_accel_bw                              
00002245  bmi160_set_accel_fifo_filter_data                
000071b9  bmi160_set_accel_foc_trigger                     
000086f7  bmi160_set_accel_offset_compensation_xaxis       
000087dd  bmi160_set_accel_offset_compensation_yaxis       
000088c7  bmi160_set_accel_offset_compensation_zaxis       
00008f29  bmi160_set_accel_offset_enable                   
0000188b  bmi160_set_accel_output_data_rate                
00001b25  bmi160_set_accel_range                           
000082eb  bmi160_set_accel_selftest_amp                    
00008133  bmi160_set_accel_selftest_axis                   
00008211  bmi160_set_accel_selftest_sign                   
00001a4d  bmi160_set_accel_under_sampling_parameter        
0000b181  bmi160_set_bmm150_mag_and_secondary_if_power_mode
0000b405  bmi160_set_bmm150_mag_presetmode                 
0000c315  bmi160_set_bst_akm_and_secondary_if_powermode    
000095ed  bmi160_set_command_register                      
000028f3  bmi160_set_fifo_accel_enable                     
0000217d  bmi160_set_fifo_down_accel                       
00001fd3  bmi160_set_fifo_down_gyro                        
000029d3  bmi160_set_fifo_gyro_enable                      
0000273f  bmi160_set_fifo_header_enable                    
00002819  bmi160_set_fifo_mag_enable                       
000023ab  bmi160_set_fifo_stop_on_full                     
00002651  bmi160_set_fifo_tag_intr1_enable                 
0000255f  bmi160_set_fifo_tag_intr2_enable                 
00002485  bmi160_set_fifo_time_enable                      
00002325  bmi160_set_fifo_wm                               
00007129  bmi160_set_foc_accel_x                           
0000704f  bmi160_set_foc_accel_y                           
00006f87  bmi160_set_foc_accel_z                           
000077a9  bmi160_set_foc_gyro_enable                       
00001d33  bmi160_set_gyro_bw                               
000020a3  bmi160_set_gyro_fifo_filter_data                 
00008a15  bmi160_set_gyro_offset_compensation_xaxis        
00008bed  bmi160_set_gyro_offset_compensation_yaxis        
00008dbf  bmi160_set_gyro_offset_compensation_zaxis        
00008ff9  bmi160_set_gyro_offset_enable                    
00001c15  bmi160_set_gyro_output_data_rate                 
00001e0b  bmi160_set_gyro_range                            
000083c5  bmi160_set_gyro_selftest_start                   
00007f81  bmi160_set_gyro_sleep_state                      
00007dc7  bmi160_set_gyro_sleep_trigger                    
0000805b  bmi160_set_gyro_wakeup_intr                      
00007ea1  bmi160_set_gyro_wakeup_trigger                   
00002aad  bmi160_set_i2c_device_addr                       
00007c15  bmi160_set_i2c_wdt_enable                        
00007b35  bmi160_set_i2c_wdt_select                        
00007cef  bmi160_set_if_mode                               
0000428d  bmi160_set_input_enable                          
00004787  bmi160_set_intr_any_motion                       
00005e0b  bmi160_set_intr_any_motion_durn                  
00005f9f  bmi160_set_intr_any_motion_thres                 
000055b3  bmi160_set_intr_data_rdy                         
00004acb  bmi160_set_intr_double_tap                       
00003b7b  bmi160_set_intr_edge_ctrl                        
000030b9  bmi160_set_intr_enable_0                         
00003521  bmi160_set_intr_enable_1                         
000038c3  bmi160_set_intr_enable_2                         
00005297  bmi160_set_intr_fifo_full                        
00005423  bmi160_set_intr_fifo_wm                          
00004f7b  bmi160_set_intr_flat                             
00006dd1  bmi160_set_intr_flat_hold                        
00006eaf  bmi160_set_intr_flat_hyst                        
00006cf7  bmi160_set_intr_flat_theta                       
000045fb  bmi160_set_intr_high_g                           
00005cff  bmi160_set_intr_high_g_durn                      
00005c39  bmi160_set_intr_high_g_hyst                      
00005d85  bmi160_set_intr_high_g_thres                     
00003d07  bmi160_set_intr_level                            
00004413  bmi160_set_intr_low_g                            
00005983  bmi160_set_intr_low_g_durn                       
00005a8f  bmi160_set_intr_low_g_hyst                       
00005b5f  bmi160_set_intr_low_g_mode                       
00005a09  bmi160_set_intr_low_g_thres                      
000057d1  bmi160_set_intr_low_high_source                  
000058ab  bmi160_set_intr_motion_source                    
0000493f  bmi160_set_intr_nomotion                         
00004de9  bmi160_set_intr_orient                           
00006c1f  bmi160_set_intr_orient_axes_enable               
000068c7  bmi160_set_intr_orient_blocking                  
000069a1  bmi160_set_intr_orient_hyst                      
000067ed  bmi160_set_intr_orient_mode                      
00006a67  bmi160_set_intr_orient_theta                     
00006b45  bmi160_set_intr_orient_ud_enable                 
00003e99  bmi160_set_intr_output_type                      
00005103  bmi160_set_intr_pmu_trig                         
0000633f  bmi160_set_intr_significant_motion_proof         
0000618b  bmi160_set_intr_significant_motion_select        
00006265  bmi160_set_intr_significant_motion_skip          
00004c5d  bmi160_set_intr_single_tap                       
00005ed9  bmi160_set_intr_slow_no_motion_durn              
000060ab  bmi160_set_intr_slow_no_motion_select            
00006025  bmi160_set_intr_slow_no_motion_thres             
00006417  bmi160_set_intr_tap_durn                         
00006649  bmi160_set_intr_tap_quiet                        
0000656f  bmi160_set_intr_tap_shock                        
000056f3  bmi160_set_intr_tap_source                       
00006721  bmi160_set_intr_tap_thres                        
00004167  bmi160_set_latch_intr                            
00002b73  bmi160_set_mag_burst                             
00002d07  bmi160_set_mag_manual_enable                     
00002c3b  bmi160_set_mag_offset                            
00001ee3  bmi160_set_mag_output_data_rate                  
00002ddd  bmi160_set_mag_read_addr                         
00002e63  bmi160_set_mag_write_addr                        
00002ee9  bmi160_set_mag_write_data                        
00008631  bmi160_set_nvm_counter                           
00007983  bmi160_set_nvm_prog_enable                       
00004025  bmi160_set_output_enable                         
0000974f  bmi160_set_paging_enable                         
00009829  bmi160_set_pullup_configuration                  
00008569  bmi160_set_spare0_trim                           
00007a5b  bmi160_set_spi3                                  
0000849d  bmi160_set_spi_enable                            
00009185  bmi160_set_step_config                           
000092e7  bmi160_set_step_counter_enable                   
00003a6b  bmi160_set_step_detector_enable                  
00009373  bmi160_set_step_mode                             
00009675  bmi160_set_target_page                           
0000e275  bmi160_spi_bus_read                              
0000e293  bmi160_spi_bus_write                             
00000145  bmi160_write_reg                                 
20006fde  burstMode                                        
0000fbd5  copy_in                                          
0000faa5  exit                                             
20006b54  g_ui32ByteCount                                  
2000636c  gyro_fifo                                        
20006b3e  gyroxyz                                          
20006fa4  i2cConfig                                        
0000e1b3  i2c_routine                                      
0000e32b  initI2C                                          
0000ec55  init_RGBLEDS                                     
00000000  interruptVectors                                 
20006b5c  ledI2CReady                                      
0000f237  light2LED                                        
200066d8  mag_fifo                                         
00010049  main                                             
20006fd4  main_func_sp                                     
0000f639  memcpy                                           
0000f761  memset                                           
20006b64  pData                                            
0000e4ad  readBurstI2C                                     
0000e3df  readI2C                                          
20006b14  s_bmi160                                         
20006b68  sensorI2CReady                                   
0000efb1  sensorOpt3001Enable                              
0000efa5  sensorOpt3001Init                                
0000efdd  sensorOpt3001Read                                
0000f041  sensorOpt3001Test                                
0000e1d5  spi_routine                                      
20006fdc  ticks_count                                      
20006b6f  ui8DummyRead                                     
20006b70  ui8Status                                        
20006b74  v_fifo_data_u8                                   
0000e349  writeI2C                                         


GLOBAL SYMBOLS: SORTED BY Symbol Address 

address   name                                             
-------   ----                                             
00000000  __TI_static_base__                               
00000000  interruptVectors                                 
000000e5  bmi160_init                                      
00000145  bmi160_write_reg                                 
00000189  bmi160_read_reg                                  
000001cd  bmi160_get_fatal_err                             
00000200  __STACK_SIZE                                     
00000219  bmi160_get_err_code                              
00000267  bmi160_get_i2c_fail_err                          
000002b5  bmi160_get_drop_cmd_err                          
00000303  bmi160_get_mag_dada_rdy_err                      
00000351  bmi160_get_error_status                          
000003e1  bmi160_get_mag_power_mode_stat                   
00000433  bmi160_get_gyro_power_mode_stat                  
00000481  bmi160_get_accel_power_mode_stat                 
000004cf  bmi160_read_mag_x                                
0000057d  bmi160_read_mag_y                                
0000062b  bmi160_read_mag_z                                
000006d9  bmi160_read_mag_r                                
00000743  bmi160_read_mag_xyz                              
0000084d  bmi160_read_mag_xyzr                             
00000909  bmi160_read_gyro_x                               
0000095d  bmi160_read_gyro_y                               
000009b1  bmi160_read_gyro_z                               
00000a05  bmi160_read_gyro_xyz                             
00000a7d  bmi160_read_accel_x                              
00000ad1  bmi160_read_accel_y                              
00000b25  bmi160_read_accel_z                              
00000b79  bmi160_read_accel_xyz                            
00000bed  bmi160_get_sensor_time                           
00000c49  bmi160_get_gyro_selftest                         
00000c97  bmi160_get_mag_manual_operation_stat             
00000ce5  bmi160_get_foc_rdy                               
00000d33  bmi160_get_nvm_rdy                               
00000d85  bmi160_get_data_rdy_mag                          
00000dd3  bmi160_get_gyro_data_rdy                         
00000e21  bmi160_get_accel_data_rdy                        
00000e6f  bmi160_get_stat0_step_intr                       
00000ebb  bmi160_get_stat0_significant_intr                
00000f09  bmi160_get_stat0_any_motion_intr                 
00000f57  bmi160_get_stat0_pmu_trigger_intr                
00000fa5  bmi160_get_stat0_double_tap_intr                 
00000ff3  bmi160_get_stat0_single_tap_intr                 
00001041  bmi160_get_stat0_orient_intr                     
00001095  bmi160_get_stat0_flat_intr                       
000010e3  bmi160_get_stat1_high_g_intr                     
00001131  bmi160_get_stat1_low_g_intr                      
0000117f  bmi160_get_stat1_data_rdy_intr                   
000011cd  bmi160_get_stat1_fifo_full_intr                  
0000121b  bmi160_get_stat1_fifo_wm_intr                    
00001269  bmi160_get_stat1_nomotion_intr                   
000012b7  bmi160_get_stat2_any_motion_first_x              
00001303  bmi160_get_stat2_any_motion_first_y              
00001351  bmi160_get_stat2_any_motion_first_z              
000013a5  bmi160_get_stat2_any_motion_sign                 
000013f3  bmi160_get_stat2_tap_first_x                     
00001441  bmi160_get_stat2_tap_first_y                     
0000148f  bmi160_get_stat2_tap_first_z                     
000014dd  bmi160_get_stat2_tap_sign                        
0000152b  bmi160_get_stat3_high_g_first_x                  
00001577  bmi160_get_stat3_high_g_first_y                  
000015c5  bmi160_get_stat3_high_g_first_z                  
00001613  bmi160_get_stat3_high_g_sign                     
00001661  bmi160_get_stat3_orient_xy                       
000016b5  bmi160_get_stat3_orient_z                        
00001703  bmi160_get_stat3_flat                            
00001751  bmi160_get_temp                                  
000017a5  bmi160_fifo_length                               
00001805  bmi160_fifo_data                                 
0000183f  bmi160_get_accel_output_data_rate                
0000188b  bmi160_set_accel_output_data_rate                
0000191d  bmi160_get_accel_bw                              
0000196b  bmi160_set_accel_bw                              
000019ff  bmi160_get_accel_under_sampling_parameter        
00001a4d  bmi160_set_accel_under_sampling_parameter        
00001ad9  bmi160_get_accel_range                           
00001b25  bmi160_set_accel_range                           
00001bc9  bmi160_get_gyro_output_data_rate                 
00001c15  bmi160_set_gyro_output_data_rate                 
00001ce5  bmi160_get_gyro_bw                               
00001d33  bmi160_set_gyro_bw                               
00001dbf  bmi160_get_gyro_range                            
00001e0b  bmi160_set_gyro_range                            
00001e97  bmi160_get_mag_output_data_rate                  
00001ee3  bmi160_set_mag_output_data_rate                  
00001f87  bmi160_get_fifo_down_gyro                        
00001fd3  bmi160_set_fifo_down_gyro                        
00002055  bmi160_get_gyro_fifo_filter_data                 
000020a3  bmi160_set_gyro_fifo_filter_data                 
0000212f  bmi160_get_fifo_down_accel                       
0000217d  bmi160_set_fifo_down_accel                       
000021f7  bmi160_get_accel_fifo_filter_data                
00002245  bmi160_set_accel_fifo_filter_data                
000022d1  bmi160_get_fifo_wm                               
00002325  bmi160_set_fifo_wm                               
0000235f  bmi160_get_fifo_stop_on_full                     
000023ab  bmi160_set_fifo_stop_on_full                     
00002437  bmi160_get_fifo_time_enable                      
00002485  bmi160_set_fifo_time_enable                      
00002511  bmi160_get_fifo_tag_intr2_enable                 
0000255f  bmi160_set_fifo_tag_intr2_enable                 
000025ff  bmi160_get_fifo_tag_intr1_enable                 
00002651  bmi160_set_fifo_tag_intr1_enable                 
000026f1  bmi160_get_fifo_header_enable                    
0000273f  bmi160_set_fifo_header_enable                    
000027cb  bmi160_get_fifo_mag_enable                       
00002819  bmi160_set_fifo_mag_enable                       
000028a5  bmi160_get_fifo_accel_enable                     
000028f3  bmi160_set_fifo_accel_enable                     
00002985  bmi160_get_fifo_gyro_enable                      
000029d3  bmi160_set_fifo_gyro_enable                      
00002a5f  bmi160_get_i2c_device_addr                       
00002aad  bmi160_set_i2c_device_addr                       
00002b27  bmi160_get_mag_burst                             
00002b73  bmi160_set_mag_burst                             
00002bed  bmi160_get_mag_offset                            
00002c3b  bmi160_set_mag_offset                            
00002cb9  bmi160_get_mag_manual_enable                     
00002d07  bmi160_set_mag_manual_enable                     
00002d91  bmi160_get_mag_read_addr                         
00002ddd  bmi160_set_mag_read_addr                         
00002e17  bmi160_get_mag_write_addr                        
00002e63  bmi160_set_mag_write_addr                        
00002e9d  bmi160_get_mag_write_data                        
00002ee9  bmi160_set_mag_write_data                        
00002f23  bmi160_get_intr_enable_0                         
000030b9  bmi160_set_intr_enable_0                         
00003393  bmi160_get_intr_enable_1                         
00003521  bmi160_set_intr_enable_1                         
000037fb  bmi160_get_intr_enable_2                         
000038c3  bmi160_set_intr_enable_2                         
00003a15  bmi160_get_step_detector_enable                  
00003a6b  bmi160_set_step_detector_enable                  
00003ae5  bmi160_get_intr_edge_ctrl                        
00003b7b  bmi160_set_intr_edge_ctrl                        
00003c6d  bmi160_get_intr_level                            
00003d07  bmi160_set_intr_level                            
00003dff  bmi160_get_intr_output_type                      
00003e99  bmi160_set_intr_output_type                      
00003f8b  bmi160_get_output_enable                         
00004025  bmi160_set_output_enable                         
0000411b  bmi160_get_latch_intr                            
00004167  bmi160_set_latch_intr                            
000041f3  bmi160_get_input_enable                          
0000428d  bmi160_set_input_enable                          
0000437f  bmi160_get_intr_low_g                            
00004413  bmi160_set_intr_low_g                            
00004561  bmi160_get_intr_high_g                           
000045fb  bmi160_set_intr_high_g                           
000046ed  bmi160_get_intr_any_motion                       
00004787  bmi160_set_intr_any_motion                       
000048a5  bmi160_get_intr_nomotion                         
0000493f  bmi160_set_intr_nomotion                         
00004a31  bmi160_get_intr_double_tap                       
00004acb  bmi160_set_intr_double_tap                       
00004bc3  bmi160_get_intr_single_tap                       
00004c5d  bmi160_set_intr_single_tap                       
00004d4f  bmi160_get_intr_orient                           
00004de9  bmi160_set_intr_orient                           
00004ee1  bmi160_get_intr_flat                             
00004f7b  bmi160_set_intr_flat                             
0000506d  bmi160_get_intr_pmu_trig                         
00005103  bmi160_set_intr_pmu_trig                         
000051fd  bmi160_get_intr_fifo_full                        
00005297  bmi160_set_intr_fifo_full                        
00005389  bmi160_get_intr_fifo_wm                          
00005423  bmi160_set_intr_fifo_wm                          
00005519  bmi160_get_intr_data_rdy                         
000055b3  bmi160_set_intr_data_rdy                         
000056a5  bmi160_get_intr_tap_source                       
000056f3  bmi160_set_intr_tap_source                       
0000577f  bmi160_get_intr_low_high_source                  
000057d1  bmi160_set_intr_low_high_source                  
0000585d  bmi160_get_intr_motion_source                    
000058ab  bmi160_set_intr_motion_source                    
00005937  bmi160_get_intr_low_g_durn                       
00005983  bmi160_set_intr_low_g_durn                       
000059bd  bmi160_get_intr_low_g_thres                      
00005a09  bmi160_set_intr_low_g_thres                      
00005a43  bmi160_get_intr_low_g_hyst                       
00005a8f  bmi160_set_intr_low_g_hyst                       
00005b11  bmi160_get_intr_low_g_mode                       
00005b5f  bmi160_set_intr_low_g_mode                       
00005beb  bmi160_get_intr_high_g_hyst                      
00005c39  bmi160_set_intr_high_g_hyst                      
00005cb3  bmi160_get_intr_high_g_durn                      
00005cff  bmi160_set_intr_high_g_durn                      
00005d39  bmi160_get_intr_high_g_thres                     
00005d85  bmi160_set_intr_high_g_thres                     
00005dbf  bmi160_get_intr_any_motion_durn                  
00005e0b  bmi160_set_intr_any_motion_durn                  
00005e8b  bmi160_get_intr_slow_no_motion_durn              
00005ed9  bmi160_set_intr_slow_no_motion_durn              
00005f53  bmi160_get_intr_any_motion_thres                 
00005f9f  bmi160_set_intr_any_motion_thres                 
00005fd9  bmi160_get_intr_slow_no_motion_thres             
00006025  bmi160_set_intr_slow_no_motion_thres             
0000605f  bmi160_get_intr_slow_no_motion_select            
000060ab  bmi160_set_intr_slow_no_motion_select            
0000613d  bmi160_get_intr_significant_motion_select        
0000618b  bmi160_set_intr_significant_motion_select        
00006217  bmi160_get_intr_significant_motion_skip          
00006265  bmi160_set_intr_significant_motion_skip          
000062f1  bmi160_get_intr_significant_motion_proof         
0000633f  bmi160_set_intr_significant_motion_proof         
000063cb  bmi160_get_intr_tap_durn                         
00006417  bmi160_set_intr_tap_durn                         
00006521  bmi160_get_intr_tap_shock                        
0000656f  bmi160_set_intr_tap_shock                        
000065fb  bmi160_get_intr_tap_quiet                        
00006649  bmi160_set_intr_tap_quiet                        
000066d5  bmi160_get_intr_tap_thres                        
00006721  bmi160_set_intr_tap_thres                        
0000679b  bmi160_get_intr_orient_mode                      
000067ed  bmi160_set_intr_orient_mode                      
00006879  bmi160_get_intr_orient_blocking                  
000068c7  bmi160_set_intr_orient_blocking                  
00006953  bmi160_get_intr_orient_hyst                      
000069a1  bmi160_set_intr_orient_hyst                      
00006a1b  bmi160_get_intr_orient_theta                     
00006a67  bmi160_set_intr_orient_theta                     
00006af3  bmi160_get_intr_orient_ud_enable                 
00006b45  bmi160_set_intr_orient_ud_enable                 
00006bd1  bmi160_get_intr_orient_axes_enable               
00006c1f  bmi160_set_intr_orient_axes_enable               
00006cab  bmi160_get_intr_flat_theta                       
00006cf7  bmi160_set_intr_flat_theta                       
00006d83  bmi160_get_intr_flat_hold                        
00006dd1  bmi160_set_intr_flat_hold                        
00006e63  bmi160_get_intr_flat_hyst                        
00006eaf  bmi160_set_intr_flat_hyst                        
00006f3b  bmi160_get_foc_accel_z                           
00006f87  bmi160_set_foc_accel_z                           
00007001  bmi160_get_foc_accel_y                           
0000704f  bmi160_set_foc_accel_y                           
000070db  bmi160_get_foc_accel_x                           
00007129  bmi160_set_foc_accel_x                           
000071b9  bmi160_set_accel_foc_trigger                     
00007511  bmi160_accel_foc_trigger_xyz                     
0000775b  bmi160_get_foc_gyro_enable                       
000077a9  bmi160_set_foc_gyro_enable                       
00007935  bmi160_get_nvm_prog_enable                       
00007983  bmi160_set_nvm_prog_enable                       
00007a0f  bmi160_get_spi3                                  
00007a5b  bmi160_set_spi3                                  
00007ae7  bmi160_get_i2c_wdt_select                        
00007b35  bmi160_set_i2c_wdt_select                        
00007bc7  bmi160_get_i2c_wdt_enable                        
00007c15  bmi160_set_i2c_wdt_enable                        
00007ca1  bmi160_get_if_mode                               
00007cef  bmi160_set_if_mode                               
00007d7b  bmi160_get_gyro_sleep_trigger                    
00007dc7  bmi160_set_gyro_sleep_trigger                    
00007e53  bmi160_get_gyro_wakeup_trigger                   
00007ea1  bmi160_set_gyro_wakeup_trigger                   
00007f33  bmi160_get_gyro_sleep_state                      
00007f81  bmi160_set_gyro_sleep_state                      
0000800d  bmi160_get_gyro_wakeup_intr                      
0000805b  bmi160_set_gyro_wakeup_intr                      
000080e7  bmi160_get_accel_selftest_axis                   
00008133  bmi160_set_accel_selftest_axis                   
000081bf  bmi160_get_accel_selftest_sign                   
00008211  bmi160_set_accel_selftest_sign                   
0000829d  bmi160_get_accel_selftest_amp                    
000082eb  bmi160_set_accel_selftest_amp                    
00008377  bmi160_get_gyro_selftest_start                   
000083c5  bmi160_set_gyro_selftest_start                   
00008451  bmi160_get_spi_enable                            
0000849d  bmi160_set_spi_enable                            
00008517  bmi160_get_spare0_trim                           
00008569  bmi160_set_spare0_trim                           
000085e3  bmi160_get_nvm_counter                           
00008631  bmi160_set_nvm_counter                           
000086ab  bmi160_get_accel_offset_compensation_xaxis       
000086f7  bmi160_set_accel_offset_compensation_xaxis       
00008791  bmi160_get_accel_offset_compensation_yaxis       
000087dd  bmi160_set_accel_offset_compensation_yaxis       
0000887b  bmi160_get_accel_offset_compensation_zaxis       
000088c7  bmi160_set_accel_offset_compensation_zaxis       
00008961  bmi160_get_gyro_offset_compensation_xaxis        
00008a15  bmi160_set_gyro_offset_compensation_xaxis        
00008b31  bmi160_get_gyro_offset_compensation_yaxis        
00008bed  bmi160_set_gyro_offset_compensation_yaxis        
00008d09  bmi160_get_gyro_offset_compensation_zaxis        
00008dbf  bmi160_set_gyro_offset_compensation_zaxis        
00008edb  bmi160_get_accel_offset_enable                   
00008f29  bmi160_set_accel_offset_enable                   
00008fab  bmi160_get_gyro_offset_enable                    
00008ff9  bmi160_set_gyro_offset_enable                    
00009073  bmi160_read_step_count                           
000090c7  bmi160_get_step_config                           
00009185  bmi160_set_step_config                           
00009299  bmi160_get_step_counter_enable                   
000092e7  bmi160_set_step_counter_enable                   
00009373  bmi160_set_step_mode                             
000093f1  bmi160_map_significant_motion_intr               
000094d9  bmi160_map_step_detector_intr                    
000095c1  bmi160_clear_step_counter                        
000095ed  bmi160_set_command_register                      
00009627  bmi160_get_target_page                           
00009675  bmi160_set_target_page                           
00009701  bmi160_get_paging_enable                         
0000974f  bmi160_set_paging_enable                         
000097db  bmi160_get_pullup_configuration                  
00009829  bmi160_set_pullup_configuration                  
000098b9  bmi160_read_fifo_header_data                     
0000a289  bmi160_read_fifo_headerless_mode                 
0000abb5  bmi160_bmm150_mag_compensate_xyz                 
0000ac11  bmi160_bmm150_mag_compensate_X                   
0000acbb  bmi160_bmm150_mag_compensate_Y                   
0000ad65  bmi160_bmm150_mag_compensate_Z                   
0000ae05  bmi160_bmm150_mag_interface_init                 
0000b0b1  bmi160_bmm150_mag_wakeup                         
0000b181  bmi160_set_bmm150_mag_and_secondary_if_power_mode
0000b2a7  bmi160_bmm150_mag_set_power_mode                 
0000b405  bmi160_set_bmm150_mag_presetmode                 
0000b761  bmi160_read_bmm150_mag_trim                      
0000bc05  bmi160_bst_akm_mag_interface_init                
0000bf25  bmi160_read_bst_akm_sensitivity_data             
0000c00d  bmi160_bst_akm_compensate_X                      
0000c03f  bmi160_bst_akm_compensate_Y                      
0000c071  bmi160_bst_akm_compensate_Z                      
0000c0a3  bmi160_bst_akm_compensate_xyz                    
0000c0f1  bmi160_bst_akm_set_powermode                     
0000c315  bmi160_set_bst_akm_and_secondary_if_powermode    
0000c47b  bmi160_bst_yamaha_yas532_mag_interface_init      
0000c7b1  bmi160_bst_yas532_set_initial_values             
0000c911  bmi160_bst_yas532_magnetic_measure_set_offset    
0000caa1  bmi160_bst_yamaha_yas532_calib_values            
0000ce59  bmi160_bst_yas532_xy1y2_to_linear                
0000cef5  bmi160_bst_yas532_normal_measurement_data        
0000d069  bmi160_bst_yas532_measurement_xyz_data           
0000d4e1  bmi160_bst_yas532_acquisition_command_register   
0000d5a5  bmi160_bst_yas532_set_offset                     
0000d6ab  bmi160_get_ptr                                   
0000d6c5  bmi160_initialize_sensor                         
0000d701  bmi160_config_running_mode                       
0000e139  bmi160_interrupt_configuration                   
0000e1b3  i2c_routine                                      
0000e1d5  spi_routine                                      
0000e1eb  bmi160_i2c_bus_read                              
0000e217  bmi160_i2c_burst_read                            
0000e249  bmi160_i2c_bus_write                             
0000e275  bmi160_spi_bus_read                              
0000e293  bmi160_spi_bus_write                             
0000e2b1  bmi160_delay_ms                                  
0000e32b  initI2C                                          
0000e349  writeI2C                                         
0000e3df  readI2C                                          
0000e4ad  readBurstI2C                                     
0000e585  EUSCIB1_IRQHandler                               
0000e585  EUSCIB1_IRQHandler                               
0000e64d  SystemCoreClockUpdate                            
0000e8c5  SystemInit                                       
0000ea05  G8RTOS_Scheduler                                 
0000ea27  SysTick_Handler                                  
0000ea27  SysTick_Handler                                  
0000ea51  G8RTOS_Init                                      
0000ea95  G8RTOS_Launch                                    
0000eaeb  G8RTOS_AddThread                                 
0000ec55  init_RGBLEDS                                     
0000ecb1  LP3943_LedModeSet                                
0000ed89  Thread1                                          
0000ede3  Thread2                                          
0000ee3d  Thread3                                          
0000eea1  CS_getDCOFrequency                               
0000efa5  sensorOpt3001Init                                
0000efb1  sensorOpt3001Enable                              
0000efdd  sensorOpt3001Read                                
0000f041  sensorOpt3001Test                                
0000f0a3  __aeabi_dmul                                     
0000f19f  accel2LED                                        
0000f237  light2LED                                        
0000f293  __mpu_init                                       
0000f295  CS_initClockSignal                               
0000f501  CS_startHFXTWithTimeout                          
0000f639  __aeabi_memcpy                                   
0000f639  __aeabi_memcpy4                                  
0000f639  __aeabi_memcpy8                                  
0000f639  memcpy                                           
0000f6d5  ClockSys_SetMaxFreq                              
0000f743  ClockSys_GetSysFreq                              
0000f759  __aeabi_memclr                                   
0000f759  __aeabi_memclr4                                  
0000f759  __aeabi_memclr8                                  
0000f75b  __aeabi_memset                                   
0000f75b  __aeabi_memset4                                  
0000f75b  __aeabi_memset8                                  
0000f761  memset                                           
0000f7d3  _system_post_cinit                               
0000f845  __TI_auto_init                                   
0000f8b5  __TI_decompress_lzss                             
0000f91d  Interrupt_disableInterrupt                       
0000f981  Interrupt_enableInterrupt                        
0000f9e5  G8RTOS_InitSemaphore                             
0000f9ff  G8RTOS_WaitSemaphore                             
0000fa29  G8RTOS_SignalSemaphore                           
0000fa45  _c_int00                                         
0000fa99  C$$EXIT                                          
0000fa9d  abort                                            
0000faa5  exit                                             
0000faed  SysCtl_getTLVInfo                                
0000fb3d  GPIO_setAsPeripheralModuleFunctionOutputPin      
0000fbd5  copy_in                                          
0000fc69  __aeabi_d2uiz                                    
0000fcad  I2C_initMaster                                   
0000fcf1  G8RTOS_Start                                     
0000fd03  PendSV_Handler                                   
0000fd03  PendSV_Handler                                   
0000fd25  I2C_masterSendMultiByteStart                     
0000fd5d  I2C_masterSendMultiByteStop                      
0000fd8d  __aeabi_i2d                                      
0000fdbb  PCM_getCoreVoltageLevel                          
0000fde7  PCM_getPowerMode                                 
0000fe11  FlashCtl_setWaitState                            
0000fe39  DelayMs                                          
0000fe61  CS_clearInterruptFlag                            
0000fe85  I2C_masterSendMultiByteNext                      
0000fea9  BSP_InitBoard                                    
0000fecd  CS_getMCLK                                       
0000fee5  CS_getSMCLK                                      
0000fefd  WDT_A_clearTimer                                 
0000ff15  WDT_A_holdTimer                                  
0000ff2d  _args_main                                       
0000ff45  CS_setExternalClockSourceFrequency               
0000ff59  I2C_isBusBusy                                    
0000ff6d  SysTick_enableInterrupt                          
0000ff81  _register_unlock                                 
0000ff87  _register_lock                                   
0000ff8f  _nop                                             
0000ff95  I2C_masterReceiveStart                           
0000ffa5  SysCtl_disableNMISource                          
0000ffb5  SysCtl_enableNMISource                           
0000ffc5  StartCriticalSection                             
0000ffcd  EndCriticalSection                               
0000ffd3  I2C_clearInterruptFlag                           
0000ffe1  I2C_disableInterrupt                             
0000ffef  __TI_decompress_none                             
0000fffd  Reset_Handler                                    
00010009  ADC14_IRQHandler                                 
00010009  AES256_IRQHandler                                
00010009  BusFault_Handler                                 
00010009  COMP_E0_IRQHandler                               
00010009  COMP_E1_IRQHandler                               
00010009  CS_IRQHandler                                    
00010009  DMA_ERR_IRQHandler                               
00010009  DMA_INT0_IRQHandler                              
00010009  DMA_INT1_IRQHandler                              
00010009  DMA_INT2_IRQHandler                              
00010009  DMA_INT3_IRQHandler                              
00010009  DebugMon_Handler                                 
00010009  Default_Handler                                  
00010009  EUSCIA0_IRQHandler                               
00010009  EUSCIA1_IRQHandler                               
00010009  EUSCIA2_IRQHandler                               
00010009  EUSCIA3_IRQHandler                               
00010009  EUSCIB0_IRQHandler                               
00010009  EUSCIB2_IRQHandler                               
00010009  EUSCIB3_IRQHandler                               
00010009  FLCTL_IRQHandler                                 
00010009  FPU_IRQHandler                                   
00010009  HardFault_Handler                                
00010009  MemManage_Handler                                
00010009  NMI_Handler                                      
00010009  PCM_IRQHandler                                   
00010009  PORT1_IRQHandler                                 
00010009  PORT2_IRQHandler                                 
00010009  PORT3_IRQHandler                                 
00010009  PORT4_IRQHandler                                 
00010009  PORT5_IRQHandler                                 
00010009  PORT6_IRQHandler                                 
00010009  PSS_IRQHandler                                   
00010009  RTC_C_IRQHandler                                 
00010009  SVC_Handler                                      
00010009  T32_INT1_IRQHandler                              
00010009  T32_INT2_IRQHandler                              
00010009  T32_INTC_IRQHandler                              
00010009  TA0_0_IRQHandler                                 
00010009  TA0_N_IRQHandler                                 
00010009  TA1_0_IRQHandler                                 
00010009  TA1_N_IRQHandler                                 
00010009  TA2_0_IRQHandler                                 
00010009  TA2_N_IRQHandler                                 
00010009  TA3_0_IRQHandler                                 
00010009  TA3_N_IRQHandler                                 
00010009  UsageFault_Handler                               
00010009  WDT_A_IRQHandler                                 
0001000b  I2C_disableModule                                
00010017  I2C_enableModule                                 
00010025  PCM_getPowerState                                
00010031  SysCtl_getNMISourceStatus                        
0001003d  __TI_zero_init                                   
00010049  main                                             
00010055  I2C_enableInterrupt                              
0001005d  PCM_setCoreVoltageLevel                          
00010065  PCM_setPowerMode                                 
0001006d  CS_startHFXT                                     
00010073  I2C_getEnabledInterruptStatus                    
00010079  I2C_getInterruptStatus                           
0001007f  I2C_masterReceiveMultiByteNext                   
00010085  SysCtlDelay                                      
0001008b  I2C_setSlaveAddress                              
0001008f  _system_pre_init                                 
0001013c  __TI_Handler_Table_Base                          
00010148  __TI_Handler_Table_Limit                         
00010150  __TI_CINIT_Base                                  
00010160  __TI_CINIT_Limit                                 
20006000  accel_fifo                                       
2000636c  gyro_fifo                                        
200066d8  mag_fifo                                         
20006b14  s_bmi160                                         
20006b38  accelxyz                                         
20006b3e  gyroxyz                                          
20006b4c  CurrentlyRunningThread                           
20006b50  SystemTime                                       
20006b54  g_ui32ByteCount                                  
20006b5c  ledI2CReady                                      
20006b64  pData                                            
20006b68  sensorI2CReady                                   
20006b6f  ui8DummyRead                                     
20006b70  ui8Status                                        
20006b74  v_fifo_data_u8                                   
20006fa4  i2cConfig                                        
20006fb8  __TI_cleanup_ptr                                 
20006fbc  __TI_dtors_ptr                                   
20006fc0  __TI_enable_exit_profile_output                  
20006fc4  _lock                                            
20006fc8  _unlock                                          
20006fcc  V_bmm150_maual_auto_condition_u8                 
20006fd0  V_fifo_time_U32                                  
20006fd4  main_func_sp                                     
20006fd8  SystemCoreClock                                  
20006fdc  ticks_count                                      
20006fde  burstMode                                        
2000fe00  __stack                                          
20010000  __STACK_END                                      
4000480c  WDTCTL_SYM                                       
ffffffff  __TI_pprof_out_hndl                              
ffffffff  __TI_prof_data_size                              
ffffffff  __TI_prof_data_start                             
ffffffff  __binit__                                        
ffffffff  __c_args__                                       
ffffffff  binit                                            
UNDEFED   SHT$$INIT_ARRAY$$Base                            
UNDEFED   SHT$$INIT_ARRAY$$Limit                           

[545 symbols]
