<?xml version="1.0"?>
<link_info>
   <banner>TI ARM Linker PC v16.9.6.LTS</banner>
   <copyright>Copyright (c) 1996-2017 Texas Instruments Incorporated</copyright>
   <link_time>0x5bc92272</link_time>
   <link_errors>0x0</link_errors>
   <output_file>Lab3MicroP2.out</output_file>
   <entry_point>
      <name>_c_int00</name>
      <address>0x13e79</address>
   </entry_point>
   <input_file_list>
      <input_file id="fl-2">
         <path>.\</path>
         <kind>object</kind>
         <file>main.obj</file>
         <name>main.obj</name>
      </input_file>
      <input_file id="fl-3">
         <path>.\</path>
         <kind>object</kind>
         <file>startup_msp432p401r_ccs.obj</file>
         <name>startup_msp432p401r_ccs.obj</name>
      </input_file>
      <input_file id="fl-4">
         <path>.\</path>
         <kind>object</kind>
         <file>system_msp432p401r.obj</file>
         <name>system_msp432p401r.obj</name>
      </input_file>
      <input_file id="fl-5">
         <path>.\BoardSupportPackage\src\</path>
         <kind>object</kind>
         <file>AsciiLib.obj</file>
         <name>AsciiLib.obj</name>
      </input_file>
      <input_file id="fl-6">
         <path>.\BoardSupportPackage\src\</path>
         <kind>object</kind>
         <file>BSP.obj</file>
         <name>BSP.obj</name>
      </input_file>
      <input_file id="fl-7">
         <path>.\BoardSupportPackage\src\</path>
         <kind>object</kind>
         <file>BackChannelUart.obj</file>
         <name>BackChannelUart.obj</name>
      </input_file>
      <input_file id="fl-8">
         <path>.\BoardSupportPackage\src\</path>
         <kind>object</kind>
         <file>ClockSys.obj</file>
         <name>ClockSys.obj</name>
      </input_file>
      <input_file id="fl-9">
         <path>.\BoardSupportPackage\src\</path>
         <kind>object</kind>
         <file>Joystick.obj</file>
         <name>Joystick.obj</name>
      </input_file>
      <input_file id="fl-a">
         <path>.\BoardSupportPackage\src\</path>
         <kind>object</kind>
         <file>RGBLeds.obj</file>
         <name>RGBLeds.obj</name>
      </input_file>
      <input_file id="fl-b">
         <path>.\BoardSupportPackage\src\</path>
         <kind>object</kind>
         <file>bme280.obj</file>
         <name>bme280.obj</name>
      </input_file>
      <input_file id="fl-c">
         <path>.\BoardSupportPackage\src\</path>
         <kind>object</kind>
         <file>bme280_support.obj</file>
         <name>bme280_support.obj</name>
      </input_file>
      <input_file id="fl-d">
         <path>.\BoardSupportPackage\src\</path>
         <kind>object</kind>
         <file>bmi160.obj</file>
         <name>bmi160.obj</name>
      </input_file>
      <input_file id="fl-e">
         <path>.\BoardSupportPackage\src\</path>
         <kind>object</kind>
         <file>bmi160_support.obj</file>
         <name>bmi160_support.obj</name>
      </input_file>
      <input_file id="fl-f">
         <path>.\BoardSupportPackage\src\</path>
         <kind>object</kind>
         <file>demo_sysctl.obj</file>
         <name>demo_sysctl.obj</name>
      </input_file>
      <input_file id="fl-10">
         <path>.\BoardSupportPackage\src\</path>
         <kind>object</kind>
         <file>i2c_driver.obj</file>
         <name>i2c_driver.obj</name>
      </input_file>
      <input_file id="fl-11">
         <path>.\BoardSupportPackage\src\</path>
         <kind>object</kind>
         <file>opt3001.obj</file>
         <name>opt3001.obj</name>
      </input_file>
      <input_file id="fl-12">
         <path>.\BoardSupportPackage\src\</path>
         <kind>object</kind>
         <file>tmp007.obj</file>
         <name>tmp007.obj</name>
      </input_file>
      <input_file id="fl-13">
         <path>.\G8RTOS\</path>
         <kind>object</kind>
         <file>Bean.obj</file>
         <name>Bean.obj</name>
      </input_file>
      <input_file id="fl-14">
         <path>.\G8RTOS\</path>
         <kind>object</kind>
         <file>G8RTOS_CriticalSection.obj</file>
         <name>G8RTOS_CriticalSection.obj</name>
      </input_file>
      <input_file id="fl-15">
         <path>.\G8RTOS\</path>
         <kind>object</kind>
         <file>G8RTOS_IPC.obj</file>
         <name>G8RTOS_IPC.obj</name>
      </input_file>
      <input_file id="fl-16">
         <path>.\G8RTOS\</path>
         <kind>object</kind>
         <file>G8RTOS_Scheduler.obj</file>
         <name>G8RTOS_Scheduler.obj</name>
      </input_file>
      <input_file id="fl-17">
         <path>.\G8RTOS\</path>
         <kind>object</kind>
         <file>G8RTOS_SchedulerASM.obj</file>
         <name>G8RTOS_SchedulerASM.obj</name>
      </input_file>
      <input_file id="fl-18">
         <path>.\G8RTOS\</path>
         <kind>object</kind>
         <file>G8RTOS_Semaphores.obj</file>
         <name>G8RTOS_Semaphores.obj</name>
      </input_file>
      <input_file id="fl-19">
         <path>.\G8RTOS\</path>
         <kind>object</kind>
         <file>Threads.obj</file>
         <name>Threads.obj</name>
      </input_file>
      <input_file id="fl-1e">
         <kind>object</kind>
         <file>&lt;internal&gt;</file>
         <name>&lt;internal&gt;</name>
      </input_file>
      <input_file id="fl-1f">
         <path>..\BoardSupportPackage\DriverLib\</path>
         <kind>archive</kind>
         <file>msp432p4xx_driverlib.lib</file>
         <name>cs.o</name>
      </input_file>
      <input_file id="fl-20">
         <path>..\BoardSupportPackage\DriverLib\</path>
         <kind>archive</kind>
         <file>msp432p4xx_driverlib.lib</file>
         <name>flash.o</name>
      </input_file>
      <input_file id="fl-21">
         <path>..\BoardSupportPackage\DriverLib\</path>
         <kind>archive</kind>
         <file>msp432p4xx_driverlib.lib</file>
         <name>gpio.o</name>
      </input_file>
      <input_file id="fl-22">
         <path>..\BoardSupportPackage\DriverLib\</path>
         <kind>archive</kind>
         <file>msp432p4xx_driverlib.lib</file>
         <name>i2c.o</name>
      </input_file>
      <input_file id="fl-23">
         <path>..\BoardSupportPackage\DriverLib\</path>
         <kind>archive</kind>
         <file>msp432p4xx_driverlib.lib</file>
         <name>interrupt.o</name>
      </input_file>
      <input_file id="fl-24">
         <path>..\BoardSupportPackage\DriverLib\</path>
         <kind>archive</kind>
         <file>msp432p4xx_driverlib.lib</file>
         <name>pcm.o</name>
      </input_file>
      <input_file id="fl-25">
         <path>..\BoardSupportPackage\DriverLib\</path>
         <kind>archive</kind>
         <file>msp432p4xx_driverlib.lib</file>
         <name>rtc_c.o</name>
      </input_file>
      <input_file id="fl-26">
         <path>..\BoardSupportPackage\DriverLib\</path>
         <kind>archive</kind>
         <file>msp432p4xx_driverlib.lib</file>
         <name>sysctl.o</name>
      </input_file>
      <input_file id="fl-27">
         <path>..\BoardSupportPackage\DriverLib\</path>
         <kind>archive</kind>
         <file>msp432p4xx_driverlib.lib</file>
         <name>systick.o</name>
      </input_file>
      <input_file id="fl-28">
         <path>..\BoardSupportPackage\DriverLib\</path>
         <kind>archive</kind>
         <file>msp432p4xx_driverlib.lib</file>
         <name>uart.o</name>
      </input_file>
      <input_file id="fl-29">
         <path>..\BoardSupportPackage\DriverLib\</path>
         <kind>archive</kind>
         <file>msp432p4xx_driverlib.lib</file>
         <name>wdt_a.o</name>
      </input_file>
      <input_file id="fl-2a">
         <path>..\BoardSupportPackage\DriverLib\</path>
         <kind>archive</kind>
         <file>msp432p4xx_driverlib.lib</file>
         <name>cpu.o</name>
      </input_file>
      <input_file id="fl-e0">
         <path>C:\ti\ccsv7\tools\compiler\ti-cgt-arm_16.9.6.LTS\lib\</path>
         <kind>archive</kind>
         <file>rtsv7M4_T_le_v4SPD16_eabi.lib</file>
         <name>boot.obj</name>
      </input_file>
      <input_file id="fl-e1">
         <path>C:\ti\ccsv7\tools\compiler\ti-cgt-arm_16.9.6.LTS\lib\</path>
         <kind>archive</kind>
         <file>rtsv7M4_T_le_v4SPD16_eabi.lib</file>
         <name>copy_decompress_lzss.obj</name>
      </input_file>
      <input_file id="fl-e2">
         <path>C:\ti\ccsv7\tools\compiler\ti-cgt-arm_16.9.6.LTS\lib\</path>
         <kind>archive</kind>
         <file>rtsv7M4_T_le_v4SPD16_eabi.lib</file>
         <name>copy_decompress_none.obj</name>
      </input_file>
      <input_file id="fl-e3">
         <path>C:\ti\ccsv7\tools\compiler\ti-cgt-arm_16.9.6.LTS\lib\</path>
         <kind>archive</kind>
         <file>rtsv7M4_T_le_v4SPD16_eabi.lib</file>
         <name>copy_zero_init.obj</name>
      </input_file>
      <input_file id="fl-e4">
         <path>C:\ti\ccsv7\tools\compiler\ti-cgt-arm_16.9.6.LTS\lib\</path>
         <kind>archive</kind>
         <file>rtsv7M4_T_le_v4SPD16_eabi.lib</file>
         <name>exit.obj</name>
      </input_file>
      <input_file id="fl-e5">
         <path>C:\ti\ccsv7\tools\compiler\ti-cgt-arm_16.9.6.LTS\lib\</path>
         <kind>archive</kind>
         <file>rtsv7M4_T_le_v4SPD16_eabi.lib</file>
         <name>fd_add_t2.obj</name>
      </input_file>
      <input_file id="fl-e6">
         <path>C:\ti\ccsv7\tools\compiler\ti-cgt-arm_16.9.6.LTS\lib\</path>
         <kind>archive</kind>
         <file>rtsv7M4_T_le_v4SPD16_eabi.lib</file>
         <name>fd_mul_t2.obj</name>
      </input_file>
      <input_file id="fl-e7">
         <path>C:\ti\ccsv7\tools\compiler\ti-cgt-arm_16.9.6.LTS\lib\</path>
         <kind>archive</kind>
         <file>rtsv7M4_T_le_v4SPD16_eabi.lib</file>
         <name>fd_toi_t2.obj</name>
      </input_file>
      <input_file id="fl-e8">
         <path>C:\ti\ccsv7\tools\compiler\ti-cgt-arm_16.9.6.LTS\lib\</path>
         <kind>archive</kind>
         <file>rtsv7M4_T_le_v4SPD16_eabi.lib</file>
         <name>fd_tou_t2.obj</name>
      </input_file>
      <input_file id="fl-e9">
         <path>C:\ti\ccsv7\tools\compiler\ti-cgt-arm_16.9.6.LTS\lib\</path>
         <kind>archive</kind>
         <file>rtsv7M4_T_le_v4SPD16_eabi.lib</file>
         <name>i_tofd_t2.obj</name>
      </input_file>
      <input_file id="fl-ea">
         <path>C:\ti\ccsv7\tools\compiler\ti-cgt-arm_16.9.6.LTS\lib\</path>
         <kind>archive</kind>
         <file>rtsv7M4_T_le_v4SPD16_eabi.lib</file>
         <name>ll_div_t2.obj</name>
      </input_file>
      <input_file id="fl-eb">
         <path>C:\ti\ccsv7\tools\compiler\ti-cgt-arm_16.9.6.LTS\lib\</path>
         <kind>archive</kind>
         <file>rtsv7M4_T_le_v4SPD16_eabi.lib</file>
         <name>ll_mul_t2.obj</name>
      </input_file>
      <input_file id="fl-ec">
         <path>C:\ti\ccsv7\tools\compiler\ti-cgt-arm_16.9.6.LTS\lib\</path>
         <kind>archive</kind>
         <file>rtsv7M4_T_le_v4SPD16_eabi.lib</file>
         <name>memcpy_t2.obj</name>
      </input_file>
      <input_file id="fl-ed">
         <path>C:\ti\ccsv7\tools\compiler\ti-cgt-arm_16.9.6.LTS\lib\</path>
         <kind>archive</kind>
         <file>rtsv7M4_T_le_v4SPD16_eabi.lib</file>
         <name>memset_t2.obj</name>
      </input_file>
      <input_file id="fl-ee">
         <path>C:\ti\ccsv7\tools\compiler\ti-cgt-arm_16.9.6.LTS\lib\</path>
         <kind>archive</kind>
         <file>rtsv7M4_T_le_v4SPD16_eabi.lib</file>
         <name>mpu_init.obj</name>
      </input_file>
      <input_file id="fl-ef">
         <path>C:\ti\ccsv7\tools\compiler\ti-cgt-arm_16.9.6.LTS\lib\</path>
         <kind>archive</kind>
         <file>rtsv7M4_T_le_v4SPD16_eabi.lib</file>
         <name>pre_init.obj</name>
      </input_file>
      <input_file id="fl-f0">
         <path>C:\ti\ccsv7\tools\compiler\ti-cgt-arm_16.9.6.LTS\lib\</path>
         <kind>archive</kind>
         <file>rtsv7M4_T_le_v4SPD16_eabi.lib</file>
         <name>snprintf.obj</name>
      </input_file>
      <input_file id="fl-f1">
         <path>C:\ti\ccsv7\tools\compiler\ti-cgt-arm_16.9.6.LTS\lib\</path>
         <kind>archive</kind>
         <file>rtsv7M4_T_le_v4SPD16_eabi.lib</file>
         <name>stkdepth_vars.obj</name>
      </input_file>
      <input_file id="fl-f2">
         <path>C:\ti\ccsv7\tools\compiler\ti-cgt-arm_16.9.6.LTS\lib\</path>
         <kind>archive</kind>
         <file>rtsv7M4_T_le_v4SPD16_eabi.lib</file>
         <name>u_tofd_t2.obj</name>
      </input_file>
      <input_file id="fl-f3">
         <path>C:\ti\ccsv7\tools\compiler\ti-cgt-arm_16.9.6.LTS\lib\</path>
         <kind>archive</kind>
         <file>rtsv7M4_T_le_v4SPD16_eabi.lib</file>
         <name>_lock.obj</name>
      </input_file>
      <input_file id="fl-f4">
         <path>C:\ti\ccsv7\tools\compiler\ti-cgt-arm_16.9.6.LTS\lib\</path>
         <kind>archive</kind>
         <file>rtsv7M4_T_le_v4SPD16_eabi.lib</file>
         <name>_printfi.obj</name>
      </input_file>
      <input_file id="fl-f5">
         <path>C:\ti\ccsv7\tools\compiler\ti-cgt-arm_16.9.6.LTS\lib\</path>
         <kind>archive</kind>
         <file>rtsv7M4_T_le_v4SPD16_eabi.lib</file>
         <name>args_main.obj</name>
      </input_file>
      <input_file id="fl-f6">
         <path>C:\ti\ccsv7\tools\compiler\ti-cgt-arm_16.9.6.LTS\lib\</path>
         <kind>archive</kind>
         <file>rtsv7M4_T_le_v4SPD16_eabi.lib</file>
         <name>atoi.obj</name>
      </input_file>
      <input_file id="fl-f7">
         <path>C:\ti\ccsv7\tools\compiler\ti-cgt-arm_16.9.6.LTS\lib\</path>
         <kind>archive</kind>
         <file>rtsv7M4_T_le_v4SPD16_eabi.lib</file>
         <name>autoinit.obj</name>
      </input_file>
      <input_file id="fl-f8">
         <path>C:\ti\ccsv7\tools\compiler\ti-cgt-arm_16.9.6.LTS\lib\</path>
         <kind>archive</kind>
         <file>rtsv7M4_T_le_v4SPD16_eabi.lib</file>
         <name>cpy_tbl.obj</name>
      </input_file>
      <input_file id="fl-f9">
         <path>C:\ti\ccsv7\tools\compiler\ti-cgt-arm_16.9.6.LTS\lib\</path>
         <kind>archive</kind>
         <file>rtsv7M4_T_le_v4SPD16_eabi.lib</file>
         <name>ctype.obj</name>
      </input_file>
      <input_file id="fl-fa">
         <path>C:\ti\ccsv7\tools\compiler\ti-cgt-arm_16.9.6.LTS\lib\</path>
         <kind>archive</kind>
         <file>rtsv7M4_T_le_v4SPD16_eabi.lib</file>
         <name>fd_cmp_t2.obj</name>
      </input_file>
      <input_file id="fl-fb">
         <path>C:\ti\ccsv7\tools\compiler\ti-cgt-arm_16.9.6.LTS\lib\</path>
         <kind>archive</kind>
         <file>rtsv7M4_T_le_v4SPD16_eabi.lib</file>
         <name>fd_div_t2.obj</name>
      </input_file>
      <input_file id="fl-fc">
         <path>C:\ti\ccsv7\tools\compiler\ti-cgt-arm_16.9.6.LTS\lib\</path>
         <kind>archive</kind>
         <file>rtsv7M4_T_le_v4SPD16_eabi.lib</file>
         <name>l_div0.obj</name>
      </input_file>
      <input_file id="fl-fd">
         <path>C:\ti\ccsv7\tools\compiler\ti-cgt-arm_16.9.6.LTS\lib\</path>
         <kind>archive</kind>
         <file>rtsv7M4_T_le_v4SPD16_eabi.lib</file>
         <name>ltoa.obj</name>
      </input_file>
      <input_file id="fl-fe">
         <path>C:\ti\ccsv7\tools\compiler\ti-cgt-arm_16.9.6.LTS\lib\</path>
         <kind>archive</kind>
         <file>rtsv7M4_T_le_v4SPD16_eabi.lib</file>
         <name>memccpy.obj</name>
      </input_file>
      <input_file id="fl-ff">
         <path>C:\ti\ccsv7\tools\compiler\ti-cgt-arm_16.9.6.LTS\lib\</path>
         <kind>archive</kind>
         <file>rtsv7M4_T_le_v4SPD16_eabi.lib</file>
         <name>s_frexp.obj</name>
      </input_file>
      <input_file id="fl-100">
         <path>C:\ti\ccsv7\tools\compiler\ti-cgt-arm_16.9.6.LTS\lib\</path>
         <kind>archive</kind>
         <file>rtsv7M4_T_le_v4SPD16_eabi.lib</file>
         <name>s_scalbn.obj</name>
      </input_file>
      <input_file id="fl-101">
         <path>C:\ti\ccsv7\tools\compiler\ti-cgt-arm_16.9.6.LTS\lib\</path>
         <kind>archive</kind>
         <file>rtsv7M4_T_le_v4SPD16_eabi.lib</file>
         <name>startup.obj</name>
      </input_file>
      <input_file id="fl-102">
         <path>C:\ti\ccsv7\tools\compiler\ti-cgt-arm_16.9.6.LTS\lib\</path>
         <kind>archive</kind>
         <file>rtsv7M4_T_le_v4SPD16_eabi.lib</file>
         <name>strchr.obj</name>
      </input_file>
      <input_file id="fl-103">
         <path>C:\ti\ccsv7\tools\compiler\ti-cgt-arm_16.9.6.LTS\lib\</path>
         <kind>archive</kind>
         <file>rtsv7M4_T_le_v4SPD16_eabi.lib</file>
         <name>strlen.obj</name>
      </input_file>
      <input_file id="fl-104">
         <path>C:\ti\ccsv7\tools\compiler\ti-cgt-arm_16.9.6.LTS\lib\</path>
         <kind>archive</kind>
         <file>rtsv7M4_T_le_v4SPD16_eabi.lib</file>
         <name>ull_div_t2.obj</name>
      </input_file>
      <input_file id="fl-105">
         <path>C:\ti\ccsv7\tools\compiler\ti-cgt-arm_16.9.6.LTS\lib\</path>
         <kind>archive</kind>
         <file>rtsv7M4_T_le_v4SPD16_eabi.lib</file>
         <name>errno.obj</name>
      </input_file>
      <input_file id="fl-106">
         <path>C:\ti\ccsv7\tools\compiler\ti-cgt-arm_16.9.6.LTS\lib\</path>
         <kind>archive</kind>
         <file>rtsv7M4_T_le_v4SPD16_eabi.lib</file>
         <name>s_copysign.obj</name>
      </input_file>
   </input_file_list>
   <object_component_list>
      <object_component id="oc-2c">
         <name>.intvecs:retain</name>
         <load_address>0x0</load_address>
         <run_address>0x0</run_address>
         <size>0xe4</size>
         <input_file_ref idref="fl-3"/>
      </object_component>
      <object_component id="oc-2eb">
         <name>.text</name>
         <load_address>0xe4</load_address>
         <run_address>0xe4</run_address>
         <size>0xd5e0</size>
         <input_file_ref idref="fl-d"/>
      </object_component>
      <object_component id="oc-284">
         <name>.text</name>
         <load_address>0xd6c4</load_address>
         <run_address>0xd6c4</run_address>
         <size>0x1810</size>
         <input_file_ref idref="fl-b"/>
      </object_component>
      <object_component id="oc-3d8">
         <name>.text</name>
         <load_address>0xeed4</load_address>
         <run_address>0xeed4</run_address>
         <size>0x113e</size>
         <input_file_ref idref="fl-f4"/>
      </object_component>
      <object_component id="oc-443">
         <name>.text</name>
         <load_address>0x10012</load_address>
         <run_address>0x10012</run_address>
         <size>0x2</size>
         <input_file_ref idref="fl-fc"/>
      </object_component>
      <object_component id="oc-21d">
         <name>.text</name>
         <load_address>0x10014</load_address>
         <run_address>0x10014</run_address>
         <size>0xc28</size>
         <input_file_ref idref="fl-e"/>
      </object_component>
      <object_component id="oc-80">
         <name>.text</name>
         <load_address>0x10c3c</load_address>
         <run_address>0x10c3c</run_address>
         <size>0x54c</size>
         <input_file_ref idref="fl-16"/>
      </object_component>
      <object_component id="oc-122">
         <name>.text</name>
         <load_address>0x11188</load_address>
         <run_address>0x11188</run_address>
         <size>0x434</size>
         <input_file_ref idref="fl-19"/>
      </object_component>
      <object_component id="oc-86">
         <name>.text</name>
         <load_address>0x115bc</load_address>
         <run_address>0x115bc</run_address>
         <size>0x360</size>
         <input_file_ref idref="fl-10"/>
      </object_component>
      <object_component id="oc-c8">
         <name>.text</name>
         <load_address>0x1191c</load_address>
         <run_address>0x1191c</run_address>
         <size>0x334</size>
         <input_file_ref idref="fl-4"/>
      </object_component>
      <object_component id="oc-22f">
         <name>.text</name>
         <load_address>0x11c50</load_address>
         <run_address>0x11c50</run_address>
         <size>0x2f8</size>
         <input_file_ref idref="fl-7"/>
      </object_component>
      <object_component id="oc-229">
         <name>.text</name>
         <load_address>0x11f48</load_address>
         <run_address>0x11f48</run_address>
         <size>0x2e0</size>
         <input_file_ref idref="fl-c"/>
      </object_component>
      <object_component id="oc-217">
         <name>.text</name>
         <load_address>0x12228</load_address>
         <run_address>0x12228</run_address>
         <size>0x234</size>
         <input_file_ref idref="fl-12"/>
      </object_component>
      <object_component id="oc-36f">
         <name>.text</name>
         <load_address>0x1245c</load_address>
         <run_address>0x1245c</run_address>
         <size>0x21e</size>
         <input_file_ref idref="fl-ea"/>
      </object_component>
      <object_component id="oc-471">
         <name>.text</name>
         <load_address>0x1267a</load_address>
         <run_address>0x1267a</run_address>
         <size>0x1f4</size>
         <input_file_ref idref="fl-104"/>
      </object_component>
      <object_component id="oc-28a">
         <name>.text</name>
         <load_address>0x1286e</load_address>
         <run_address>0x1286e</run_address>
         <size>0x1b6</size>
         <input_file_ref idref="fl-e5"/>
      </object_component>
      <object_component id="oc-ed">
         <name>.text</name>
         <load_address>0x12a24</load_address>
         <run_address>0x12a24</run_address>
         <size>0x178</size>
         <input_file_ref idref="fl-15"/>
      </object_component>
      <object_component id="oc-223">
         <name>.text</name>
         <load_address>0x12b9c</load_address>
         <run_address>0x12b9c</run_address>
         <size>0x178</size>
         <input_file_ref idref="fl-9"/>
      </object_component>
      <object_component id="oc-481">
         <name>.text</name>
         <load_address>0x12d14</load_address>
         <run_address>0x12d14</run_address>
         <size>0x136</size>
         <input_file_ref idref="fl-fb"/>
      </object_component>
      <object_component id="oc-53">
         <name>.text</name>
         <load_address>0x12e4a</load_address>
         <run_address>0x12e4a</run_address>
         <size>0x2</size>
         <input_file_ref idref="fl-ee"/>
      </object_component>
      <object_component id="oc-235">
         <name>.text</name>
         <load_address>0x12e4c</load_address>
         <run_address>0x12e4c</run_address>
         <size>0x134</size>
         <input_file_ref idref="fl-a"/>
      </object_component>
      <object_component id="oc-381">
         <name>.text:CS_getDCOFrequency</name>
         <load_address>0x12f80</load_address>
         <run_address>0x12f80</run_address>
         <size>0x104</size>
         <input_file_ref idref="fl-1f"/>
      </object_component>
      <object_component id="oc-211">
         <name>.text</name>
         <load_address>0x13084</load_address>
         <run_address>0x13084</run_address>
         <size>0xfe</size>
         <input_file_ref idref="fl-11"/>
      </object_component>
      <object_component id="oc-fe">
         <name>.text</name>
         <load_address>0x13182</load_address>
         <run_address>0x13182</run_address>
         <size>0xfc</size>
         <input_file_ref idref="fl-e6"/>
      </object_component>
      <object_component id="oc-ad">
         <name>.text</name>
         <load_address>0x1327e</load_address>
         <run_address>0x1327e</run_address>
         <size>0x2</size>
         <input_file_ref idref="fl-101"/>
      </object_component>
      <object_component id="oc-497">
         <name>.text</name>
         <load_address>0x13280</load_address>
         <run_address>0x13280</run_address>
         <size>0xfc</size>
         <input_file_ref idref="fl-100"/>
      </object_component>
      <object_component id="oc-25e">
         <name>.text:CS_initClockSignal</name>
         <load_address>0x1337c</load_address>
         <run_address>0x1337c</run_address>
         <size>0xe0</size>
         <input_file_ref idref="fl-1f"/>
      </object_component>
      <object_component id="oc-4c0">
         <name>.text:__PCM_setPowerModeAdvanced</name>
         <load_address>0x1345c</load_address>
         <run_address>0x1345c</run_address>
         <size>0xdc</size>
         <input_file_ref idref="fl-24"/>
      </object_component>
      <object_component id="oc-347">
         <name>.text:__PCM_setCoreVoltageLevelAdvanced</name>
         <load_address>0x13538</load_address>
         <run_address>0x13538</run_address>
         <size>0xb0</size>
         <input_file_ref idref="fl-24"/>
      </object_component>
      <object_component id="oc-355">
         <name>.text:CS_startHFXTWithTimeout</name>
         <load_address>0x135e8</load_address>
         <run_address>0x135e8</run_address>
         <size>0x9c</size>
         <input_file_ref idref="fl-1f"/>
      </object_component>
      <object_component id="oc-2a1">
         <name>.text:_CSComputeCLKFrequency</name>
         <load_address>0x13684</load_address>
         <run_address>0x13684</run_address>
         <size>0x9c</size>
         <input_file_ref idref="fl-1f"/>
      </object_component>
      <object_component id="oc-3b">
         <name>.text</name>
         <load_address>0x13720</load_address>
         <run_address>0x13720</run_address>
         <size>0x9c</size>
         <input_file_ref idref="fl-ec"/>
      </object_component>
      <object_component id="oc-e7">
         <name>.text</name>
         <load_address>0x137bc</load_address>
         <run_address>0x137bc</run_address>
         <size>0x98</size>
         <input_file_ref idref="fl-18"/>
      </object_component>
      <object_component id="oc-324">
         <name>.text:UART_initModule</name>
         <load_address>0x13854</load_address>
         <run_address>0x13854</run_address>
         <size>0x94</size>
         <input_file_ref idref="fl-28"/>
      </object_component>
      <object_component id="oc-330">
         <name>.text</name>
         <load_address>0x138e8</load_address>
         <run_address>0x138e8</run_address>
         <size>0x94</size>
         <input_file_ref idref="fl-f0"/>
      </object_component>
      <object_component id="oc-47c">
         <name>.text:__aeabi_cdcmple</name>
         <load_address>0x1397c</load_address>
         <run_address>0x1397c</run_address>
         <size>0x86</size>
         <input_file_ref idref="fl-fa"/>
      </object_component>
      <object_component id="oc-486">
         <name>.text:__aeabi_cdrcmple</name>
         <load_address>0x13a02</load_address>
         <run_address>0x13a02</run_address>
         <size>0x86</size>
         <input_file_ref idref="fl-fa"/>
      </object_component>
      <object_component id="oc-f3">
         <name>.text</name>
         <load_address>0x13a88</load_address>
         <run_address>0x13a88</run_address>
         <size>0x84</size>
         <input_file_ref idref="fl-8"/>
      </object_component>
      <object_component id="oc-b5">
         <name>.text</name>
         <load_address>0x13b0c</load_address>
         <run_address>0x13b0c</run_address>
         <size>0x7c</size>
         <input_file_ref idref="fl-2"/>
      </object_component>
      <object_component id="oc-47">
         <name>.text</name>
         <load_address>0x13b88</load_address>
         <run_address>0x13b88</run_address>
         <size>0x7a</size>
         <input_file_ref idref="fl-ed"/>
      </object_component>
      <object_component id="oc-433">
         <name>.text:_CSGetHFXTFrequency</name>
         <load_address>0x13c04</load_address>
         <run_address>0x13c04</run_address>
         <size>0x70</size>
         <input_file_ref idref="fl-1f"/>
      </object_component>
      <object_component id="oc-5f">
         <name>.text</name>
         <load_address>0x13c74</load_address>
         <run_address>0x13c74</run_address>
         <size>0x70</size>
         <input_file_ref idref="fl-f7"/>
      </object_component>
      <object_component id="oc-14">
         <name>.text:decompress:lzss</name>
         <load_address>0x13ce4</load_address>
         <run_address>0x13ce4</run_address>
         <size>0x68</size>
         <input_file_ref idref="fl-e1"/>
      </object_component>
      <object_component id="oc-177">
         <name>.text:Interrupt_disableInterrupt</name>
         <load_address>0x13d4c</load_address>
         <run_address>0x13d4c</run_address>
         <size>0x64</size>
         <input_file_ref idref="fl-23"/>
      </object_component>
      <object_component id="oc-108">
         <name>.text:Interrupt_enableInterrupt</name>
         <load_address>0x13db0</load_address>
         <run_address>0x13db0</run_address>
         <size>0x64</size>
         <input_file_ref idref="fl-23"/>
      </object_component>
      <object_component id="oc-491">
         <name>.text</name>
         <load_address>0x13e14</load_address>
         <run_address>0x13e14</run_address>
         <size>0x64</size>
         <input_file_ref idref="fl-ff"/>
      </object_component>
      <object_component id="oc-26">
         <name>.text</name>
         <load_address>0x13e78</load_address>
         <run_address>0x13e78</run_address>
         <size>0x54</size>
         <input_file_ref idref="fl-e0"/>
      </object_component>
      <object_component id="oc-6b">
         <name>.text</name>
         <load_address>0x13ecc</load_address>
         <run_address>0x13ecc</run_address>
         <size>0x54</size>
         <input_file_ref idref="fl-e4"/>
      </object_component>
      <object_component id="oc-48b">
         <name>.text</name>
         <load_address>0x13f20</load_address>
         <run_address>0x13f20</run_address>
         <size>0x54</size>
         <input_file_ref idref="fl-fd"/>
      </object_component>
      <object_component id="oc-453">
         <name>.text:SysCtl_getTLVInfo</name>
         <load_address>0x13f74</load_address>
         <run_address>0x13f74</run_address>
         <size>0x50</size>
         <input_file_ref idref="fl-26"/>
      </object_component>
      <object_component id="oc-141">
         <name>.text:GPIO_setAsPeripheralModuleFunctionOutputPin</name>
         <load_address>0x13fc4</load_address>
         <run_address>0x13fc4</run_address>
         <size>0x4c</size>
         <input_file_ref idref="fl-21"/>
      </object_component>
      <object_component id="oc-44d">
         <name>.text:_CSGetDOCFrequency</name>
         <load_address>0x14010</load_address>
         <run_address>0x14010</run_address>
         <size>0x4c</size>
         <input_file_ref idref="fl-1f"/>
      </object_component>
      <object_component id="oc-4a3">
         <name>.text</name>
         <load_address>0x1405c</load_address>
         <run_address>0x1405c</run_address>
         <size>0x4c</size>
         <input_file_ref idref="fl-f6"/>
      </object_component>
      <object_component id="oc-a7">
         <name>.text</name>
         <load_address>0x140a8</load_address>
         <run_address>0x140a8</run_address>
         <size>0x4c</size>
         <input_file_ref idref="fl-f8"/>
      </object_component>
      <object_component id="oc-31e">
         <name>.text:GPIO_setAsPeripheralModuleFunctionInputPin</name>
         <load_address>0x140f4</load_address>
         <run_address>0x140f4</run_address>
         <size>0x48</size>
         <input_file_ref idref="fl-21"/>
      </object_component>
      <object_component id="oc-37b">
         <name>.text:_CSGetDividerValue</name>
         <load_address>0x1413c</load_address>
         <run_address>0x1413c</run_address>
         <size>0x48</size>
         <input_file_ref idref="fl-1f"/>
      </object_component>
      <object_component id="oc-28f">
         <name>.text</name>
         <load_address>0x14184</load_address>
         <run_address>0x14184</run_address>
         <size>0x48</size>
         <input_file_ref idref="fl-e7"/>
      </object_component>
      <object_component id="oc-103">
         <name>.text</name>
         <load_address>0x141cc</load_address>
         <run_address>0x141cc</run_address>
         <size>0x44</size>
         <input_file_ref idref="fl-e8"/>
      </object_component>
      <object_component id="oc-153">
         <name>.text:I2C_initMaster</name>
         <load_address>0x14210</load_address>
         <run_address>0x14210</run_address>
         <size>0x3e</size>
         <input_file_ref idref="fl-22"/>
      </object_component>
      <object_component id="oc-7b">
         <name>.text</name>
         <load_address>0x14250</load_address>
         <run_address>0x14250</run_address>
         <size>0x38</size>
         <input_file_ref idref="fl-17"/>
      </object_component>
      <object_component id="oc-16b">
         <name>.text:I2C_masterSendMultiByteStart</name>
         <load_address>0x14288</load_address>
         <run_address>0x14288</run_address>
         <size>0x38</size>
         <input_file_ref idref="fl-22"/>
      </object_component>
      <object_component id="oc-e1">
         <name>.text</name>
         <load_address>0x142c0</load_address>
         <run_address>0x142c0</run_address>
         <size>0x34</size>
         <input_file_ref idref="fl-6"/>
      </object_component>
      <object_component id="oc-195">
         <name>.text:I2C_masterSendMultiByteStop</name>
         <load_address>0x142f4</load_address>
         <run_address>0x142f4</run_address>
         <size>0x30</size>
         <input_file_ref idref="fl-22"/>
      </object_component>
      <object_component id="oc-f9">
         <name>.text</name>
         <load_address>0x14324</load_address>
         <run_address>0x14324</run_address>
         <size>0x2e</size>
         <input_file_ref idref="fl-e9"/>
      </object_component>
      <object_component id="oc-40a">
         <name>.text:PCM_getCoreVoltageLevel</name>
         <load_address>0x14352</load_address>
         <run_address>0x14352</run_address>
         <size>0x2c</size>
         <input_file_ref idref="fl-24"/>
      </object_component>
      <object_component id="oc-404">
         <name>.text:PCM_getPowerMode</name>
         <load_address>0x1437e</load_address>
         <run_address>0x1437e</run_address>
         <size>0x2a</size>
         <input_file_ref idref="fl-24"/>
      </object_component>
      <object_component id="oc-252">
         <name>.text:FlashCtl_setWaitState</name>
         <load_address>0x143a8</load_address>
         <run_address>0x143a8</run_address>
         <size>0x28</size>
         <input_file_ref idref="fl-20"/>
      </object_component>
      <object_component id="oc-2f6">
         <name>.text</name>
         <load_address>0x143d0</load_address>
         <run_address>0x143d0</run_address>
         <size>0x26</size>
         <input_file_ref idref="fl-f"/>
      </object_component>
      <object_component id="oc-387">
         <name>.text:CS_clearInterruptFlag</name>
         <load_address>0x143f8</load_address>
         <run_address>0x143f8</run_address>
         <size>0x24</size>
         <input_file_ref idref="fl-1f"/>
      </object_component>
      <object_component id="oc-1a1">
         <name>.text:I2C_masterSendMultiByteNext</name>
         <load_address>0x1441c</load_address>
         <run_address>0x1441c</run_address>
         <size>0x24</size>
         <input_file_ref idref="fl-22"/>
      </object_component>
      <object_component id="oc-307">
         <name>.text:Interrupt_setPriority</name>
         <load_address>0x14440</load_address>
         <run_address>0x14440</run_address>
         <size>0x24</size>
         <input_file_ref idref="fl-23"/>
      </object_component>
      <object_component id="oc-318">
         <name>.text:UART_transmitData</name>
         <load_address>0x14464</load_address>
         <run_address>0x14464</run_address>
         <size>0x24</size>
         <input_file_ref idref="fl-28"/>
      </object_component>
      <object_component id="oc-294">
         <name>.text</name>
         <load_address>0x14488</load_address>
         <run_address>0x14488</run_address>
         <size>0x20</size>
         <input_file_ref idref="fl-f2"/>
      </object_component>
      <object_component id="oc-4a9">
         <name>.text</name>
         <load_address>0x144a8</load_address>
         <run_address>0x144a8</run_address>
         <size>0x1c</size>
         <input_file_ref idref="fl-fe"/>
      </object_component>
      <object_component id="oc-264">
         <name>.text:CS_getMCLK</name>
         <load_address>0x144c4</load_address>
         <run_address>0x144c4</run_address>
         <size>0x18</size>
         <input_file_ref idref="fl-1f"/>
      </object_component>
      <object_component id="oc-13b">
         <name>.text:CS_getSMCLK</name>
         <load_address>0x144dc</load_address>
         <run_address>0x144dc</run_address>
         <size>0x18</size>
         <input_file_ref idref="fl-1f"/>
      </object_component>
      <object_component id="oc-205">
         <name>.text:WDT_A_clearTimer</name>
         <load_address>0x144f4</load_address>
         <run_address>0x144f4</run_address>
         <size>0x18</size>
         <input_file_ref idref="fl-29"/>
      </object_component>
      <object_component id="oc-20b">
         <name>.text:WDT_A_holdTimer</name>
         <load_address>0x1450c</load_address>
         <run_address>0x1450c</run_address>
         <size>0x18</size>
         <input_file_ref idref="fl-29"/>
      </object_component>
      <object_component id="oc-65">
         <name>.text</name>
         <load_address>0x14524</load_address>
         <run_address>0x14524</run_address>
         <size>0x18</size>
         <input_file_ref idref="fl-f5"/>
      </object_component>
      <object_component id="oc-36a">
         <name>.text</name>
         <load_address>0x1453c</load_address>
         <run_address>0x1453c</run_address>
         <size>0x18</size>
         <input_file_ref idref="fl-eb"/>
      </object_component>
      <object_component id="oc-49d">
         <name>.text</name>
         <load_address>0x14554</load_address>
         <run_address>0x14554</run_address>
         <size>0x16</size>
         <input_file_ref idref="fl-102"/>
      </object_component>
      <object_component id="oc-24c">
         <name>.text:CS_setExternalClockSourceFrequency</name>
         <load_address>0x1456c</load_address>
         <run_address>0x1456c</run_address>
         <size>0x14</size>
         <input_file_ref idref="fl-1f"/>
      </object_component>
      <object_component id="oc-147">
         <name>.text:I2C_isBusBusy</name>
         <load_address>0x14580</load_address>
         <run_address>0x14580</run_address>
         <size>0x14</size>
         <input_file_ref idref="fl-22"/>
      </object_component>
      <object_component id="oc-db">
         <name>.text:SysTick_enableInterrupt</name>
         <load_address>0x14594</load_address>
         <run_address>0x14594</run_address>
         <size>0x14</size>
         <input_file_ref idref="fl-27"/>
      </object_component>
      <object_component id="oc-1d1">
         <name>.text</name>
         <load_address>0x145a8</load_address>
         <run_address>0x145a8</run_address>
         <size>0x14</size>
         <input_file_ref idref="fl-f3"/>
      </object_component>
      <object_component id="oc-4e0">
         <name>.text</name>
         <load_address>0x145bc</load_address>
         <run_address>0x145bc</run_address>
         <size>0x14</size>
         <input_file_ref idref="fl-106"/>
      </object_component>
      <object_component id="oc-476">
         <name>.text</name>
         <load_address>0x145d0</load_address>
         <run_address>0x145d0</run_address>
         <size>0x14</size>
         <input_file_ref idref="fl-103"/>
      </object_component>
      <object_component id="oc-183">
         <name>.text:I2C_masterReceiveStart</name>
         <load_address>0x145e4</load_address>
         <run_address>0x145e4</run_address>
         <size>0x10</size>
         <input_file_ref idref="fl-22"/>
      </object_component>
      <object_component id="oc-42d">
         <name>.text:SysCtl_disableNMISource</name>
         <load_address>0x145f4</load_address>
         <run_address>0x145f4</run_address>
         <size>0x10</size>
         <input_file_ref idref="fl-26"/>
      </object_component>
      <object_component id="oc-439">
         <name>.text:SysCtl_enableNMISource</name>
         <load_address>0x14604</load_address>
         <run_address>0x14604</run_address>
         <size>0x10</size>
         <input_file_ref idref="fl-26"/>
      </object_component>
      <object_component id="oc-23c">
         <name>.text</name>
         <load_address>0x14614</load_address>
         <run_address>0x14614</run_address>
         <size>0xe</size>
         <input_file_ref idref="fl-14"/>
      </object_component>
      <object_component id="oc-18f">
         <name>.text:I2C_clearInterruptFlag</name>
         <load_address>0x14622</load_address>
         <run_address>0x14622</run_address>
         <size>0xe</size>
         <input_file_ref idref="fl-22"/>
      </object_component>
      <object_component id="oc-171">
         <name>.text:I2C_disableInterrupt</name>
         <load_address>0x14630</load_address>
         <run_address>0x14630</run_address>
         <size>0xe</size>
         <input_file_ref idref="fl-22"/>
      </object_component>
      <object_component id="oc-1a">
         <name>.text:decompress:none</name>
         <load_address>0x1463e</load_address>
         <run_address>0x1463e</run_address>
         <size>0xe</size>
         <input_file_ref idref="fl-e2"/>
      </object_component>
      <object_component id="oc-75">
         <name>.text</name>
         <load_address>0x1464c</load_address>
         <run_address>0x1464c</run_address>
         <size>0xe</size>
         <input_file_ref idref="fl-3"/>
      </object_component>
      <object_component id="oc-14d">
         <name>.text:I2C_disableModule</name>
         <load_address>0x1465a</load_address>
         <run_address>0x1465a</run_address>
         <size>0xc</size>
         <input_file_ref idref="fl-22"/>
      </object_component>
      <object_component id="oc-15f">
         <name>.text:I2C_enableModule</name>
         <load_address>0x14666</load_address>
         <run_address>0x14666</run_address>
         <size>0xc</size>
         <input_file_ref idref="fl-22"/>
      </object_component>
      <object_component id="oc-410">
         <name>.text:PCM_getPowerState</name>
         <load_address>0x14674</load_address>
         <run_address>0x14674</run_address>
         <size>0xc</size>
         <input_file_ref idref="fl-24"/>
      </object_component>
      <object_component id="oc-427">
         <name>.text:SysCtl_getNMISourceStatus</name>
         <load_address>0x14680</load_address>
         <run_address>0x14680</run_address>
         <size>0xc</size>
         <input_file_ref idref="fl-26"/>
      </object_component>
      <object_component id="oc-32a">
         <name>.text:UART_enableModule</name>
         <load_address>0x1468c</load_address>
         <run_address>0x1468c</run_address>
         <size>0xc</size>
         <input_file_ref idref="fl-28"/>
      </object_component>
      <object_component id="oc-20">
         <name>.text:decompress:ZI</name>
         <load_address>0x14698</load_address>
         <run_address>0x14698</run_address>
         <size>0xc</size>
         <input_file_ref idref="fl-e3"/>
      </object_component>
      <object_component id="oc-165">
         <name>.text:I2C_enableInterrupt</name>
         <load_address>0x146a4</load_address>
         <run_address>0x146a4</run_address>
         <size>0x8</size>
         <input_file_ref idref="fl-22"/>
      </object_component>
      <object_component id="oc-246">
         <name>.text:PCM_setCoreVoltageLevel</name>
         <load_address>0x146ac</load_address>
         <run_address>0x146ac</run_address>
         <size>0x8</size>
         <input_file_ref idref="fl-24"/>
      </object_component>
      <object_component id="oc-416">
         <name>.text:PCM_setPowerMode</name>
         <load_address>0x146b4</load_address>
         <run_address>0x146b4</run_address>
         <size>0x8</size>
         <input_file_ref idref="fl-24"/>
      </object_component>
      <object_component id="oc-258">
         <name>.text:CS_startHFXT</name>
         <load_address>0x146bc</load_address>
         <run_address>0x146bc</run_address>
         <size>0x6</size>
         <input_file_ref idref="fl-1f"/>
      </object_component>
      <object_component id="oc-189">
         <name>.text:I2C_getEnabledInterruptStatus</name>
         <load_address>0x146c2</load_address>
         <run_address>0x146c2</run_address>
         <size>0x6</size>
         <input_file_ref idref="fl-22"/>
      </object_component>
      <object_component id="oc-17d">
         <name>.text:I2C_getInterruptStatus</name>
         <load_address>0x146c8</load_address>
         <run_address>0x146c8</run_address>
         <size>0x6</size>
         <input_file_ref idref="fl-22"/>
      </object_component>
      <object_component id="oc-19b">
         <name>.text:I2C_masterReceiveMultiByteNext</name>
         <load_address>0x146ce</load_address>
         <run_address>0x146ce</run_address>
         <size>0x6</size>
         <input_file_ref idref="fl-22"/>
      </object_component>
      <object_component id="oc-3c2">
         <name>.text:SysCtlDelay</name>
         <load_address>0x146d4</load_address>
         <run_address>0x146d4</run_address>
         <size>0x6</size>
         <input_file_ref idref="fl-f"/>
      </object_component>
      <object_component id="oc-159">
         <name>.text:I2C_setSlaveAddress</name>
         <load_address>0x146da</load_address>
         <run_address>0x146da</run_address>
         <size>0x4</size>
         <input_file_ref idref="fl-22"/>
      </object_component>
      <object_component id="oc-59">
         <name>.text</name>
         <load_address>0x146de</load_address>
         <run_address>0x146de</run_address>
         <size>0x4</size>
         <input_file_ref idref="fl-ef"/>
      </object_component>
      <object_component id="oc-4ed">
         <name>.const:.string:_ctypes_</name>
         <load_address>0x146e4</load_address>
         <run_address>0x146e4</run_address>
         <size>0x101</size>
         <input_file_ref idref="fl-f9"/>
      </object_component>
      <object_component id="oc-3b3">
         <name>.const:.string:INVALID_OFFSET</name>
         <load_address>0x147e5</load_address>
         <run_address>0x147e5</run_address>
         <size>0x3</size>
         <input_file_ref idref="fl-d"/>
      </object_component>
      <object_component id="oc-3c4">
         <name>.const:g_pulRegs</name>
         <load_address>0x147e8</load_address>
         <run_address>0x147e8</run_address>
         <size>0x50</size>
         <input_file_ref idref="fl-23"/>
      </object_component>
      <object_component id="oc-26e">
         <name>.const</name>
         <load_address>0x14838</load_address>
         <run_address>0x14838</run_address>
         <size>0x40</size>
         <input_file_ref idref="fl-23"/>
      </object_component>
      <object_component id="oc-336">
         <name>.const:backChannelUart115200Config</name>
         <load_address>0x14878</load_address>
         <run_address>0x14878</run_address>
         <size>0x24</size>
         <input_file_ref idref="fl-7"/>
      </object_component>
      <object_component id="oc-3b6">
         <name>.const:yas532_version_ac_coef</name>
         <load_address>0x1489c</load_address>
         <run_address>0x1489c</run_address>
         <size>0xc</size>
         <input_file_ref idref="fl-d"/>
      </object_component>
      <object_component id="oc-3ba">
         <name>.const:v_calib_data$2</name>
         <load_address>0x148a8</load_address>
         <run_address>0x148a8</run_address>
         <size>0x8</size>
         <input_file_ref idref="fl-d"/>
      </object_component>
      <object_component id="oc-314">
         <name>.const:.string:$P$T0$1</name>
         <load_address>0x148b0</load_address>
         <run_address>0x148b0</run_address>
         <size>0x5</size>
         <input_file_ref idref="fl-c"/>
      </object_component>
      <object_component id="oc-3b9">
         <name>.const:.string:v_correct_u8$1</name>
         <load_address>0x148b5</load_address>
         <run_address>0x148b5</run_address>
         <size>0x5</size>
         <input_file_ref idref="fl-d"/>
      </object_component>
      <object_component id="oc-53b">
         <name>.cinit..data.load</name>
         <load_address>0x148c0</load_address>
         <run_address>0x148c0</run_address>
         <size>0x4f</size>
      </object_component>
      <object_component id="oc-539">
         <name>__TI_handler_table</name>
         <load_address>0x14910</load_address>
         <run_address>0x14910</run_address>
         <size>0xc</size>
      </object_component>
      <object_component id="oc-53c">
         <name>.cinit..bss.load</name>
         <load_address>0x14920</load_address>
         <run_address>0x14920</run_address>
         <size>0x8</size>
      </object_component>
      <object_component id="oc-53a">
         <name>__TI_cinit_table</name>
         <load_address>0x14928</load_address>
         <run_address>0x14928</run_address>
         <size>0x10</size>
      </object_component>
      <object_component id="oc-516">
         <name>.binit</name>
         <load_address>0x0</load_address>
         <run_address>0x0</run_address>
         <size>0x0</size>
      </object_component>
      <object_component id="oc-1dd">
         <name>.data</name>
         <load_address>0x2000735c</load_address>
         <run_address>0x2000735c</run_address>
         <size>0x4</size>
         <input_file_ref idref="fl-4"/>
      </object_component>
      <object_component id="oc-3a7">
         <name>.data</name>
         <load_address>0x20007348</load_address>
         <run_address>0x20007348</run_address>
         <size>0x8</size>
         <input_file_ref idref="fl-d"/>
      </object_component>
      <object_component id="oc-39f">
         <name>.data:v_fifo_data_u8</name>
         <load_address>0x20006ef0</load_address>
         <run_address>0x20006ef0</run_address>
         <size>0x400</size>
         <input_file_ref idref="fl-d"/>
      </object_component>
      <object_component id="oc-1af">
         <name>.data</name>
         <load_address>0x20007362</load_address>
         <run_address>0x20007362</run_address>
         <size>0x1</size>
         <input_file_ref idref="fl-10"/>
      </object_component>
      <object_component id="oc-1a7">
         <name>.data:i2cConfig</name>
         <load_address>0x20007320</load_address>
         <run_address>0x20007320</run_address>
         <size>0x14</size>
         <input_file_ref idref="fl-10"/>
      </object_component>
      <object_component id="oc-10f">
         <name>.data</name>
         <load_address>0x20007360</load_address>
         <run_address>0x20007360</run_address>
         <size>0x2</size>
         <input_file_ref idref="fl-16"/>
      </object_component>
      <object_component id="oc-299">
         <name>.data</name>
         <load_address>0x20007350</load_address>
         <run_address>0x20007350</run_address>
         <size>0x4</size>
         <input_file_ref idref="fl-19"/>
      </object_component>
      <object_component id="oc-2a8">
         <name>.data:GPIO_PORT_TO_BASE</name>
         <load_address>0x200072f0</load_address>
         <run_address>0x200072f0</run_address>
         <size>0x30</size>
         <input_file_ref idref="fl-21"/>
      </object_component>
      <object_component id="oc-bd">
         <name>.data:$O1$$</name>
         <load_address>0x20007334</load_address>
         <run_address>0x20007334</run_address>
         <size>0xc</size>
         <input_file_ref idref="fl-e4"/>
      </object_component>
      <object_component id="oc-71">
         <name>.data</name>
         <load_address>0x20007358</load_address>
         <run_address>0x20007358</run_address>
         <size>0x4</size>
         <input_file_ref idref="fl-f1"/>
      </object_component>
      <object_component id="oc-c0">
         <name>.data:$O1$$</name>
         <load_address>0x20007340</load_address>
         <run_address>0x20007340</run_address>
         <size>0x8</size>
         <input_file_ref idref="fl-f3"/>
      </object_component>
      <object_component id="oc-4e6">
         <name>.data</name>
         <load_address>0x20007354</load_address>
         <run_address>0x20007354</run_address>
         <size>0x4</size>
         <input_file_ref idref="fl-105"/>
      </object_component>
      <object_component id="oc-339">
         <name>.bss:backChannelStringBuff</name>
         <uninitialized>true</uninitialized>
         <run_address>0x20006b94</run_address>
         <size>0x100</size>
         <input_file_ref idref="fl-7"/>
      </object_component>
      <object_component id="oc-367">
         <name>.bss</name>
         <uninitialized>true</uninitialized>
         <run_address>0x20006eb0</run_address>
         <size>0x4</size>
         <input_file_ref idref="fl-b"/>
      </object_component>
      <object_component id="oc-39c">
         <name>.bss</name>
         <uninitialized>true</uninitialized>
         <run_address>0x20006eb4</run_address>
         <size>0x4</size>
         <input_file_ref idref="fl-d"/>
      </object_component>
      <object_component id="oc-3aa">
         <name>.bss:mag_trim</name>
         <uninitialized>true</uninitialized>
         <run_address>0x20006e8c</run_address>
         <size>0x10</size>
         <input_file_ref idref="fl-d"/>
      </object_component>
      <object_component id="oc-3ad">
         <name>.bss:akm_asa_data</name>
         <uninitialized>true</uninitialized>
         <run_address>0x20006ee4</run_address>
         <size>0x3</size>
         <input_file_ref idref="fl-d"/>
      </object_component>
      <object_component id="oc-3b0">
         <name>.bss:yas532_data</name>
         <uninitialized>true</uninitialized>
         <run_address>0x20006db4</run_address>
         <size>0x70</size>
         <input_file_ref idref="fl-d"/>
      </object_component>
      <object_component id="oc-2e6">
         <name>.bss:buf</name>
         <uninitialized>true</uninitialized>
         <run_address>0x20006eb8</run_address>
         <size>0x4</size>
         <input_file_ref idref="fl-12"/>
      </object_component>
      <object_component id="oc-2e3">
         <name>.bss</name>
         <uninitialized>true</uninitialized>
         <run_address>0x20006ee8</run_address>
         <size>0x2</size>
         <input_file_ref idref="fl-12"/>
      </object_component>
      <object_component id="oc-242">
         <name>.bss:FIFOs</name>
         <uninitialized>true</uninitialized>
         <run_address>0x20006a44</run_address>
         <size>0x150</size>
         <input_file_ref idref="fl-15"/>
      </object_component>
      <object_component id="oc-115">
         <name>.bss:threadControlBlocks</name>
         <uninitialized>true</uninitialized>
         <run_address>0x20006d24</run_address>
         <size>0x90</size>
         <input_file_ref idref="fl-16"/>
      </object_component>
      <object_component id="oc-128">
         <name>.bss:threadStacks</name>
         <uninitialized>true</uninitialized>
         <run_address>0x20000000</run_address>
         <size>0x6000</size>
         <input_file_ref idref="fl-16"/>
      </object_component>
      <object_component id="oc-118">
         <name>.bss:Pthread</name>
         <uninitialized>true</uninitialized>
         <run_address>0x20006c94</run_address>
         <size>0x90</size>
         <input_file_ref idref="fl-16"/>
      </object_component>
      <object_component id="oc-112">
         <name>.bss</name>
         <uninitialized>true</uninitialized>
         <run_address>0x20006e9c</run_address>
         <size>0x8</size>
         <input_file_ref idref="fl-16"/>
      </object_component>
      <object_component id="oc-11b">
         <name>.bss:Free_Pointers</name>
         <uninitialized>true</uninitialized>
         <run_address>0x20006e60</run_address>
         <size>0x18</size>
         <input_file_ref idref="fl-16"/>
      </object_component>
      <object_component id="oc-11e">
         <name>.common:ledI2CReady</name>
         <uninitialized>true</uninitialized>
         <run_address>0x20006ed0</run_address>
         <size>0x4</size>
      </object_component>
      <object_component id="oc-121">
         <name>.common:sensorI2CReady</name>
         <uninitialized>true</uninitialized>
         <run_address>0x20006edc</run_address>
         <size>0x4</size>
      </object_component>
      <object_component id="oc-cf">
         <name>.common:CurrentlyRunningThread</name>
         <uninitialized>true</uninitialized>
         <run_address>0x20006ec0</run_address>
         <size>0x4</size>
      </object_component>
      <object_component id="oc-30d">
         <name>.common:ButtonFunction</name>
         <uninitialized>true</uninitialized>
         <run_address>0x20006ebc</run_address>
         <size>0x4</size>
      </object_component>
      <object_component id="oc-311">
         <name>.common:bme280</name>
         <uninitialized>true</uninitialized>
         <run_address>0x20006e24</run_address>
         <size>0x3c</size>
      </object_component>
      <object_component id="oc-3a2">
         <name>.common:accel_fifo</name>
         <uninitialized>true</uninitialized>
         <run_address>0x20006000</run_address>
         <size>0x36c</size>
      </object_component>
      <object_component id="oc-3a5">
         <name>.common:gyro_fifo</name>
         <uninitialized>true</uninitialized>
         <run_address>0x2000636c</run_address>
         <size>0x36c</size>
      </object_component>
      <object_component id="oc-3a6">
         <name>.common:mag_fifo</name>
         <uninitialized>true</uninitialized>
         <run_address>0x200066d8</run_address>
         <size>0x36c</size>
      </object_component>
      <object_component id="oc-2f1">
         <name>.common:s_bmi160</name>
         <uninitialized>true</uninitialized>
         <run_address>0x20006e78</run_address>
         <size>0x14</size>
      </object_component>
      <object_component id="oc-2f4">
         <name>.common:gyroxyz</name>
         <uninitialized>true</uninitialized>
         <run_address>0x20006eaa</run_address>
         <size>0x6</size>
      </object_component>
      <object_component id="oc-2f5">
         <name>.common:accelxyz</name>
         <uninitialized>true</uninitialized>
         <run_address>0x20006ea4</run_address>
         <size>0x6</size>
      </object_component>
      <object_component id="oc-1ad">
         <name>.common:ui8Status</name>
         <uninitialized>true</uninitialized>
         <run_address>0x20006eec</run_address>
         <size>0x1</size>
      </object_component>
      <object_component id="oc-1aa">
         <name>.common:pData</name>
         <uninitialized>true</uninitialized>
         <run_address>0x20006ed8</run_address>
         <size>0x4</size>
      </object_component>
      <object_component id="oc-1b2">
         <name>.common:ui8DummyRead</name>
         <uninitialized>true</uninitialized>
         <run_address>0x20006ee7</run_address>
         <size>0x1</size>
      </object_component>
      <object_component id="oc-1ae">
         <name>.common:g_ui32ByteCount</name>
         <uninitialized>true</uninitialized>
         <run_address>0x20006ec8</run_address>
         <size>0x4</size>
      </object_component>
      <object_component id="oc-10e">
         <name>.common:SystemTime</name>
         <uninitialized>true</uninitialized>
         <run_address>0x20006ec4</run_address>
         <size>0x4</size>
      </object_component>
      <object_component id="oc-29c">
         <name>.common:tempF</name>
         <uninitialized>true</uninitialized>
         <run_address>0x20006ee0</run_address>
         <size>0x4</size>
      </object_component>
      <object_component id="oc-29d">
         <name>.common:joystick_avg</name>
         <uninitialized>true</uninitialized>
         <run_address>0x20006eea</run_address>
         <size>0x2</size>
      </object_component>
      <object_component id="oc-351">
         <name>.common:hfxtFreq</name>
         <uninitialized>true</uninitialized>
         <run_address>0x20006ecc</run_address>
         <size>0x4</size>
      </object_component>
      <object_component id="oc-34e">
         <name>.common:lfxtFreq</name>
         <uninitialized>true</uninitialized>
         <run_address>0x20006ed4</run_address>
         <size>0x4</size>
      </object_component>
      <object_component id="oc-2f">
         <name>.stack</name>
         <uninitialized>true</uninitialized>
         <run_address>0x2000fe00</run_address>
         <size>0x0</size>
         <input_file_ref idref="fl-e0"/>
      </object_component>
      <object_component id="oc-53d">
         <name>.stack</name>
         <uninitialized>true</uninitialized>
         <run_address>0x2000fe00</run_address>
         <size>0x0</size>
      </object_component>
      <object_component id="oc-d0">
         <name>.debug_info</name>
         <load_address>0x0</load_address>
         <run_address>0x0</run_address>
         <size>0x6cc</size>
         <input_file_ref idref="fl-2"/>
      </object_component>
      <object_component id="oc-b6">
         <name>.debug_info</name>
         <load_address>0x6cc</load_address>
         <run_address>0x6cc</run_address>
         <size>0x10c</size>
         <input_file_ref idref="fl-2"/>
      </object_component>
      <object_component id="oc-33e">
         <name>.debug_info</name>
         <load_address>0x7d8</load_address>
         <run_address>0x7d8</run_address>
         <size>0x51</size>
         <input_file_ref idref="fl-2"/>
      </object_component>
      <object_component id="oc-136">
         <name>.debug_info</name>
         <load_address>0x829</load_address>
         <run_address>0x829</run_address>
         <size>0x37e2</size>
         <input_file_ref idref="fl-2"/>
      </object_component>
      <object_component id="oc-1e3">
         <name>.debug_info</name>
         <load_address>0x400b</load_address>
         <run_address>0x400b</run_address>
         <size>0x1055</size>
         <input_file_ref idref="fl-2"/>
      </object_component>
      <object_component id="oc-2c7">
         <name>.debug_info</name>
         <load_address>0x5060</load_address>
         <run_address>0x5060</run_address>
         <size>0x9a</size>
         <input_file_ref idref="fl-2"/>
      </object_component>
      <object_component id="oc-420">
         <name>.debug_info</name>
         <load_address>0x50fa</load_address>
         <run_address>0x50fa</run_address>
         <size>0x1b5</size>
         <input_file_ref idref="fl-2"/>
      </object_component>
      <object_component id="oc-3ff">
         <name>.debug_info</name>
         <load_address>0x52af</load_address>
         <run_address>0x52af</run_address>
         <size>0xc8</size>
         <input_file_ref idref="fl-2"/>
      </object_component>
      <object_component id="oc-36">
         <name>.debug_info</name>
         <load_address>0x5377</load_address>
         <run_address>0x5377</run_address>
         <size>0x84</size>
         <input_file_ref idref="fl-2"/>
      </object_component>
      <object_component id="oc-12c">
         <name>.debug_info</name>
         <load_address>0x53fb</load_address>
         <run_address>0x53fb</run_address>
         <size>0x18b</size>
         <input_file_ref idref="fl-2"/>
      </object_component>
      <object_component id="oc-1e8">
         <name>.debug_info</name>
         <load_address>0x5586</load_address>
         <run_address>0x5586</run_address>
         <size>0x338</size>
         <input_file_ref idref="fl-2"/>
      </object_component>
      <object_component id="oc-1f2">
         <name>.debug_info</name>
         <load_address>0x58be</load_address>
         <run_address>0x58be</run_address>
         <size>0x2c</size>
         <input_file_ref idref="fl-2"/>
      </object_component>
      <object_component id="oc-3ea">
         <name>.debug_info</name>
         <load_address>0x58ea</load_address>
         <run_address>0x58ea</run_address>
         <size>0x4e</size>
         <input_file_ref idref="fl-2"/>
      </object_component>
      <object_component id="oc-3f5">
         <name>.debug_info</name>
         <load_address>0x5938</load_address>
         <run_address>0x5938</run_address>
         <size>0xee</size>
         <input_file_ref idref="fl-2"/>
      </object_component>
      <object_component id="oc-3fa">
         <name>.debug_info</name>
         <load_address>0x5a26</load_address>
         <run_address>0x5a26</run_address>
         <size>0x661</size>
         <input_file_ref idref="fl-2"/>
      </object_component>
      <object_component id="oc-1ed">
         <name>.debug_info</name>
         <load_address>0x6087</load_address>
         <run_address>0x6087</run_address>
         <size>0x76</size>
         <input_file_ref idref="fl-2"/>
      </object_component>
      <object_component id="oc-8e">
         <name>.debug_info</name>
         <load_address>0x60fd</load_address>
         <run_address>0x60fd</run_address>
         <size>0x2af</size>
         <input_file_ref idref="fl-3"/>
      </object_component>
      <object_component id="oc-2d">
         <name>.debug_info</name>
         <load_address>0x63ac</load_address>
         <run_address>0x63ac</run_address>
         <size>0xed</size>
         <input_file_ref idref="fl-3"/>
      </object_component>
      <object_component id="oc-76">
         <name>.debug_info</name>
         <load_address>0x6499</load_address>
         <run_address>0x6499</run_address>
         <size>0x1b4</size>
         <input_file_ref idref="fl-3"/>
      </object_component>
      <object_component id="oc-1de">
         <name>.debug_info</name>
         <load_address>0x664d</load_address>
         <run_address>0x664d</run_address>
         <size>0xe6</size>
         <input_file_ref idref="fl-4"/>
      </object_component>
      <object_component id="oc-c9">
         <name>.debug_info</name>
         <load_address>0x6733</load_address>
         <run_address>0x6733</run_address>
         <size>0x258</size>
         <input_file_ref idref="fl-4"/>
      </object_component>
      <object_component id="oc-9e">
         <name>.debug_info</name>
         <load_address>0x698b</load_address>
         <run_address>0x698b</run_address>
         <size>0x2c</size>
         <input_file_ref idref="fl-5"/>
      </object_component>
      <object_component id="oc-e2">
         <name>.debug_info</name>
         <load_address>0x69b7</load_address>
         <run_address>0x69b7</run_address>
         <size>0x258</size>
         <input_file_ref idref="fl-6"/>
      </object_component>
      <object_component id="oc-2c2">
         <name>.debug_info</name>
         <load_address>0x6c0f</load_address>
         <run_address>0x6c0f</run_address>
         <size>0x6c</size>
         <input_file_ref idref="fl-6"/>
      </object_component>
      <object_component id="oc-131">
         <name>.debug_info</name>
         <load_address>0x6c7b</load_address>
         <run_address>0x6c7b</run_address>
         <size>0x8b</size>
         <input_file_ref idref="fl-6"/>
      </object_component>
      <object_component id="oc-33d">
         <name>.debug_info</name>
         <load_address>0x6d06</load_address>
         <run_address>0x6d06</run_address>
         <size>0x793</size>
         <input_file_ref idref="fl-7"/>
      </object_component>
      <object_component id="oc-337">
         <name>.debug_info</name>
         <load_address>0x7499</load_address>
         <run_address>0x7499</run_address>
         <size>0x112</size>
         <input_file_ref idref="fl-7"/>
      </object_component>
      <object_component id="oc-33a">
         <name>.debug_info</name>
         <load_address>0x75ab</load_address>
         <run_address>0x75ab</run_address>
         <size>0x106</size>
         <input_file_ref idref="fl-7"/>
      </object_component>
      <object_component id="oc-230">
         <name>.debug_info</name>
         <load_address>0x76b1</load_address>
         <run_address>0x76b1</run_address>
         <size>0xbb6</size>
         <input_file_ref idref="fl-7"/>
      </object_component>
      <object_component id="oc-f4">
         <name>.debug_info</name>
         <load_address>0x8267</load_address>
         <run_address>0x8267</run_address>
         <size>0x313</size>
         <input_file_ref idref="fl-8"/>
      </object_component>
      <object_component id="oc-30e">
         <name>.debug_info</name>
         <load_address>0x857a</load_address>
         <run_address>0x857a</run_address>
         <size>0x5b3</size>
         <input_file_ref idref="fl-9"/>
      </object_component>
      <object_component id="oc-227">
         <name>.debug_info</name>
         <load_address>0x8b2d</load_address>
         <run_address>0x8b2d</run_address>
         <size>0x51b</size>
         <input_file_ref idref="fl-9"/>
      </object_component>
      <object_component id="oc-236">
         <name>.debug_info</name>
         <load_address>0x9048</load_address>
         <run_address>0x9048</run_address>
         <size>0x2ba</size>
         <input_file_ref idref="fl-a"/>
      </object_component>
      <object_component id="oc-375">
         <name>.debug_info</name>
         <load_address>0x9302</load_address>
         <run_address>0x9302</run_address>
         <size>0x2ff</size>
         <input_file_ref idref="fl-b"/>
      </object_component>
      <object_component id="oc-368">
         <name>.debug_info</name>
         <load_address>0x9601</load_address>
         <run_address>0x9601</run_address>
         <size>0xe3</size>
         <input_file_ref idref="fl-b"/>
      </object_component>
      <object_component id="oc-285">
         <name>.debug_info</name>
         <load_address>0x96e4</load_address>
         <run_address>0x96e4</run_address>
         <size>0x3ad4</size>
         <input_file_ref idref="fl-b"/>
      </object_component>
      <object_component id="oc-312">
         <name>.debug_info</name>
         <load_address>0xd1b8</load_address>
         <run_address>0xd1b8</run_address>
         <size>0xb3c</size>
         <input_file_ref idref="fl-c"/>
      </object_component>
      <object_component id="oc-315">
         <name>.debug_info</name>
         <load_address>0xdcf4</load_address>
         <run_address>0xdcf4</run_address>
         <size>0xea</size>
         <input_file_ref idref="fl-c"/>
      </object_component>
      <object_component id="oc-22a">
         <name>.debug_info</name>
         <load_address>0xddde</load_address>
         <run_address>0xddde</run_address>
         <size>0xef7</size>
         <input_file_ref idref="fl-c"/>
      </object_component>
      <object_component id="oc-3cc">
         <name>.debug_info</name>
         <load_address>0xecd5</load_address>
         <run_address>0xecd5</run_address>
         <size>0x37e2</size>
         <input_file_ref idref="fl-c"/>
      </object_component>
      <object_component id="oc-3a3">
         <name>.debug_info</name>
         <load_address>0x124b7</load_address>
         <run_address>0x124b7</run_address>
         <size>0x4ba</size>
         <input_file_ref idref="fl-d"/>
      </object_component>
      <object_component id="oc-3b4">
         <name>.debug_info</name>
         <load_address>0x12971</load_address>
         <run_address>0x12971</run_address>
         <size>0xf0</size>
         <input_file_ref idref="fl-d"/>
      </object_component>
      <object_component id="oc-39d">
         <name>.debug_info</name>
         <load_address>0x12a61</load_address>
         <run_address>0x12a61</run_address>
         <size>0xe3</size>
         <input_file_ref idref="fl-d"/>
      </object_component>
      <object_component id="oc-3ab">
         <name>.debug_info</name>
         <load_address>0x12b44</load_address>
         <run_address>0x12b44</run_address>
         <size>0xe3</size>
         <input_file_ref idref="fl-d"/>
      </object_component>
      <object_component id="oc-3a8">
         <name>.debug_info</name>
         <load_address>0x12c27</load_address>
         <run_address>0x12c27</run_address>
         <size>0x143</size>
         <input_file_ref idref="fl-d"/>
      </object_component>
      <object_component id="oc-3ae">
         <name>.debug_info</name>
         <load_address>0x12d6a</load_address>
         <run_address>0x12d6a</run_address>
         <size>0xeb</size>
         <input_file_ref idref="fl-d"/>
      </object_component>
      <object_component id="oc-3a0">
         <name>.debug_info</name>
         <load_address>0x12e55</load_address>
         <run_address>0x12e55</run_address>
         <size>0xf0</size>
         <input_file_ref idref="fl-d"/>
      </object_component>
      <object_component id="oc-3b7">
         <name>.debug_info</name>
         <load_address>0x12f45</load_address>
         <run_address>0x12f45</run_address>
         <size>0xff</size>
         <input_file_ref idref="fl-d"/>
      </object_component>
      <object_component id="oc-3b1">
         <name>.debug_info</name>
         <load_address>0x13044</load_address>
         <run_address>0x13044</run_address>
         <size>0xe9</size>
         <input_file_ref idref="fl-d"/>
      </object_component>
      <object_component id="oc-2ee">
         <name>.debug_info</name>
         <load_address>0x1312d</load_address>
         <run_address>0x1312d</run_address>
         <size>0x1ea42</size>
         <input_file_ref idref="fl-d"/>
      </object_component>
      <object_component id="oc-2fd">
         <name>.debug_info</name>
         <load_address>0x31b6f</load_address>
         <run_address>0x31b6f</run_address>
         <size>0x6d1</size>
         <input_file_ref idref="fl-d"/>
      </object_component>
      <object_component id="oc-2f2">
         <name>.debug_info</name>
         <load_address>0x32240</load_address>
         <run_address>0x32240</run_address>
         <size>0x103e</size>
         <input_file_ref idref="fl-e"/>
      </object_component>
      <object_component id="oc-21f">
         <name>.debug_info</name>
         <load_address>0x3327e</load_address>
         <run_address>0x3327e</run_address>
         <size>0x1d0d</size>
         <input_file_ref idref="fl-e"/>
      </object_component>
      <object_component id="oc-302">
         <name>.debug_info</name>
         <load_address>0x34f8b</load_address>
         <run_address>0x34f8b</run_address>
         <size>0x7d</size>
         <input_file_ref idref="fl-e"/>
      </object_component>
      <object_component id="oc-3be">
         <name>.debug_info</name>
         <load_address>0x35008</load_address>
         <run_address>0x35008</run_address>
         <size>0x28</size>
         <input_file_ref idref="fl-e"/>
      </object_component>
      <object_component id="oc-2f7">
         <name>.debug_info</name>
         <load_address>0x35030</load_address>
         <run_address>0x35030</run_address>
         <size>0x1a9</size>
         <input_file_ref idref="fl-f"/>
      </object_component>
      <object_component id="oc-1ab">
         <name>.debug_info</name>
         <load_address>0x351d9</load_address>
         <run_address>0x351d9</run_address>
         <size>0xae8</size>
         <input_file_ref idref="fl-10"/>
      </object_component>
      <object_component id="oc-1b0">
         <name>.debug_info</name>
         <load_address>0x35cc1</load_address>
         <run_address>0x35cc1</run_address>
         <size>0xea</size>
         <input_file_ref idref="fl-10"/>
      </object_component>
      <object_component id="oc-1a8">
         <name>.debug_info</name>
         <load_address>0x35dab</load_address>
         <run_address>0x35dab</run_address>
         <size>0xea</size>
         <input_file_ref idref="fl-10"/>
      </object_component>
      <object_component id="oc-87">
         <name>.debug_info</name>
         <load_address>0x35e95</load_address>
         <run_address>0x35e95</run_address>
         <size>0xc02</size>
         <input_file_ref idref="fl-10"/>
      </object_component>
      <object_component id="oc-2e2">
         <name>.debug_info</name>
         <load_address>0x36a97</load_address>
         <run_address>0x36a97</run_address>
         <size>0x5a9</size>
         <input_file_ref idref="fl-11"/>
      </object_component>
      <object_component id="oc-212">
         <name>.debug_info</name>
         <load_address>0x37040</load_address>
         <run_address>0x37040</run_address>
         <size>0x40b</size>
         <input_file_ref idref="fl-11"/>
      </object_component>
      <object_component id="oc-2ea">
         <name>.debug_info</name>
         <load_address>0x3744b</load_address>
         <run_address>0x3744b</run_address>
         <size>0x5b6</size>
         <input_file_ref idref="fl-12"/>
      </object_component>
      <object_component id="oc-2e7">
         <name>.debug_info</name>
         <load_address>0x37a01</load_address>
         <run_address>0x37a01</run_address>
         <size>0xd9</size>
         <input_file_ref idref="fl-12"/>
      </object_component>
      <object_component id="oc-2e4">
         <name>.debug_info</name>
         <load_address>0x37ada</load_address>
         <run_address>0x37ada</run_address>
         <size>0xd9</size>
         <input_file_ref idref="fl-12"/>
      </object_component>
      <object_component id="oc-219">
         <name>.debug_info</name>
         <load_address>0x37bb3</load_address>
         <run_address>0x37bb3</run_address>
         <size>0x594</size>
         <input_file_ref idref="fl-12"/>
      </object_component>
      <object_component id="oc-d2">
         <name>.debug_info</name>
         <load_address>0x38147</load_address>
         <run_address>0x38147</run_address>
         <size>0x6a3</size>
         <input_file_ref idref="fl-13"/>
      </object_component>
      <object_component id="oc-1f9">
         <name>.debug_info</name>
         <load_address>0x387ea</load_address>
         <run_address>0x387ea</run_address>
         <size>0x145</size>
         <input_file_ref idref="fl-13"/>
      </object_component>
      <object_component id="oc-23d">
         <name>.debug_info</name>
         <load_address>0x3892f</load_address>
         <run_address>0x3892f</run_address>
         <size>0x145</size>
         <input_file_ref idref="fl-14"/>
      </object_component>
      <object_component id="oc-11f">
         <name>.debug_info</name>
         <load_address>0x38a74</load_address>
         <run_address>0x38a74</run_address>
         <size>0x650</size>
         <input_file_ref idref="fl-15"/>
      </object_component>
      <object_component id="oc-243">
         <name>.debug_info</name>
         <load_address>0x390c4</load_address>
         <run_address>0x390c4</run_address>
         <size>0xd0</size>
         <input_file_ref idref="fl-15"/>
      </object_component>
      <object_component id="oc-ee">
         <name>.debug_info</name>
         <load_address>0x39194</load_address>
         <run_address>0x39194</run_address>
         <size>0x383</size>
         <input_file_ref idref="fl-15"/>
      </object_component>
      <object_component id="oc-27f">
         <name>.debug_info</name>
         <load_address>0x39517</load_address>
         <run_address>0x39517</run_address>
         <size>0xb2</size>
         <input_file_ref idref="fl-15"/>
      </object_component>
      <object_component id="oc-d6">
         <name>.debug_info</name>
         <load_address>0x395c9</load_address>
         <run_address>0x395c9</run_address>
         <size>0x90d</size>
         <input_file_ref idref="fl-16"/>
[...]
      </symbol>
      <symbol id="sm-fa0">
         <name>I2C_enableInterrupt</name>
         <value>0x146a5</value>
         <object_component_ref idref="oc-165"/>
      </symbol>
      <symbol id="sm-fa1">
         <name>I2C_disableModule</name>
         <value>0x1465b</value>
         <object_component_ref idref="oc-14d"/>
      </symbol>
      <symbol id="sm-fec">
         <name>Interrupt_disableInterrupt</name>
         <value>0x13d4d</value>
         <object_component_ref idref="oc-177"/>
      </symbol>
      <symbol id="sm-fed">
         <name>Interrupt_setPriority</name>
         <value>0x14441</value>
         <object_component_ref idref="oc-307"/>
      </symbol>
      <symbol id="sm-fee">
         <name>Interrupt_enableInterrupt</name>
         <value>0x13db1</value>
         <object_component_ref idref="oc-108"/>
      </symbol>
      <symbol id="sm-1054">
         <name>PCM_setCoreVoltageLevel</name>
         <value>0x146ad</value>
         <object_component_ref idref="oc-246"/>
      </symbol>
      <symbol id="sm-1055">
         <name>PCM_getCoreVoltageLevel</name>
         <value>0x14353</value>
         <object_component_ref idref="oc-40a"/>
      </symbol>
      <symbol id="sm-1056">
         <name>PCM_getPowerMode</name>
         <value>0x1437f</value>
         <object_component_ref idref="oc-404"/>
      </symbol>
      <symbol id="sm-1057">
         <name>PCM_getPowerState</name>
         <value>0x14675</value>
         <object_component_ref idref="oc-410"/>
      </symbol>
      <symbol id="sm-1058">
         <name>PCM_setPowerMode</name>
         <value>0x146b5</value>
         <object_component_ref idref="oc-416"/>
      </symbol>
      <symbol id="sm-108c">
         <name>SysCtl_getNMISourceStatus</name>
         <value>0x14681</value>
         <object_component_ref idref="oc-427"/>
      </symbol>
      <symbol id="sm-108d">
         <name>SysCtl_enableNMISource</name>
         <value>0x14605</value>
         <object_component_ref idref="oc-439"/>
      </symbol>
      <symbol id="sm-108e">
         <name>SysCtl_disableNMISource</name>
         <value>0x145f5</value>
         <object_component_ref idref="oc-42d"/>
      </symbol>
      <symbol id="sm-108f">
         <name>SysCtl_getTLVInfo</name>
         <value>0x13f75</value>
         <object_component_ref idref="oc-453"/>
      </symbol>
      <symbol id="sm-109b">
         <name>SysTick_enableInterrupt</name>
         <value>0x14595</value>
         <object_component_ref idref="oc-db"/>
      </symbol>
      <symbol id="sm-10c5">
         <name>UART_enableModule</name>
         <value>0x1468d</value>
         <object_component_ref idref="oc-32a"/>
      </symbol>
      <symbol id="sm-10c6">
         <name>UART_transmitData</name>
         <value>0x14465</value>
         <object_component_ref idref="oc-318"/>
      </symbol>
      <symbol id="sm-10c7">
         <name>UART_initModule</name>
         <value>0x13855</value>
         <object_component_ref idref="oc-324"/>
      </symbol>
      <symbol id="sm-10dd">
         <name>WDT_A_clearTimer</name>
         <value>0x144f5</value>
         <object_component_ref idref="oc-205"/>
      </symbol>
      <symbol id="sm-10de">
         <name>WDT_A_holdTimer</name>
         <value>0x1450d</value>
         <object_component_ref idref="oc-20b"/>
      </symbol>
      <symbol id="sm-10f0">
         <name>_c_int00</name>
         <value>0x13e79</value>
         <object_component_ref idref="oc-26"/>
      </symbol>
      <symbol id="sm-10f1">
         <name>__stack</name>
         <value>0x2000fe00</value>
         <object_component_ref idref="oc-2f"/>
      </symbol>
      <symbol id="sm-110f">
         <name>__TI_decompress_lzss</name>
         <value>0x13ce5</value>
         <object_component_ref idref="oc-14"/>
      </symbol>
      <symbol id="sm-1126">
         <name>__TI_decompress_none</name>
         <value>0x1463f</value>
         <object_component_ref idref="oc-1a"/>
      </symbol>
      <symbol id="sm-1138">
         <name>__TI_zero_init</name>
         <value>0x14699</value>
         <object_component_ref idref="oc-20"/>
      </symbol>
      <symbol id="sm-1159">
         <name>C$$EXIT</name>
         <value>0x13ecd</value>
         <object_component_ref idref="oc-6b"/>
      </symbol>
      <symbol id="sm-115a">
         <name>abort</name>
         <value>0x13ed1</value>
         <object_component_ref idref="oc-6b"/>
      </symbol>
      <symbol id="sm-115b">
         <name>exit</name>
         <value>0x13ed9</value>
         <object_component_ref idref="oc-6b"/>
      </symbol>
      <symbol id="sm-115c">
         <name>__TI_dtors_ptr</name>
         <value>0x20007338</value>
         <object_component_ref idref="oc-bd"/>
      </symbol>
      <symbol id="sm-115d">
         <name>__TI_cleanup_ptr</name>
         <value>0x20007334</value>
         <object_component_ref idref="oc-bd"/>
      </symbol>
      <symbol id="sm-115e">
         <name>__TI_enable_exit_profile_output</name>
         <value>0x2000733c</value>
         <object_component_ref idref="oc-bd"/>
      </symbol>
      <symbol id="sm-1175">
         <name>__aeabi_dsub</name>
         <value>0x1286f</value>
         <object_component_ref idref="oc-28a"/>
      </symbol>
      <symbol id="sm-1176">
         <name>__aeabi_dadd</name>
         <value>0x12879</value>
         <object_component_ref idref="oc-28a"/>
      </symbol>
      <symbol id="sm-1181">
         <name>__aeabi_dmul</name>
         <value>0x13183</value>
         <object_component_ref idref="oc-fe"/>
      </symbol>
      <symbol id="sm-118b">
         <name>__aeabi_d2iz</name>
         <value>0x14185</value>
         <object_component_ref idref="oc-28f"/>
      </symbol>
      <symbol id="sm-1195">
         <name>__aeabi_d2uiz</name>
         <value>0x141cd</value>
         <object_component_ref idref="oc-103"/>
      </symbol>
      <symbol id="sm-119f">
         <name>__aeabi_i2d</name>
         <value>0x14325</value>
         <object_component_ref idref="oc-f9"/>
      </symbol>
      <symbol id="sm-11be">
         <name>__aeabi_ldivmod</name>
         <value>0x1245d</value>
         <object_component_ref idref="oc-36f"/>
      </symbol>
      <symbol id="sm-11c7">
         <name>__aeabi_lmul</name>
         <value>0x1453d</value>
         <object_component_ref idref="oc-36a"/>
      </symbol>
      <symbol id="sm-11e2">
         <name>memcpy</name>
         <value>0x13721</value>
         <object_component_ref idref="oc-3b"/>
      </symbol>
      <symbol id="sm-11e3">
         <name>__aeabi_memcpy</name>
         <value>0x13721</value>
         <object_component_ref idref="oc-3b"/>
      </symbol>
      <symbol id="sm-11e4">
         <name>__aeabi_memcpy8</name>
         <value>0x13721</value>
         <object_component_ref idref="oc-3b"/>
      </symbol>
      <symbol id="sm-11e5">
         <name>__aeabi_memcpy4</name>
         <value>0x13721</value>
         <object_component_ref idref="oc-3b"/>
      </symbol>
      <symbol id="sm-11f4">
         <name>__aeabi_memset</name>
         <value>0x13b8b</value>
         <object_component_ref idref="oc-47"/>
      </symbol>
      <symbol id="sm-11f5">
         <name>memset</name>
         <value>0x13b91</value>
         <object_component_ref idref="oc-47"/>
      </symbol>
      <symbol id="sm-11f6">
         <name>__aeabi_memset8</name>
         <value>0x13b8b</value>
         <object_component_ref idref="oc-47"/>
      </symbol>
      <symbol id="sm-11f7">
         <name>__aeabi_memset4</name>
         <value>0x13b8b</value>
         <object_component_ref idref="oc-47"/>
      </symbol>
      <symbol id="sm-11f8">
         <name>__aeabi_memclr8</name>
         <value>0x13b89</value>
         <object_component_ref idref="oc-47"/>
      </symbol>
      <symbol id="sm-11f9">
         <name>__aeabi_memclr4</name>
         <value>0x13b89</value>
         <object_component_ref idref="oc-47"/>
      </symbol>
      <symbol id="sm-11fa">
         <name>__aeabi_memclr</name>
         <value>0x13b89</value>
         <object_component_ref idref="oc-47"/>
      </symbol>
      <symbol id="sm-1204">
         <name>__mpu_init</name>
         <value>0x12e4b</value>
         <object_component_ref idref="oc-53"/>
      </symbol>
      <symbol id="sm-120e">
         <name>_system_pre_init</name>
         <value>0x146df</value>
         <object_component_ref idref="oc-59"/>
      </symbol>
      <symbol id="sm-122f">
         <name>snprintf</name>
         <value>0x138e9</value>
         <object_component_ref idref="oc-330"/>
      </symbol>
      <symbol id="sm-1237">
         <name>main_func_sp</name>
         <value>0x20007358</value>
         <object_component_ref idref="oc-71"/>
      </symbol>
      <symbol id="sm-1241">
         <name>__aeabi_ui2d</name>
         <value>0x14489</value>
         <object_component_ref idref="oc-294"/>
      </symbol>
      <symbol id="sm-125a">
         <name>_nop</name>
         <value>0x145b7</value>
         <object_component_ref idref="oc-1d1"/>
      </symbol>
      <symbol id="sm-125b">
         <name>_lock</name>
         <value>0x20007340</value>
         <object_component_ref idref="oc-c0"/>
      </symbol>
      <symbol id="sm-125c">
         <name>_unlock</name>
         <value>0x20007344</value>
         <object_component_ref idref="oc-c0"/>
      </symbol>
      <symbol id="sm-125d">
         <name>_register_lock</name>
         <value>0x145af</value>
         <object_component_ref idref="oc-1d1"/>
      </symbol>
      <symbol id="sm-125e">
         <name>_register_unlock</name>
         <value>0x145a9</value>
         <object_component_ref idref="oc-1d1"/>
      </symbol>
      <symbol id="sm-135f">
         <name>__TI_printfi</name>
         <value>0xf719</value>
         <object_component_ref idref="oc-3d8"/>
      </symbol>
      <symbol id="sm-1373">
         <name>_args_main</name>
         <value>0x14525</value>
         <object_component_ref idref="oc-65"/>
      </symbol>
      <symbol id="sm-1389">
         <name>atoi</name>
         <value>0x1405d</value>
         <object_component_ref idref="oc-4a3"/>
      </symbol>
      <symbol id="sm-13b3">
         <name>__TI_auto_init</name>
         <value>0x13c75</value>
         <object_component_ref idref="oc-5f"/>
      </symbol>
      <symbol id="sm-13cd">
         <name>copy_in</name>
         <value>0x140a9</value>
         <object_component_ref idref="oc-a7"/>
      </symbol>
      <symbol id="sm-13d8">
         <name>_ctypes_</name>
         <value>0x146e4</value>
         <object_component_ref idref="oc-4ed"/>
      </symbol>
      <symbol id="sm-13fa">
         <name>__aeabi_cdcmpeq</name>
         <value>0x1397d</value>
         <object_component_ref idref="oc-47c"/>
      </symbol>
      <symbol id="sm-13fb">
         <name>__aeabi_cdcmple</name>
         <value>0x1397d</value>
         <object_component_ref idref="oc-47c"/>
      </symbol>
      <symbol id="sm-13fc">
         <name>__aeabi_cdrcmple</name>
         <value>0x13a03</value>
         <object_component_ref idref="oc-486"/>
      </symbol>
      <symbol id="sm-1410">
         <name>__aeabi_ddiv</name>
         <value>0x12d15</value>
         <object_component_ref idref="oc-481"/>
      </symbol>
      <symbol id="sm-141a">
         <name>__aeabi_ldiv0</name>
         <value>0x10013</value>
         <object_component_ref idref="oc-443"/>
      </symbol>
      <symbol id="sm-1429">
         <name>ltoa</name>
         <value>0x13f21</value>
         <object_component_ref idref="oc-48b"/>
      </symbol>
      <symbol id="sm-1439">
         <name>memccpy</name>
         <value>0x144a9</value>
         <object_component_ref idref="oc-4a9"/>
      </symbol>
      <symbol id="sm-1454">
         <name>frexpl</name>
         <value>0x13e15</value>
         <object_component_ref idref="oc-491"/>
      </symbol>
      <symbol id="sm-1455">
         <name>frexp</name>
         <value>0x13e15</value>
         <object_component_ref idref="oc-491"/>
      </symbol>
      <symbol id="sm-1472">
         <name>scalbn</name>
         <value>0x13281</value>
         <object_component_ref idref="oc-497"/>
      </symbol>
      <symbol id="sm-1473">
         <name>scalbnl</name>
         <value>0x13281</value>
         <object_component_ref idref="oc-497"/>
      </symbol>
      <symbol id="sm-1474">
         <name>ldexpl</name>
         <value>0x13281</value>
         <object_component_ref idref="oc-497"/>
      </symbol>
      <symbol id="sm-1475">
         <name>ldexp</name>
         <value>0x13281</value>
         <object_component_ref idref="oc-497"/>
      </symbol>
      <symbol id="sm-147f">
         <name>_system_post_cinit</name>
         <value>0x1327f</value>
         <object_component_ref idref="oc-ad"/>
      </symbol>
      <symbol id="sm-148f">
         <name>strchr</name>
         <value>0x14555</value>
         <object_component_ref idref="oc-49d"/>
      </symbol>
      <symbol id="sm-149d">
         <name>strlen</name>
         <value>0x145d1</value>
         <object_component_ref idref="oc-476"/>
      </symbol>
      <symbol id="sm-14b9">
         <name>__aeabi_uldivmod</name>
         <value>0x1267b</value>
         <object_component_ref idref="oc-471"/>
      </symbol>
      <symbol id="sm-14c1">
         <name>errno</name>
         <value>0x20007354</value>
         <object_component_ref idref="oc-4e6"/>
      </symbol>
      <symbol id="sm-14cb">
         <name>copysign</name>
         <value>0x145bd</value>
         <object_component_ref idref="oc-4e0"/>
      </symbol>
      <symbol id="sm-14cc">
         <name>copysignl</name>
         <value>0x145bd</value>
         <object_component_ref idref="oc-4e0"/>
      </symbol>
      <symbol id="sm-14cd">
         <name>__TI_static_base__</name>
         <value>0x0</value>
      </symbol>
      <symbol id="sm-14d0">
         <name>SHT$$INIT_ARRAY$$Limit</name>
         <value>0x0</value>
      </symbol>
      <symbol id="sm-14d1">
         <name>SHT$$INIT_ARRAY$$Base</name>
         <value>0x0</value>
      </symbol>
      <symbol id="sm-14d2">
         <name>NMI_Handler</name>
         <value>0x14659</value>
      </symbol>
      <symbol id="sm-14d3">
         <name>HardFault_Handler</name>
         <value>0x14659</value>
      </symbol>
      <symbol id="sm-14d4">
         <name>MemManage_Handler</name>
         <value>0x14659</value>
      </symbol>
      <symbol id="sm-14d5">
         <name>BusFault_Handler</name>
         <value>0x14659</value>
      </symbol>
      <symbol id="sm-14d6">
         <name>UsageFault_Handler</name>
         <value>0x14659</value>
      </symbol>
      <symbol id="sm-14d7">
         <name>SVC_Handler</name>
         <value>0x14659</value>
      </symbol>
      <symbol id="sm-14d8">
         <name>DebugMon_Handler</name>
         <value>0x14659</value>
      </symbol>
      <symbol id="sm-14d9">
         <name>PendSV_Handler</name>
         <value>0x14267</value>
      </symbol>
      <symbol id="sm-14da">
         <name>SysTick_Handler</name>
         <value>0x10cf7</value>
      </symbol>
      <symbol id="sm-14db">
         <name>PSS_IRQHandler</name>
         <value>0x14659</value>
      </symbol>
      <symbol id="sm-14dc">
         <name>CS_IRQHandler</name>
         <value>0x14659</value>
      </symbol>
      <symbol id="sm-14dd">
         <name>PCM_IRQHandler</name>
         <value>0x14659</value>
      </symbol>
      <symbol id="sm-14de">
         <name>WDT_A_IRQHandler</name>
         <value>0x14659</value>
      </symbol>
      <symbol id="sm-14df">
         <name>FPU_IRQHandler</name>
         <value>0x14659</value>
      </symbol>
      <symbol id="sm-14e0">
         <name>FLCTL_IRQHandler</name>
         <value>0x14659</value>
      </symbol>
      <symbol id="sm-14e1">
         <name>COMP_E0_IRQHandler</name>
         <value>0x14659</value>
      </symbol>
      <symbol id="sm-14e2">
         <name>COMP_E1_IRQHandler</name>
         <value>0x14659</value>
      </symbol>
      <symbol id="sm-14e3">
         <name>TA0_0_IRQHandler</name>
         <value>0x14659</value>
      </symbol>
      <symbol id="sm-14e4">
         <name>TA0_N_IRQHandler</name>
         <value>0x14659</value>
      </symbol>
      <symbol id="sm-14e5">
         <name>TA1_0_IRQHandler</name>
         <value>0x14659</value>
      </symbol>
      <symbol id="sm-14e6">
         <name>TA1_N_IRQHandler</name>
         <value>0x14659</value>
      </symbol>
      <symbol id="sm-14e7">
         <name>TA2_0_IRQHandler</name>
         <value>0x14659</value>
      </symbol>
      <symbol id="sm-14e8">
         <name>TA2_N_IRQHandler</name>
         <value>0x14659</value>
      </symbol>
      <symbol id="sm-14e9">
         <name>TA3_0_IRQHandler</name>
         <value>0x14659</value>
      </symbol>
      <symbol id="sm-14ea">
         <name>TA3_N_IRQHandler</name>
         <value>0x14659</value>
      </symbol>
      <symbol id="sm-14eb">
         <name>EUSCIA0_IRQHandler</name>
         <value>0x14659</value>
      </symbol>
      <symbol id="sm-14ec">
         <name>EUSCIA1_IRQHandler</name>
         <value>0x14659</value>
      </symbol>
      <symbol id="sm-14ed">
         <name>EUSCIA2_IRQHandler</name>
         <value>0x14659</value>
      </symbol>
      <symbol id="sm-14ee">
         <name>EUSCIA3_IRQHandler</name>
         <value>0x14659</value>
      </symbol>
      <symbol id="sm-14ef">
         <name>EUSCIB0_IRQHandler</name>
         <value>0x14659</value>
      </symbol>
      <symbol id="sm-14f0">
         <name>EUSCIB1_IRQHandler</name>
         <value>0x11855</value>
      </symbol>
      <symbol id="sm-14f1">
         <name>EUSCIB2_IRQHandler</name>
         <value>0x14659</value>
      </symbol>
      <symbol id="sm-14f2">
         <name>EUSCIB3_IRQHandler</name>
         <value>0x14659</value>
      </symbol>
      <symbol id="sm-14f3">
         <name>ADC14_IRQHandler</name>
         <value>0x14659</value>
      </symbol>
      <symbol id="sm-14f4">
         <name>T32_INT1_IRQHandler</name>
         <value>0x14659</value>
      </symbol>
      <symbol id="sm-14f5">
         <name>T32_INT2_IRQHandler</name>
         <value>0x14659</value>
      </symbol>
      <symbol id="sm-14f6">
         <name>T32_INTC_IRQHandler</name>
         <value>0x14659</value>
      </symbol>
      <symbol id="sm-14f7">
         <name>AES256_IRQHandler</name>
         <value>0x14659</value>
      </symbol>
      <symbol id="sm-14f8">
         <name>RTC_C_IRQHandler</name>
         <value>0x14659</value>
      </symbol>
      <symbol id="sm-14f9">
         <name>DMA_ERR_IRQHandler</name>
         <value>0x14659</value>
      </symbol>
      <symbol id="sm-14fa">
         <name>DMA_INT3_IRQHandler</name>
         <value>0x14659</value>
      </symbol>
      <symbol id="sm-14fb">
         <name>DMA_INT2_IRQHandler</name>
         <value>0x14659</value>
      </symbol>
      <symbol id="sm-14fc">
         <name>DMA_INT1_IRQHandler</name>
         <value>0x14659</value>
      </symbol>
      <symbol id="sm-14fd">
         <name>DMA_INT0_IRQHandler</name>
         <value>0x14659</value>
      </symbol>
      <symbol id="sm-14fe">
         <name>PORT1_IRQHandler</name>
         <value>0x14659</value>
      </symbol>
      <symbol id="sm-14ff">
         <name>PORT2_IRQHandler</name>
         <value>0x14659</value>
      </symbol>
      <symbol id="sm-1500">
         <name>PORT3_IRQHandler</name>
         <value>0x14659</value>
      </symbol>
      <symbol id="sm-1501">
         <name>PORT4_IRQHandler</name>
         <value>0x14659</value>
      </symbol>
      <symbol id="sm-1502">
         <name>PORT5_IRQHandler</name>
         <value>0x14659</value>
      </symbol>
      <symbol id="sm-1503">
         <name>PORT6_IRQHandler</name>
         <value>0x14659</value>
      </symbol>
   </symbol_table>
   <title>Link successful</title>
</link_info>
