<?xml version="1.0" encoding="ISO-8859-1" ?>
<link_info>
   <banner>TI ARM Linker PC v18.1.2.LTS</banner>
   <copyright>Copyright (c) 1996-2017 Texas Instruments Incorporated</copyright>
   <link_time>0x5c06c6ff</link_time>
   <link_errors>0x0</link_errors>
   <output_file>Lab5MicroP2.out</output_file>
   <entry_point>
      <name>_c_int00_noargs</name>
      <address>0xae69</address>
   </entry_point>
   <input_file_list>
      <input_file id="fl-2">
         <path>.\</path>
         <kind>object</kind>
         <file>Game.obj</file>
         <name>Game.obj</name>
      </input_file>
      <input_file id="fl-3">
         <path>.\</path>
         <kind>object</kind>
         <file>main.obj</file>
         <name>main.obj</name>
      </input_file>
      <input_file id="fl-4">
         <path>.\</path>
         <kind>object</kind>
         <file>startup_msp432p401r_ccs.obj</file>
         <name>startup_msp432p401r_ccs.obj</name>
      </input_file>
      <input_file id="fl-5">
         <path>.\</path>
         <kind>object</kind>
         <file>system_msp432p401r.obj</file>
         <name>system_msp432p401r.obj</name>
      </input_file>
      <input_file id="fl-6">
         <path>.\BoardSupportPackage\src\</path>
         <kind>object</kind>
         <file>AsciiLib.obj</file>
         <name>AsciiLib.obj</name>
      </input_file>
      <input_file id="fl-7">
         <path>.\BoardSupportPackage\src\</path>
         <kind>object</kind>
         <file>BSP.obj</file>
         <name>BSP.obj</name>
      </input_file>
      <input_file id="fl-8">
         <path>.\BoardSupportPackage\src\</path>
         <kind>object</kind>
         <file>BackChannelUart.obj</file>
         <name>BackChannelUart.obj</name>
      </input_file>
      <input_file id="fl-9">
         <path>.\BoardSupportPackage\src\</path>
         <kind>object</kind>
         <file>ClockSys.obj</file>
         <name>ClockSys.obj</name>
      </input_file>
      <input_file id="fl-a">
         <path>.\BoardSupportPackage\src\</path>
         <kind>object</kind>
         <file>Joystick.obj</file>
         <name>Joystick.obj</name>
      </input_file>
      <input_file id="fl-b">
         <path>.\BoardSupportPackage\src\</path>
         <kind>object</kind>
         <file>LCDlib.obj</file>
         <name>LCDlib.obj</name>
      </input_file>
      <input_file id="fl-c">
         <path>.\BoardSupportPackage\src\</path>
         <kind>object</kind>
         <file>RGBLeds.obj</file>
         <name>RGBLeds.obj</name>
      </input_file>
      <input_file id="fl-d">
         <path>.\BoardSupportPackage\src\</path>
         <kind>object</kind>
         <file>bme280.obj</file>
         <name>bme280.obj</name>
      </input_file>
      <input_file id="fl-e">
         <path>.\BoardSupportPackage\src\</path>
         <kind>object</kind>
         <file>bme280_support.obj</file>
         <name>bme280_support.obj</name>
      </input_file>
      <input_file id="fl-f">
         <path>.\BoardSupportPackage\src\</path>
         <kind>object</kind>
         <file>bmi160.obj</file>
         <name>bmi160.obj</name>
      </input_file>
      <input_file id="fl-10">
         <path>.\BoardSupportPackage\src\</path>
         <kind>object</kind>
         <file>bmi160_support.obj</file>
         <name>bmi160_support.obj</name>
      </input_file>
      <input_file id="fl-11">
         <path>.\BoardSupportPackage\src\</path>
         <kind>object</kind>
         <file>demo_sysctl.obj</file>
         <name>demo_sysctl.obj</name>
      </input_file>
      <input_file id="fl-12">
         <path>.\BoardSupportPackage\src\</path>
         <kind>object</kind>
         <file>i2c_driver.obj</file>
         <name>i2c_driver.obj</name>
      </input_file>
      <input_file id="fl-13">
         <path>.\BoardSupportPackage\src\</path>
         <kind>object</kind>
         <file>opt3001.obj</file>
         <name>opt3001.obj</name>
      </input_file>
      <input_file id="fl-14">
         <path>.\BoardSupportPackage\src\</path>
         <kind>object</kind>
         <file>tmp007.obj</file>
         <name>tmp007.obj</name>
      </input_file>
      <input_file id="fl-15">
         <path>.\CC3100SupportPackage\board\</path>
         <kind>object</kind>
         <file>board.obj</file>
         <name>board.obj</name>
      </input_file>
      <input_file id="fl-16">
         <path>.\CC3100SupportPackage\cc3100_usage\</path>
         <kind>object</kind>
         <file>cc3100_usage.obj</file>
         <name>cc3100_usage.obj</name>
      </input_file>
      <input_file id="fl-17">
         <path>.\CC3100SupportPackage\simplelink\source\</path>
         <kind>object</kind>
         <file>device.obj</file>
         <name>device.obj</name>
      </input_file>
      <input_file id="fl-18">
         <path>.\CC3100SupportPackage\simplelink\source\</path>
         <kind>object</kind>
         <file>driver.obj</file>
         <name>driver.obj</name>
      </input_file>
      <input_file id="fl-19">
         <path>.\CC3100SupportPackage\simplelink\source\</path>
         <kind>object</kind>
         <file>flowcont.obj</file>
         <name>flowcont.obj</name>
      </input_file>
      <input_file id="fl-1a">
         <path>.\CC3100SupportPackage\simplelink\source\</path>
         <kind>object</kind>
         <file>fs.obj</file>
         <name>fs.obj</name>
      </input_file>
      <input_file id="fl-1b">
         <path>.\CC3100SupportPackage\simplelink\source\</path>
         <kind>object</kind>
         <file>netapp.obj</file>
         <name>netapp.obj</name>
      </input_file>
      <input_file id="fl-1c">
         <path>.\CC3100SupportPackage\simplelink\source\</path>
         <kind>object</kind>
         <file>netcfg.obj</file>
         <name>netcfg.obj</name>
      </input_file>
      <input_file id="fl-1d">
         <path>.\CC3100SupportPackage\simplelink\source\</path>
         <kind>object</kind>
         <file>nonos.obj</file>
         <name>nonos.obj</name>
      </input_file>
      <input_file id="fl-1e">
         <path>.\CC3100SupportPackage\simplelink\source\</path>
         <kind>object</kind>
         <file>socket.obj</file>
         <name>socket.obj</name>
      </input_file>
      <input_file id="fl-1f">
         <path>.\CC3100SupportPackage\simplelink\source\</path>
         <kind>object</kind>
         <file>spawn.obj</file>
         <name>spawn.obj</name>
      </input_file>
      <input_file id="fl-20">
         <path>.\CC3100SupportPackage\simplelink\source\</path>
         <kind>object</kind>
         <file>wlan.obj</file>
         <name>wlan.obj</name>
      </input_file>
      <input_file id="fl-21">
         <path>.\CC3100SupportPackage\spi_cc3100\</path>
         <kind>object</kind>
         <file>spi_cc3100.obj</file>
         <name>spi_cc3100.obj</name>
      </input_file>
      <input_file id="fl-22">
         <path>.\G8RTOS\</path>
         <kind>object</kind>
         <file>Bean.obj</file>
         <name>Bean.obj</name>
      </input_file>
      <input_file id="fl-23">
         <path>.\G8RTOS\</path>
         <kind>object</kind>
         <file>G8RTOS_CriticalSection.obj</file>
         <name>G8RTOS_CriticalSection.obj</name>
      </input_file>
      <input_file id="fl-24">
         <path>.\G8RTOS\</path>
         <kind>object</kind>
         <file>G8RTOS_IPC.obj</file>
         <name>G8RTOS_IPC.obj</name>
      </input_file>
      <input_file id="fl-25">
         <path>.\G8RTOS\</path>
         <kind>object</kind>
         <file>G8RTOS_Scheduler.obj</file>
         <name>G8RTOS_Scheduler.obj</name>
      </input_file>
      <input_file id="fl-26">
         <path>.\G8RTOS\</path>
         <kind>object</kind>
         <file>G8RTOS_SchedulerASM.obj</file>
         <name>G8RTOS_SchedulerASM.obj</name>
      </input_file>
      <input_file id="fl-27">
         <path>.\G8RTOS\</path>
         <kind>object</kind>
         <file>G8RTOS_Semaphores.obj</file>
         <name>G8RTOS_Semaphores.obj</name>
      </input_file>
      <input_file id="fl-2c">
         <kind>object</kind>
         <file>&lt;internal&gt;</file>
         <name>&lt;internal&gt;</name>
      </input_file>
      <input_file id="fl-2d">
         <path>..\BoardSupportPackage\DriverLib\</path>
         <kind>archive</kind>
         <file>msp432p4xx_driverlib.lib</file>
         <name>cs.o</name>
      </input_file>
      <input_file id="fl-2e">
         <path>..\BoardSupportPackage\DriverLib\</path>
         <kind>archive</kind>
         <file>msp432p4xx_driverlib.lib</file>
         <name>flash.o</name>
      </input_file>
      <input_file id="fl-2f">
         <path>..\BoardSupportPackage\DriverLib\</path>
         <kind>archive</kind>
         <file>msp432p4xx_driverlib.lib</file>
         <name>gpio.o</name>
      </input_file>
      <input_file id="fl-30">
         <path>..\BoardSupportPackage\DriverLib\</path>
         <kind>archive</kind>
         <file>msp432p4xx_driverlib.lib</file>
         <name>i2c.o</name>
      </input_file>
      <input_file id="fl-31">
         <path>..\BoardSupportPackage\DriverLib\</path>
         <kind>archive</kind>
         <file>msp432p4xx_driverlib.lib</file>
         <name>interrupt.o</name>
      </input_file>
      <input_file id="fl-32">
         <path>..\BoardSupportPackage\DriverLib\</path>
         <kind>archive</kind>
         <file>msp432p4xx_driverlib.lib</file>
         <name>pcm.o</name>
      </input_file>
      <input_file id="fl-33">
         <path>..\BoardSupportPackage\DriverLib\</path>
         <kind>archive</kind>
         <file>msp432p4xx_driverlib.lib</file>
         <name>rtc_c.o</name>
      </input_file>
      <input_file id="fl-34">
         <path>..\BoardSupportPackage\DriverLib\</path>
         <kind>archive</kind>
         <file>msp432p4xx_driverlib.lib</file>
         <name>spi.o</name>
      </input_file>
      <input_file id="fl-35">
         <path>..\BoardSupportPackage\DriverLib\</path>
         <kind>archive</kind>
         <file>msp432p4xx_driverlib.lib</file>
         <name>sysctl.o</name>
      </input_file>
      <input_file id="fl-36">
         <path>..\BoardSupportPackage\DriverLib\</path>
         <kind>archive</kind>
         <file>msp432p4xx_driverlib.lib</file>
         <name>systick.o</name>
      </input_file>
      <input_file id="fl-37">
         <path>..\BoardSupportPackage\DriverLib\</path>
         <kind>archive</kind>
         <file>msp432p4xx_driverlib.lib</file>
         <name>uart.o</name>
      </input_file>
      <input_file id="fl-38">
         <path>..\BoardSupportPackage\DriverLib\</path>
         <kind>archive</kind>
         <file>msp432p4xx_driverlib.lib</file>
         <name>wdt_a.o</name>
      </input_file>
      <input_file id="fl-39">
         <path>..\BoardSupportPackage\DriverLib\</path>
         <kind>archive</kind>
         <file>msp432p4xx_driverlib.lib</file>
         <name>cpu.o</name>
      </input_file>
      <input_file id="fl-ef">
         <path>C:\ti\ccsv8\tools\compiler\ti-cgt-arm_18.1.2.LTS\lib\</path>
         <kind>archive</kind>
         <file>rtsv7M4_T_le_v4SPD16_eabi.lib</file>
         <name>memset_t2.asm.obj</name>
      </input_file>
      <input_file id="fl-f0">
         <path>C:\ti\ccsv8\tools\compiler\ti-cgt-arm_18.1.2.LTS\lib\</path>
         <kind>archive</kind>
         <file>rtsv7M4_T_le_v4SPD16_eabi.lib</file>
         <name>fd_mul_t2.asm.obj</name>
      </input_file>
      <input_file id="fl-f1">
         <path>C:\ti\ccsv8\tools\compiler\ti-cgt-arm_18.1.2.LTS\lib\</path>
         <kind>archive</kind>
         <file>rtsv7M4_T_le_v4SPD16_eabi.lib</file>
         <name>fd_tou_t2.asm.obj</name>
      </input_file>
      <input_file id="fl-f2">
         <path>C:\ti\ccsv8\tools\compiler\ti-cgt-arm_18.1.2.LTS\lib\</path>
         <kind>archive</kind>
         <file>rtsv7M4_T_le_v4SPD16_eabi.lib</file>
         <name>i_tofd_t2.asm.obj</name>
      </input_file>
      <input_file id="fl-f3">
         <path>C:\ti\ccsv8\tools\compiler\ti-cgt-arm_18.1.2.LTS\lib\</path>
         <kind>archive</kind>
         <file>rtsv7M4_T_le_v4SPD16_eabi.lib</file>
         <name>ll_mul_t2.asm.obj</name>
      </input_file>
      <input_file id="fl-f4">
         <path>C:\ti\ccsv8\tools\compiler\ti-cgt-arm_18.1.2.LTS\lib\</path>
         <kind>archive</kind>
         <file>rtsv7M4_T_le_v4SPD16_eabi.lib</file>
         <name>memcpy_t2.asm.obj</name>
      </input_file>
      <input_file id="fl-f5">
         <path>C:\ti\ccsv8\tools\compiler\ti-cgt-arm_18.1.2.LTS\lib\</path>
         <kind>archive</kind>
         <file>rtsv7M4_T_le_v4SPD16_eabi.lib</file>
         <name>u_tofd_t2.asm.obj</name>
      </input_file>
      <input_file id="fl-f6">
         <path>C:\ti\ccsv8\tools\compiler\ti-cgt-arm_18.1.2.LTS\lib\</path>
         <kind>archive</kind>
         <file>rtsv7M4_T_le_v4SPD16_eabi.lib</file>
         <name>ll_div_t2.asm.obj</name>
      </input_file>
      <input_file id="fl-f7">
         <path>C:\ti\ccsv8\tools\compiler\ti-cgt-arm_18.1.2.LTS\lib\</path>
         <kind>archive</kind>
         <file>rtsv7M4_T_le_v4SPD16_eabi.lib</file>
         <name>ull_div_t2.asm.obj</name>
      </input_file>
      <input_file id="fl-f8">
         <path>C:\ti\ccsv8\tools\compiler\ti-cgt-arm_18.1.2.LTS\lib\</path>
         <kind>archive</kind>
         <file>rtsv7M4_T_le_v4SPD16_eabi.lib</file>
         <name>copy_zero_init.c.obj</name>
      </input_file>
      <input_file id="fl-f9">
         <path>C:\ti\ccsv8\tools\compiler\ti-cgt-arm_18.1.2.LTS\lib\</path>
         <kind>archive</kind>
         <file>rtsv7M4_T_le_v4SPD16_eabi.lib</file>
         <name>copy_decompress_none.c.obj</name>
      </input_file>
      <input_file id="fl-fa">
         <path>C:\ti\ccsv8\tools\compiler\ti-cgt-arm_18.1.2.LTS\lib\</path>
         <kind>archive</kind>
         <file>rtsv7M4_T_le_v4SPD16_eabi.lib</file>
         <name>copy_decompress_lzss.c.obj</name>
      </input_file>
      <input_file id="fl-fb">
         <path>C:\ti\ccsv8\tools\compiler\ti-cgt-arm_18.1.2.LTS\lib\</path>
         <kind>archive</kind>
         <file>rtsv7M4_T_le_v4SPD16_eabi.lib</file>
         <name>boot_cortex_m.c.obj</name>
      </input_file>
      <input_file id="fl-fc">
         <path>C:\ti\ccsv8\tools\compiler\ti-cgt-arm_18.1.2.LTS\lib\</path>
         <kind>archive</kind>
         <file>rtsv7M4_T_le_v4SPD16_eabi.lib</file>
         <name>exit.c.obj</name>
      </input_file>
      <input_file id="fl-fd">
         <path>C:\ti\ccsv8\tools\compiler\ti-cgt-arm_18.1.2.LTS\lib\</path>
         <kind>archive</kind>
         <file>rtsv7M4_T_le_v4SPD16_eabi.lib</file>
         <name>_lock.c.obj</name>
      </input_file>
      <input_file id="fl-fe">
         <path>C:\ti\ccsv8\tools\compiler\ti-cgt-arm_18.1.2.LTS\lib\</path>
         <kind>archive</kind>
         <file>rtsv7M4_T_le_v4SPD16_eabi.lib</file>
         <name>args_main.c.obj</name>
      </input_file>
      <input_file id="fl-ff">
         <path>C:\ti\ccsv8\tools\compiler\ti-cgt-arm_18.1.2.LTS\lib\</path>
         <kind>archive</kind>
         <file>rtsv7M4_T_le_v4SPD16_eabi.lib</file>
         <name>rand.c.obj</name>
      </input_file>
      <input_file id="fl-100">
         <path>C:\ti\ccsv8\tools\compiler\ti-cgt-arm_18.1.2.LTS\lib\</path>
         <kind>archive</kind>
         <file>rtsv7M4_T_le_v4SPD16_eabi.lib</file>
         <name>snprintf.c.obj</name>
      </input_file>
      <input_file id="fl-101">
         <path>C:\ti\ccsv8\tools\compiler\ti-cgt-arm_18.1.2.LTS\lib\</path>
         <kind>archive</kind>
         <file>rtsv7M4_T_le_v4SPD16_eabi.lib</file>
         <name>sprintf.c.obj</name>
      </input_file>
      <input_file id="fl-102">
         <path>C:\ti\ccsv8\tools\compiler\ti-cgt-arm_18.1.2.LTS\lib\</path>
         <kind>archive</kind>
         <file>rtsv7M4_T_le_v4SPD16_eabi.lib</file>
         <name>strcat.c.obj</name>
      </input_file>
      <input_file id="fl-103">
         <path>C:\ti\ccsv8\tools\compiler\ti-cgt-arm_18.1.2.LTS\lib\</path>
         <kind>archive</kind>
         <file>rtsv7M4_T_le_v4SPD16_eabi.lib</file>
         <name>strncpy.c.obj</name>
      </input_file>
      <input_file id="fl-104">
         <path>C:\ti\ccsv8\tools\compiler\ti-cgt-arm_18.1.2.LTS\lib\</path>
         <kind>archive</kind>
         <file>rtsv7M4_T_le_v4SPD16_eabi.lib</file>
         <name>div0.asm.obj</name>
      </input_file>
      <input_file id="fl-105">
         <path>C:\ti\ccsv8\tools\compiler\ti-cgt-arm_18.1.2.LTS\lib\</path>
         <kind>archive</kind>
         <file>rtsv7M4_T_le_v4SPD16_eabi.lib</file>
         <name>autoinit.c.obj</name>
      </input_file>
      <input_file id="fl-106">
         <path>C:\ti\ccsv8\tools\compiler\ti-cgt-arm_18.1.2.LTS\lib\</path>
         <kind>archive</kind>
         <file>rtsv7M4_T_le_v4SPD16_eabi.lib</file>
         <name>pre_init.c.obj</name>
      </input_file>
      <input_file id="fl-107">
         <path>C:\ti\ccsv8\tools\compiler\ti-cgt-arm_18.1.2.LTS\lib\</path>
         <kind>archive</kind>
         <file>rtsv7M4_T_le_v4SPD16_eabi.lib</file>
         <name>cpy_tbl.c.obj</name>
      </input_file>
      <input_file id="fl-108">
         <path>C:\ti\ccsv8\tools\compiler\ti-cgt-arm_18.1.2.LTS\lib\</path>
         <kind>archive</kind>
         <file>rtsv7M4_T_le_v4SPD16_eabi.lib</file>
         <name>_printfi.c.obj</name>
      </input_file>
      <input_file id="fl-109">
         <path>C:\ti\ccsv8\tools\compiler\ti-cgt-arm_18.1.2.LTS\lib\</path>
         <kind>archive</kind>
         <file>rtsv7M4_T_le_v4SPD16_eabi.lib</file>
         <name>atoi.c.obj</name>
      </input_file>
      <input_file id="fl-10a">
         <path>C:\ti\ccsv8\tools\compiler\ti-cgt-arm_18.1.2.LTS\lib\</path>
         <kind>archive</kind>
         <file>rtsv7M4_T_le_v4SPD16_eabi.lib</file>
         <name>ctype.c.obj</name>
      </input_file>
      <input_file id="fl-10b">
         <path>C:\ti\ccsv8\tools\compiler\ti-cgt-arm_18.1.2.LTS\lib\</path>
         <kind>archive</kind>
         <file>rtsv7M4_T_le_v4SPD16_eabi.lib</file>
         <name>ltoa.c.obj</name>
      </input_file>
      <input_file id="fl-10c">
         <path>C:\ti\ccsv8\tools\compiler\ti-cgt-arm_18.1.2.LTS\lib\</path>
         <kind>archive</kind>
         <file>rtsv7M4_T_le_v4SPD16_eabi.lib</file>
         <name>memccpy.c.obj</name>
      </input_file>
      <input_file id="fl-10d">
         <path>C:\ti\ccsv8\tools\compiler\ti-cgt-arm_18.1.2.LTS\lib\</path>
         <kind>archive</kind>
         <file>rtsv7M4_T_le_v4SPD16_eabi.lib</file>
         <name>strchr.c.obj</name>
      </input_file>
      <input_file id="fl-10e">
         <path>C:\ti\ccsv8\tools\compiler\ti-cgt-arm_18.1.2.LTS\lib\</path>
         <kind>archive</kind>
         <file>rtsv7M4_T_le_v4SPD16_eabi.lib</file>
         <name>strlen.c.obj</name>
      </input_file>
      <input_file id="fl-10f">
         <path>C:\ti\ccsv8\tools\compiler\ti-cgt-arm_18.1.2.LTS\lib\</path>
         <kind>archive</kind>
         <file>rtsv7M4_T_le_v4SPD16_eabi.lib</file>
         <name>s_frexp.c.obj</name>
      </input_file>
      <input_file id="fl-110">
         <path>C:\ti\ccsv8\tools\compiler\ti-cgt-arm_18.1.2.LTS\lib\</path>
         <kind>archive</kind>
         <file>rtsv7M4_T_le_v4SPD16_eabi.lib</file>
         <name>s_scalbn.c.obj</name>
      </input_file>
      <input_file id="fl-111">
         <path>C:\ti\ccsv8\tools\compiler\ti-cgt-arm_18.1.2.LTS\lib\</path>
         <kind>archive</kind>
         <file>rtsv7M4_T_le_v4SPD16_eabi.lib</file>
         <name>s_copysign.c.obj</name>
      </input_file>
      <input_file id="fl-112">
         <path>C:\ti\ccsv8\tools\compiler\ti-cgt-arm_18.1.2.LTS\lib\</path>
         <kind>archive</kind>
         <file>rtsv7M4_T_le_v4SPD16_eabi.lib</file>
         <name>wcslen.c.obj</name>
      </input_file>
      <input_file id="fl-113">
         <path>C:\ti\ccsv8\tools\compiler\ti-cgt-arm_18.1.2.LTS\lib\</path>
         <kind>archive</kind>
         <file>rtsv7M4_T_le_v4SPD16_eabi.lib</file>
         <name>fd_add_t2.asm.obj</name>
      </input_file>
      <input_file id="fl-114">
         <path>C:\ti\ccsv8\tools\compiler\ti-cgt-arm_18.1.2.LTS\lib\</path>
         <kind>archive</kind>
         <file>rtsv7M4_T_le_v4SPD16_eabi.lib</file>
         <name>fd_cmp_t2.asm.obj</name>
      </input_file>
      <input_file id="fl-115">
         <path>C:\ti\ccsv8\tools\compiler\ti-cgt-arm_18.1.2.LTS\lib\</path>
         <kind>archive</kind>
         <file>rtsv7M4_T_le_v4SPD16_eabi.lib</file>
         <name>fd_div_t2.asm.obj</name>
      </input_file>
      <input_file id="fl-116">
         <path>C:\ti\ccsv8\tools\compiler\ti-cgt-arm_18.1.2.LTS\lib\</path>
         <kind>archive</kind>
         <file>rtsv7M4_T_le_v4SPD16_eabi.lib</file>
         <name>fd_toi_t2.asm.obj</name>
      </input_file>
      <input_file id="fl-117">
         <path>C:\ti\ccsv8\tools\compiler\ti-cgt-arm_18.1.2.LTS\lib\</path>
         <kind>archive</kind>
         <file>rtsv7M4_T_le_v4SPD16_eabi.lib</file>
         <name>errno.c.obj</name>
      </input_file>
   </input_file_list>
   <object_component_list>
      <object_component id="oc-23">
         <name>.intvecs:retain</name>
         <load_address>0x0</load_address>
         <run_address>0x0</run_address>
         <size>0xe4</size>
         <input_file_ref idref="fl-4"/>
      </object_component>
      <object_component id="oc-5c1">
         <name>.text</name>
         <load_address>0xe4</load_address>
         <run_address>0xe4</run_address>
         <size>0x2028</size>
         <input_file_ref idref="fl-18"/>
      </object_component>
      <object_component id="oc-d2">
         <name>.text</name>
         <load_address>0x210c</load_address>
         <run_address>0x210c</run_address>
         <size>0x1284</size>
         <input_file_ref idref="fl-2"/>
      </object_component>
      <object_component id="oc-430">
         <name>.text</name>
         <load_address>0x3390</load_address>
         <run_address>0x3390</run_address>
         <size>0xed4</size>
         <input_file_ref idref="fl-1e"/>
      </object_component>
      <object_component id="oc-451">
         <name>.text</name>
         <load_address>0x4264</load_address>
         <run_address>0x4264</run_address>
         <size>0xb40</size>
         <input_file_ref idref="fl-1b"/>
      </object_component>
      <object_component id="oc-445">
         <name>.text</name>
         <load_address>0x4da4</load_address>
         <run_address>0x4da4</run_address>
         <size>0xab8</size>
         <input_file_ref idref="fl-20"/>
      </object_component>
      <object_component id="oc-411">
         <name>.text:__TI_printfi</name>
         <load_address>0x585c</load_address>
         <run_address>0x585c</run_address>
         <size>0xa5e</size>
         <input_file_ref idref="fl-108"/>
      </object_component>
      <object_component id="oc-4f3">
         <name>.text:_nop</name>
         <load_address>0x62ba</load_address>
         <run_address>0x62ba</run_address>
         <size>0x2</size>
         <input_file_ref idref="fl-fd"/>
      </object_component>
      <object_component id="oc-6f">
         <name>.text</name>
         <load_address>0x62bc</load_address>
         <run_address>0x62bc</run_address>
         <size>0x8c8</size>
         <input_file_ref idref="fl-25"/>
      </object_component>
      <object_component id="oc-2d4">
         <name>.text</name>
         <load_address>0x6b84</load_address>
         <run_address>0x6b84</run_address>
         <size>0x684</size>
         <input_file_ref idref="fl-16"/>
      </object_component>
      <object_component id="oc-439">
         <name>.text</name>
         <load_address>0x7208</load_address>
         <run_address>0x7208</run_address>
         <size>0x5b4</size>
         <input_file_ref idref="fl-17"/>
      </object_component>
      <object_component id="oc-2a8">
         <name>.text</name>
         <load_address>0x77bc</load_address>
         <run_address>0x77bc</run_address>
         <size>0x520</size>
         <input_file_ref idref="fl-b"/>
      </object_component>
      <object_component id="oc-7b">
         <name>.text</name>
         <load_address>0x7cdc</load_address>
         <run_address>0x7cdc</run_address>
         <size>0x360</size>
         <input_file_ref idref="fl-12"/>
      </object_component>
      <object_component id="oc-75">
         <name>.text</name>
         <load_address>0x803c</load_address>
         <run_address>0x803c</run_address>
         <size>0x34c</size>
         <input_file_ref idref="fl-15"/>
      </object_component>
      <object_component id="oc-b9">
         <name>.text</name>
         <load_address>0x8388</load_address>
         <run_address>0x8388</run_address>
         <size>0x334</size>
         <input_file_ref idref="fl-5"/>
      </object_component>
      <object_component id="oc-594">
         <name>.text:_pconv_a</name>
         <load_address>0x86bc</load_address>
         <run_address>0x86bc</run_address>
         <size>0x270</size>
         <input_file_ref idref="fl-108"/>
      </object_component>
      <object_component id="oc-609">
         <name>.text</name>
         <load_address>0x892c</load_address>
         <run_address>0x892c</run_address>
         <size>0x210</size>
         <input_file_ref idref="fl-21"/>
      </object_component>
      <object_component id="oc-582">
         <name>.text:_pconv_g</name>
         <load_address>0x8b3c</load_address>
         <run_address>0x8b3c</run_address>
         <size>0x1d0</size>
         <input_file_ref idref="fl-108"/>
      </object_component>
      <object_component id="oc-751">
         <name>.text</name>
         <load_address>0x8d0c</load_address>
         <run_address>0x8d0c</run_address>
         <size>0x1b6</size>
         <input_file_ref idref="fl-113"/>
      </object_component>
      <object_component id="oc-355">
         <name>.text:__PCM_setPowerStateAdvanced</name>
         <load_address>0x8ec2</load_address>
         <run_address>0x8ec2</run_address>
         <size>0x1a0</size>
         <input_file_ref idref="fl-32"/>
      </object_component>
      <object_component id="oc-855">
         <name>.text</name>
         <load_address>0x9062</load_address>
         <run_address>0x9062</run_address>
         <size>0x2</size>
         <input_file_ref idref="fl-104"/>
      </object_component>
      <object_component id="oc-2da">
         <name>.text</name>
         <load_address>0x9064</load_address>
         <run_address>0x9064</run_address>
         <size>0x178</size>
         <input_file_ref idref="fl-a"/>
      </object_component>
      <object_component id="oc-58e">
         <name>.text:_pconv_e</name>
         <load_address>0x91dc</load_address>
         <run_address>0x91dc</run_address>
         <size>0x13c</size>
         <input_file_ref idref="fl-108"/>
      </object_component>
      <object_component id="oc-2ae">
         <name>.text</name>
         <load_address>0x9318</load_address>
         <run_address>0x9318</run_address>
         <size>0x138</size>
         <input_file_ref idref="fl-c"/>
      </object_component>
      <object_component id="oc-73c">
         <name>.text</name>
         <load_address>0x9450</load_address>
         <run_address>0x9450</run_address>
         <size>0x136</size>
         <input_file_ref idref="fl-115"/>
      </object_component>
      <object_component id="oc-43f">
         <name>.text</name>
         <load_address>0x9588</load_address>
         <run_address>0x9588</run_address>
         <size>0x130</size>
         <input_file_ref idref="fl-1d"/>
      </object_component>
      <object_component id="oc-763">
         <name>.text:fcvt</name>
         <load_address>0x96b8</load_address>
         <run_address>0x96b8</run_address>
         <size>0x120</size>
         <input_file_ref idref="fl-108"/>
      </object_component>
      <object_component id="oc-44b">
         <name>.text</name>
         <load_address>0x97d8</load_address>
         <run_address>0x97d8</run_address>
         <size>0x110</size>
         <input_file_ref idref="fl-1c"/>
      </object_component>
      <object_component id="oc-777">
         <name>.text:scalbn</name>
         <load_address>0x98e8</load_address>
         <run_address>0x98e8</run_address>
         <size>0x110</size>
         <input_file_ref idref="fl-110"/>
      </object_component>
      <object_component id="oc-4e2">
         <name>.text:CS_getDCOFrequency</name>
         <load_address>0x99f8</load_address>
         <run_address>0x99f8</run_address>
         <size>0x104</size>
         <input_file_ref idref="fl-2d"/>
      </object_component>
      <object_component id="oc-e9">
         <name>.text</name>
         <load_address>0x9afc</load_address>
         <run_address>0x9afc</run_address>
         <size>0xfc</size>
         <input_file_ref idref="fl-f0"/>
      </object_component>
      <object_component id="oc-165">
         <name>.text:CS_initClockSignal</name>
         <load_address>0x9bf8</load_address>
         <run_address>0x9bf8</run_address>
         <size>0xe0</size>
         <input_file_ref idref="fl-2d"/>
      </object_component>
      <object_component id="oc-4ce">
         <name>.text:__PCM_setPowerModeAdvanced</name>
         <load_address>0x9cd8</load_address>
         <run_address>0x9cd8</run_address>
         <size>0xdc</size>
         <input_file_ref idref="fl-32"/>
      </object_component>
      <object_component id="oc-577">
         <name>.text:_ltostr</name>
         <load_address>0x9db4</load_address>
         <run_address>0x9db4</run_address>
         <size>0xb1</size>
         <input_file_ref idref="fl-108"/>
      </object_component>
      <object_component id="oc-115">
         <name>.text</name>
         <load_address>0x9e68</load_address>
         <run_address>0x9e68</run_address>
         <size>0xb0</size>
         <input_file_ref idref="fl-27"/>
      </object_component>
      <object_component id="oc-48c">
         <name>.text:__PCM_setCoreVoltageLevelAdvanced</name>
         <load_address>0x9f18</load_address>
         <run_address>0x9f18</run_address>
         <size>0xb0</size>
         <input_file_ref idref="fl-32"/>
      </object_component>
      <object_component id="oc-3dc">
         <name>.text:PutChar</name>
         <load_address>0x9fc8</load_address>
         <run_address>0x9fc8</run_address>
         <size>0xa4</size>
         <input_file_ref idref="fl-b"/>
      </object_component>
      <object_component id="oc-493">
         <name>.text:CS_startHFXTWithTimeout</name>
         <load_address>0xa06c</load_address>
         <run_address>0xa06c</run_address>
         <size>0x9c</size>
         <input_file_ref idref="fl-2d"/>
      </object_component>
      <object_component id="oc-362">
         <name>.text:_CSComputeCLKFrequency</name>
         <load_address>0xa108</load_address>
         <run_address>0xa108</run_address>
         <size>0x9c</size>
         <input_file_ref idref="fl-2d"/>
      </object_component>
      <object_component id="oc-34">
         <name>.text</name>
         <load_address>0xa1a4</load_address>
         <run_address>0xa1a4</run_address>
         <size>0x9c</size>
         <input_file_ref idref="fl-f4"/>
      </object_component>
      <object_component id="oc-735">
         <name>.text</name>
         <load_address>0xa240</load_address>
         <run_address>0xa240</run_address>
         <size>0x96</size>
         <input_file_ref idref="fl-f7"/>
      </object_component>
      <object_component id="oc-3bb">
         <name>.text:SPI_initMaster</name>
         <load_address>0xa2d6</load_address>
         <run_address>0xa2d6</run_address>
         <size>0x88</size>
         <input_file_ref idref="fl-34"/>
      </object_component>
      <object_component id="oc-57d">
         <name>.text:__aeabi_cdcmple</name>
         <load_address>0xa35e</load_address>
         <run_address>0xa35e</run_address>
         <size>0x86</size>
         <input_file_ref idref="fl-114"/>
      </object_component>
      <object_component id="oc-741">
         <name>.text:__aeabi_cdrcmple</name>
         <load_address>0xa3e4</load_address>
         <run_address>0xa3e4</run_address>
         <size>0x86</size>
         <input_file_ref idref="fl-114"/>
      </object_component>
      <object_component id="oc-de">
         <name>.text</name>
         <load_address>0xa46c</load_address>
         <run_address>0xa46c</run_address>
         <size>0x84</size>
         <input_file_ref idref="fl-9"/>
      </object_component>
      <object_component id="oc-7a4">
         <name>.text</name>
         <load_address>0xa4f0</load_address>
         <run_address>0xa4f0</run_address>
         <size>0x80</size>
         <input_file_ref idref="fl-19"/>
      </object_component>
      <object_component id="oc-4bc">
         <name>.text:PCM_gotoLPM3</name>
         <load_address>0xa570</load_address>
         <run_address>0xa570</run_address>
         <size>0x7c</size>
         <input_file_ref idref="fl-32"/>
      </object_component>
      <object_component id="oc-9b">
         <name>.text</name>
         <load_address>0xa5ec</load_address>
         <run_address>0xa5ec</run_address>
         <size>0x7a</size>
         <input_file_ref idref="fl-ef"/>
      </object_component>
      <object_component id="oc-6cb">
         <name>.text:_CSGetHFXTFrequency</name>
         <load_address>0xa668</load_address>
         <run_address>0xa668</run_address>
         <size>0x70</size>
         <input_file_ref idref="fl-2d"/>
      </object_component>
      <object_component id="oc-75c">
         <name>.text:_mcpy</name>
         <load_address>0xa6d8</load_address>
         <run_address>0xa6d8</run_address>
         <size>0x6e</size>
         <input_file_ref idref="fl-108"/>
      </object_component>
      <object_component id="oc-14">
         <name>.text:decompress:lzss:__TI_decompress_lzss</name>
         <load_address>0xa746</load_address>
         <run_address>0xa746</run_address>
         <size>0x68</size>
         <input_file_ref idref="fl-fa"/>
      </object_component>
      <object_component id="oc-141">
         <name>.text:Interrupt_disableInterrupt</name>
         <load_address>0xa7b0</load_address>
         <run_address>0xa7b0</run_address>
         <size>0x64</size>
         <input_file_ref idref="fl-31"/>
      </object_component>
      <object_component id="oc-f3">
         <name>.text:Interrupt_enableInterrupt</name>
         <load_address>0xa814</load_address>
         <run_address>0xa814</run_address>
         <size>0x64</size>
         <input_file_ref idref="fl-31"/>
      </object_component>
      <object_component id="oc-771">
         <name>.text:frexp</name>
         <load_address>0xa878</load_address>
         <run_address>0xa878</run_address>
         <size>0x64</size>
         <input_file_ref idref="fl-10f"/>
      </object_component>
      <object_component id="oc-588">
         <name>.text:_pconv_f</name>
         <load_address>0xa8dc</load_address>
         <run_address>0xa8dc</run_address>
         <size>0x56</size>
         <input_file_ref idref="fl-108"/>
      </object_component>
      <object_component id="oc-74b">
         <name>.text:ltoa</name>
         <load_address>0xa932</load_address>
         <run_address>0xa932</run_address>
         <size>0x54</size>
         <input_file_ref idref="fl-10b"/>
      </object_component>
      <object_component id="oc-756">
         <name>.text:_ecpy</name>
         <load_address>0xa986</load_address>
         <run_address>0xa986</run_address>
         <size>0x52</size>
         <input_file_ref idref="fl-108"/>
      </object_component>
      <object_component id="oc-4c8">
         <name>.text:PCM_shutdownDevice</name>
         <load_address>0xa9d8</load_address>
         <run_address>0xa9d8</run_address>
         <size>0x50</size>
         <input_file_ref idref="fl-32"/>
      </object_component>
      <object_component id="oc-6f3">
         <name>.text:SysCtl_getTLVInfo</name>
         <load_address>0xaa28</load_address>
         <run_address>0xaa28</run_address>
         <size>0x50</size>
         <input_file_ref idref="fl-35"/>
      </object_component>
      <object_component id="oc-147">
         <name>.text:GPIO_setAsPeripheralModuleFunctionOutputPin</name>
         <load_address>0xaa78</load_address>
         <run_address>0xaa78</run_address>
         <size>0x4c</size>
         <input_file_ref idref="fl-2f"/>
      </object_component>
      <object_component id="oc-6ed">
         <name>.text:_CSGetDOCFrequency</name>
         <load_address>0xaac4</load_address>
         <run_address>0xaac4</run_address>
         <size>0x4c</size>
         <input_file_ref idref="fl-2d"/>
      </object_component>
      <object_component id="oc-571">
         <name>.text:atoi</name>
         <load_address>0xab10</load_address>
         <run_address>0xab10</run_address>
         <size>0x4c</size>
         <input_file_ref idref="fl-109"/>
      </object_component>
      <object_component id="oc-3b5">
         <name>.text:GPIO_setAsPeripheralModuleFunctionInputPin</name>
         <load_address>0xab5c</load_address>
         <run_address>0xab5c</run_address>
         <size>0x48</size>
         <input_file_ref idref="fl-2f"/>
      </object_component>
      <object_component id="oc-4dc">
         <name>.text:_CSGetDividerValue</name>
         <load_address>0xaba4</load_address>
         <run_address>0xaba4</run_address>
         <size>0x48</size>
         <input_file_ref idref="fl-2d"/>
      </object_component>
      <object_component id="oc-746">
         <name>.text</name>
         <load_address>0xabec</load_address>
         <run_address>0xabec</run_address>
         <size>0x48</size>
         <input_file_ref idref="fl-116"/>
      </object_component>
      <object_component id="oc-203">
         <name>.text:__TI_auto_init_nobinit_nopinit:__TI_auto_init_nobinit_nopinit</name>
         <load_address>0xac34</load_address>
         <run_address>0xac34</run_address>
         <size>0x44</size>
         <input_file_ref idref="fl-105"/>
      </object_component>
      <object_component id="oc-ee">
         <name>.text</name>
         <load_address>0xac78</load_address>
         <run_address>0xac78</run_address>
         <size>0x44</size>
         <input_file_ref idref="fl-f1"/>
      </object_component>
      <object_component id="oc-536">
         <name>.text</name>
         <load_address>0xacbc</load_address>
         <run_address>0xacbc</run_address>
         <size>0x40</size>
         <input_file_ref idref="fl-6"/>
      </object_component>
      <object_component id="oc-52f">
         <name>.text:LCD_WriteData</name>
         <load_address>0xacfc</load_address>
         <run_address>0xacfc</run_address>
         <size>0x40</size>
         <input_file_ref idref="fl-b"/>
      </object_component>
      <object_component id="oc-2c5">
         <name>.text:sprintf</name>
         <load_address>0xad3c</load_address>
         <run_address>0xad3c</run_address>
         <size>0x40</size>
         <input_file_ref idref="fl-101"/>
      </object_component>
      <object_component id="oc-189">
         <name>.text:I2C_initMaster</name>
         <load_address>0xad7c</load_address>
         <run_address>0xad7c</run_address>
         <size>0x3e</size>
         <input_file_ref idref="fl-30"/>
      </object_component>
      <object_component id="oc-769">
         <name>.text:_fcpy</name>
         <load_address>0xadba</load_address>
         <run_address>0xadba</run_address>
         <size>0x3e</size>
         <input_file_ref idref="fl-108"/>
      </object_component>
      <object_component id="oc-6a">
         <name>.text</name>
         <load_address>0xadf8</load_address>
         <run_address>0xadf8</run_address>
         <size>0x38</size>
         <input_file_ref idref="fl-26"/>
      </object_component>
      <object_component id="oc-1a1">
         <name>.text:I2C_masterSendMultiByteStart</name>
         <load_address>0xae30</load_address>
         <run_address>0xae30</run_address>
         <size>0x38</size>
         <input_file_ref idref="fl-30"/>
      </object_component>
      <object_component id="oc-52">
         <name>.text:_c_int00_noargs:_c_int00_noargs</name>
         <load_address>0xae68</load_address>
         <run_address>0xae68</run_address>
         <size>0x38</size>
         <input_file_ref idref="fl-fb"/>
      </object_component>
      <object_component id="oc-10b">
         <name>.text:strncpy</name>
         <load_address>0xaea0</load_address>
         <run_address>0xaea0</run_address>
         <size>0x36</size>
         <input_file_ref idref="fl-103"/>
      </object_component>
      <object_component id="oc-528">
         <name>.text:LCD_WriteIndex</name>
         <load_address>0xaed8</load_address>
         <run_address>0xaed8</run_address>
         <size>0x34</size>
         <input_file_ref idref="fl-b"/>
      </object_component>
      <object_component id="oc-2f1">
         <name>.text:rand</name>
         <load_address>0xaf0c</load_address>
         <run_address>0xaf0c</run_address>
         <size>0x34</size>
         <input_file_ref idref="fl-ff"/>
      </object_component>
      <object_component id="oc-2b4">
         <name>.text:GPIO_setAsInputPinWithPullUpResistor</name>
         <load_address>0xaf40</load_address>
         <run_address>0xaf40</run_address>
         <size>0x30</size>
         <input_file_ref idref="fl-2f"/>
      </object_component>
      <object_component id="oc-1c5">
         <name>.text:I2C_masterSendMultiByteStop</name>
         <load_address>0xaf70</load_address>
         <run_address>0xaf70</run_address>
         <size>0x30</size>
         <input_file_ref idref="fl-30"/>
      </object_component>
      <object_component id="oc-513">
         <name>.text:is_A_Module</name>
         <load_address>0xafa0</load_address>
         <run_address>0xafa0</run_address>
         <size>0x30</size>
         <input_file_ref idref="fl-34"/>
      </object_component>
      <object_component id="oc-e4">
         <name>.text</name>
         <load_address>0xafd0</load_address>
         <run_address>0xafd0</run_address>
         <size>0x2e</size>
         <input_file_ref idref="fl-f2"/>
      </object_component>
      <object_component id="oc-3ed">
         <name>.text:GPIO_setAsInputPin</name>
         <load_address>0xb000</load_address>
         <run_address>0xb000</run_address>
         <size>0x2c</size>
         <input_file_ref idref="fl-2f"/>
      </object_component>
      <object_component id="oc-6b2">
         <name>.text:PCM_getCoreVoltageLevel</name>
         <load_address>0xb02c</load_address>
         <run_address>0xb02c</run_address>
         <size>0x2c</size>
         <input_file_ref idref="fl-32"/>
      </object_component>
      <object_component id="oc-6ac">
         <name>.text:PCM_getPowerMode</name>
         <load_address>0xb058</load_address>
         <run_address>0xb058</run_address>
         <size>0x2a</size>
         <input_file_ref idref="fl-32"/>
      </object_component>
      <object_component id="oc-153">
         <name>.text:FlashCtl_setWaitState</name>
         <load_address>0xb084</load_address>
         <run_address>0xb084</run_address>
         <size>0x28</size>
         <input_file_ref idref="fl-2e"/>
      </object_component>
      <object_component id="oc-4d4">
         <name>.text:PCM_gotoLPM0</name>
         <load_address>0xb0ac</load_address>
         <run_address>0xb0ac</run_address>
         <size>0x28</size>
         <input_file_ref idref="fl-32"/>
      </object_component>
      <object_component id="oc-4e8">
         <name>.text:CS_clearInterruptFlag</name>
         <load_address>0xb0d4</load_address>
         <run_address>0xb0d4</run_address>
         <size>0x24</size>
         <input_file_ref idref="fl-2d"/>
      </object_component>
      <object_component id="oc-15f">
         <name>.text:CS_setDCOCenteredFrequency</name>
         <load_address>0xb0f8</load_address>
         <run_address>0xb0f8</run_address>
         <size>0x24</size>
         <input_file_ref idref="fl-2d"/>
      </object_component>
      <object_component id="oc-1d1">
         <name>.text:I2C_masterSendMultiByteNext</name>
         <load_address>0xb11c</load_address>
         <run_address>0xb11c</run_address>
         <size>0x24</size>
         <input_file_ref idref="fl-30"/>
      </object_component>
      <object_component id="oc-135">
         <name>.text:Interrupt_setPriority</name>
         <load_address>0xb140</load_address>
         <run_address>0xb140</run_address>
         <size>0x24</size>
         <input_file_ref idref="fl-31"/>
      </object_component>
      <object_component id="oc-6e0">
         <name>.text:RTC_C_holdClock</name>
         <load_address>0xb164</load_address>
         <run_address>0xb164</run_address>
         <size>0x24</size>
         <input_file_ref idref="fl-33"/>
      </object_component>
      <object_component id="oc-d8">
         <name>.text</name>
         <load_address>0xb188</load_address>
         <run_address>0xb188</run_address>
         <size>0x22</size>
         <input_file_ref idref="fl-7"/>
      </object_component>
      <object_component id="oc-2e1">
         <name>.text:GPIO_interruptEdgeSelect</name>
         <load_address>0xb1ac</load_address>
         <run_address>0xb1ac</run_address>
         <size>0x20</size>
         <input_file_ref idref="fl-2f"/>
      </object_component>
      <object_component id="oc-3e3">
         <name>.text:LCD_SetCursor</name>
         <load_address>0xb1cc</load_address>
         <run_address>0xb1cc</run_address>
         <size>0x20</size>
         <input_file_ref idref="fl-b"/>
      </object_component>
      <object_component id="oc-3d5">
         <name>.text:LCD_Write_Data_Only</name>
         <load_address>0xb1ec</load_address>
         <run_address>0xb1ec</run_address>
         <size>0x20</size>
         <input_file_ref idref="fl-b"/>
      </object_component>
      <object_component id="oc-53f">
         <name>.text:SPI_transmitData</name>
         <load_address>0xb20c</load_address>
         <run_address>0xb20c</run_address>
         <size>0x20</size>
         <input_file_ref idref="fl-34"/>
      </object_component>
      <object_component id="oc-3fa">
         <name>.text</name>
         <load_address>0xb22c</load_address>
         <run_address>0xb22c</run_address>
         <size>0x20</size>
         <input_file_ref idref="fl-f5"/>
      </object_component>
      <object_component id="oc-2e8">
         <name>.text:strcat</name>
         <load_address>0xb24c</load_address>
         <run_address>0xb24c</run_address>
         <size>0x1e</size>
         <input_file_ref idref="fl-102"/>
      </object_component>
      <object_component id="oc-3c7">
         <name>.text:LCD_WriteReg</name>
         <load_address>0xb26a</load_address>
         <run_address>0xb26a</run_address>
         <size>0x1c</size>
         <input_file_ref idref="fl-b"/>
      </object_component>
      <object_component id="oc-3f3">
         <name>.text:SPISendRecvByte</name>
         <load_address>0xb288</load_address>
         <run_address>0xb288</run_address>
         <size>0x1c</size>
         <input_file_ref idref="fl-b"/>
      </object_component>
      <object_component id="oc-59a">
         <name>.text:memccpy</name>
         <load_address>0xb2a4</load_address>
         <run_address>0xb2a4</run_address>
         <size>0x1c</size>
         <input_file_ref idref="fl-10c"/>
      </object_component>
      <object_component id="oc-3c1">
         <name>.text:SPI_enableModule</name>
         <load_address>0xb2c0</load_address>
         <run_address>0xb2c0</run_address>
         <size>0x1a</size>
         <input_file_ref idref="fl-34"/>
      </object_component>
      <object_component id="oc-545">
         <name>.text:SPI_receiveData</name>
         <load_address>0xb2da</load_address>
         <run_address>0xb2da</run_address>
         <size>0x1a</size>
         <input_file_ref idref="fl-34"/>
      </object_component>
      <object_component id="oc-320">
         <name>.text:CS_getMCLK</name>
         <load_address>0xb2f4</load_address>
         <run_address>0xb2f4</run_address>
         <size>0x18</size>
         <input_file_ref idref="fl-2d"/>
      </object_component>
      <object_component id="oc-177">
         <name>.text:CS_getSMCLK</name>
         <load_address>0xb30c</load_address>
         <run_address>0xb30c</run_address>
         <size>0x18</size>
         <input_file_ref idref="fl-2d"/>
      </object_component>
      <object_component id="oc-2fd">
         <name>.text:GPIO_disableInterrupt</name>
         <load_address>0xb324</load_address>
         <run_address>0xb324</run_address>
         <size>0x18</size>
         <input_file_ref idref="fl-2f"/>
      </object_component>
      <object_component id="oc-2ba">
         <name>.text:GPIO_getInputPinValue</name>
         <load_address>0xb33c</load_address>
         <run_address>0xb33c</run_address>
         <size>0x18</size>
         <input_file_ref idref="fl-2f"/>
      </object_component>
      <object_component id="oc-307">
         <name>.text:WDT_A_clearTimer</name>
         <load_address>0xb354</load_address>
         <run_address>0xb354</run_address>
         <size>0x18</size>
         <input_file_ref idref="fl-38"/>
      </object_component>
      <object_component id="oc-30d">
         <name>.text:WDT_A_holdTimer</name>
         <load_address>0xb36c</load_address>
         <run_address>0xb36c</run_address>
         <size>0x18</size>
         <input_file_ref idref="fl-38"/>
      </object_component>
      <object_component id="oc-417">
         <name>.text:_outs</name>
         <load_address>0xb384</load_address>
         <run_address>0xb384</run_address>
         <size>0x18</size>
         <input_file_ref idref="fl-101"/>
      </object_component>
      <object_component id="oc-77d">
         <name>.text:strchr</name>
         <load_address>0xb39c</load_address>
         <run_address>0xb39c</run_address>
         <size>0x16</size>
         <input_file_ref idref="fl-10d"/>
      </object_component>
      <object_component id="oc-14d">
         <name>.text:CS_setExternalClockSourceFrequency</name>
         <load_address>0xb3b4</load_address>
         <run_address>0xb3b4</run_address>
         <size>0x14</size>
         <input_file_ref idref="fl-2d"/>
      </object_component>
      <object_component id="oc-2f7">
         <name>.text:GPIO_enableInterrupt</name>
         <load_address>0xb3c8</load_address>
         <run_address>0xb3c8</run_address>
         <size>0x14</size>
         <input_file_ref idref="fl-2f"/>
      </object_component>
      <object_component id="oc-17d">
         <name>.text:I2C_isBusBusy</name>
         <load_address>0xb3dc</load_address>
         <run_address>0xb3dc</run_address>
         <size>0x14</size>
         <input_file_ref idref="fl-30"/>
      </object_component>
      <object_component id="oc-cc">
         <name>.text:SysTick_enableInterrupt</name>
         <load_address>0xb3f0</load_address>
         <run_address>0xb3f0</run_address>
         <size>0x14</size>
         <input_file_ref idref="fl-36"/>
      </object_component>
      <object_component id="oc-86c">
         <name>.text:copysign</name>
         <load_address>0xb404</load_address>
         <run_address>0xb404</run_address>
         <size>0x14</size>
         <input_file_ref idref="fl-111"/>
      </object_component>
      <object_component id="oc-56b">
         <name>.text:strlen</name>
         <load_address>0xb418</load_address>
         <run_address>0xb418</run_address>
         <size>0x14</size>
         <input_file_ref idref="fl-10e"/>
      </object_component>
      <object_component id="oc-5a0">
         <name>.text:wcslen</name>
         <load_address>0xb42c</load_address>
         <run_address>0xb42c</run_address>
         <size>0x12</size>
         <input_file_ref idref="fl-112"/>
      </object_component>
      <object_component id="oc-1b3">
         <name>.text:I2C_masterReceiveStart</name>
         <load_address>0xb43e</load_address>
         <run_address>0xb43e</run_address>
         <size>0x10</size>
         <input_file_ref idref="fl-30"/>
      </object_component>
      <object_component id="oc-13b">
         <name>.text:Interrupt_enableMaster</name>
         <load_address>0xb44e</load_address>
         <run_address>0xb44e</run_address>
         <size>0x10</size>
         <input_file_ref idref="fl-31"/>
      </object_component>
      <object_component id="oc-4c2">
         <name>.text:PCM_gotoLPM4</name>
         <load_address>0xb45e</load_address>
         <run_address>0xb45e</run_address>
         <size>0x10</size>
         <input_file_ref idref="fl-32"/>
      </object_component>
      <object_component id="oc-6c5">
         <name>.text:SysCtl_disableNMISource</name>
         <load_address>0xb470</load_address>
         <run_address>0xb470</run_address>
         <size>0x10</size>
         <input_file_ref idref="fl-35"/>
      </object_component>
      <object_component id="oc-6d1">
         <name>.text:SysCtl_enableNMISource</name>
         <load_address>0xb480</load_address>
         <run_address>0xb480</run_address>
         <size>0x10</size>
         <input_file_ref idref="fl-35"/>
      </object_component>
      <object_component id="oc-106">
         <name>.text</name>
         <load_address>0xb490</load_address>
         <run_address>0xb490</run_address>
         <size>0xe</size>
         <input_file_ref idref="fl-23"/>
      </object_component>
      <object_component id="oc-1bf">
         <name>.text:I2C_clearInterruptFlag</name>
         <load_address>0xb49e</load_address>
         <run_address>0xb49e</run_address>
         <size>0xe</size>
         <input_file_ref idref="fl-30"/>
      </object_component>
      <object_component id="oc-1a7">
         <name>.text:I2C_disableInterrupt</name>
         <load_address>0xb4ac</load_address>
         <run_address>0xb4ac</run_address>
         <size>0xe</size>
         <input_file_ref idref="fl-30"/>
      </object_component>
      <object_component id="oc-1a">
         <name>.text:decompress:none:__TI_decompress_none</name>
         <load_address>0xb4ba</load_address>
         <run_address>0xb4ba</run_address>
         <size>0xe</size>
         <input_file_ref idref="fl-f9"/>
      </object_component>
      <object_component id="oc-64">
         <name>.text</name>
         <load_address>0xb4c8</load_address>
         <run_address>0xb4c8</run_address>
         <size>0xe</size>
         <input_file_ref idref="fl-4"/>
      </object_component>
      <object_component id="oc-341">
         <name>.text:CPU_cpsie</name>
         <load_address>0xb4d6</load_address>
         <run_address>0xb4d6</run_address>
         <size>0xc</size>
         <input_file_ref idref="fl-39"/>
      </object_component>
      <object_component id="oc-521">
         <name>.text:EUSCI_A_SPI_enable</name>
         <load_address>0xb4e2</load_address>
         <run_address>0xb4e2</run_address>
         <size>0xc</size>
         <input_file_ref idref="fl-34"/>
      </object_component>
      <object_component id="oc-51b">
         <name>.text:EUSCI_B_SPI_enable</name>
         <load_address>0xb4ee</load_address>
         <run_address>0xb4ee</run_address>
         <size>0xc</size>
         <input_file_ref idref="fl-34"/>
      </object_component>
      <object_component id="oc-183">
         <name>.text:I2C_disableModule</name>
         <load_address>0xb4fa</load_address>
         <run_address>0xb4fa</run_address>
         <size>0xc</size>
         <input_file_ref idref="fl-30"/>
      </object_component>
      <object_component id="oc-195">
         <name>.text:I2C_enableModule</name>
         <load_address>0xb506</load_address>
         <run_address>0xb506</run_address>
         <size>0xc</size>
         <input_file_ref idref="fl-30"/>
      </object_component>
      <object_component id="oc-4b6">
         <name>.text:PCM_getPowerState</name>
         <load_address>0xb514</load_address>
         <run_address>0xb514</run_address>
         <size>0xc</size>
         <input_file_ref idref="fl-32"/>
      </object_component>
      <object_component id="oc-6bf">
         <name>.text:SysCtl_getNMISourceStatus</name>
         <load_address>0xb520</load_address>
         <run_address>0xb520</run_address>
         <size>0xc</size>
         <input_file_ref idref="fl-35"/>
      </object_component>
      <object_component id="oc-46">
         <name>.text:decompress:ZI:__TI_zero_init</name>
         <load_address>0xb52c</load_address>
         <run_address>0xb52c</run_address>
         <size>0xc</size>
         <input_file_ref idref="fl-f8"/>
      </object_component>
      <object_component id="oc-a7">
         <name>.text</name>
         <load_address>0xb538</load_address>
         <run_address>0xb538</run_address>
         <size>0xc</size>
         <input_file_ref idref="fl-3"/>
      </object_component>
      <object_component id="oc-3ce">
         <name>.text:LCD_Write_Data_Start</name>
         <load_address>0xb544</load_address>
         <run_address>0xb544</run_address>
         <size>0xa</size>
         <input_file_ref idref="fl-b"/>
      </object_component>
      <object_component id="oc-41d">
         <name>.text:_outc</name>
         <load_address>0xb54e</load_address>
         <run_address>0xb54e</run_address>
         <size>0xa</size>
         <input_file_ref idref="fl-101"/>
      </object_component>
      <object_component id="oc-19b">
         <name>.text:I2C_enableInterrupt</name>
         <load_address>0xb558</load_address>
         <run_address>0xb558</run_address>
         <size>0x8</size>
         <input_file_ref idref="fl-30"/>
      </object_component>
      <object_component id="oc-314">
         <name>.text:PCM_setCoreVoltageLevel</name>
         <load_address>0xb560</load_address>
         <run_address>0xb560</run_address>
         <size>0x8</size>
         <input_file_ref idref="fl-32"/>
      </object_component>
      <object_component id="oc-6b8">
         <name>.text:PCM_setPowerMode</name>
         <load_address>0xb568</load_address>
         <run_address>0xb568</run_address>
         <size>0x8</size>
         <input_file_ref idref="fl-32"/>
      </object_component>
      <object_component id="oc-159">
         <name>.text:PCM_setPowerState</name>
         <load_address>0xb570</load_address>
         <run_address>0xb570</run_address>
         <size>0x8</size>
         <input_file_ref idref="fl-32"/>
      </object_component>
      <object_component id="oc-5a6">
         <name>.text:__aeabi_errno_addr</name>
         <load_address>0xb578</load_address>
         <run_address>0xb578</run_address>
         <size>0x8</size>
         <input_file_ref idref="fl-117"/>
      </object_component>
      <object_component id="oc-31a">
         <name>.text:CS_startHFXT</name>
         <load_address>0xb580</load_address>
         <run_address>0xb580</run_address>
         <size>0x6</size>
         <input_file_ref idref="fl-2d"/>
      </object_component>
      <object_component id="oc-721">
         <name>.text:EUSCI_A_SPI_receiveData</name>
         <load_address>0xb586</load_address>
         <run_address>0xb586</run_address>
         <size>0x6</size>
         <input_file_ref idref="fl-34"/>
      </object_component>
      <object_component id="oc-727">
         <name>.text:EUSCI_B_SPI_receiveData</name>
         <load_address>0xb58c</load_address>
         <run_address>0xb58c</run_address>
         <size>0x6</size>
         <input_file_ref idref="fl-34"/>
      </object_component>
      <object_component id="oc-1b9">
         <name>.text:I2C_getEnabledInterruptStatus</name>
         <load_address>0xb592</load_address>
         <run_address>0xb592</run_address>
         <size>0x6</size>
         <input_file_ref idref="fl-30"/>
      </object_component>
      <object_component id="oc-1ad">
         <name>.text:I2C_getInterruptStatus</name>
         <load_address>0xb598</load_address>
         <run_address>0xb598</run_address>
         <size>0x6</size>
         <input_file_ref idref="fl-30"/>
      </object_component>
      <object_component id="oc-1cb">
         <name>.text:I2C_masterReceiveMultiByteNext</name>
         <load_address>0xb59e</load_address>
         <run_address>0xb59e</run_address>
         <size>0x6</size>
         <input_file_ref idref="fl-30"/>
      </object_component>
      <object_component id="oc-6d9">
         <name>.text:CPU_wfi</name>
         <load_address>0xb5a4</load_address>
         <run_address>0xb5a4</run_address>
         <size>0x4</size>
         <input_file_ref idref="fl-39"/>
      </object_component>
      <object_component id="oc-71a">
         <name>.text:EUSCI_A_SPI_transmitData</name>
         <load_address>0xb5a8</load_address>
         <run_address>0xb5a8</run_address>
         <size>0x4</size>
         <input_file_ref idref="fl-34"/>
      </object_component>
      <object_component id="oc-714">
         <name>.text:EUSCI_B_SPI_transmitData</name>
         <load_address>0xb5ac</load_address>
         <run_address>0xb5ac</run_address>
         <size>0x4</size>
         <input_file_ref idref="fl-34"/>
      </object_component>
      <object_component id="oc-18f">
         <name>.text:I2C_setSlaveAddress</name>
         <load_address>0xb5b0</load_address>
         <run_address>0xb5b0</run_address>
         <size>0x4</size>
         <input_file_ref idref="fl-30"/>
      </object_component>
      <object_component id="oc-a1">
         <name>.text:_system_pre_init</name>
         <load_address>0xb5b4</load_address>
         <run_address>0xb5b4</run_address>
         <size>0x4</size>
         <input_file_ref idref="fl-106"/>
      </object_component>
      <object_component id="oc-1f7">
         <name>.text:abort:abort</name>
         <load_address>0xb5b8</load_address>
         <run_address>0xb5b8</run_address>
         <size>0x4</size>
         <input_file_ref idref="fl-fc"/>
      </object_component>
      <object_component id="oc-70f">
         <name>.const:AsciiLib</name>
         <load_address>0xb5bc</load_address>
         <run_address>0xb5bc</run_address>
         <size>0x5f0</size>
         <input_file_ref idref="fl-6"/>
      </object_component>
      <object_component id="oc-730">
         <name>.const:.string:_ctypes_</name>
         <load_address>0xbbac</load_address>
         <run_address>0xbbac</run_address>
         <size>0x101</size>
         <input_file_ref idref="fl-10a"/>
      </object_component>
      <object_component id="oc-2ee">
         <name>.const:.string:$P$T3$4</name>
         <load_address>0xbcad</load_address>
         <run_address>0xbcad</run_address>
         <size>0x2</size>
         <input_file_ref idref="fl-2"/>
      </object_component>
      <object_component id="oc-62e">
         <name>.const:$P$T0$1</name>
         <load_address>0xbcb0</load_address>
         <run_address>0xbcb0</run_address>
         <size>0xb0</size>
         <input_file_ref idref="fl-20"/>
      </object_component>
      <object_component id="oc-33d">
         <name>.const:g_pulRegs</name>
         <load_address>0xbd60</load_address>
         <run_address>0xbd60</run_address>
         <size>0x50</size>
         <input_file_ref idref="fl-31"/>
      </object_component>
      <object_component id="oc-32a">
         <name>.const</name>
         <load_address>0xbdb0</load_address>
         <run_address>0xbdb0</run_address>
         <size>0x40</size>
         <input_file_ref idref="fl-31"/>
      </object_component>
      <object_component id="oc-7b6">
         <name>.const:_SlActionLookupTable</name>
         <load_address>0xbdf0</load_address>
         <run_address>0xbdf0</run_address>
         <size>0x38</size>
         <input_file_ref idref="fl-18"/>
      </object_component>
      <object_component id="oc-457">
         <name>.const:$P$T0$1</name>
         <load_address>0xbe28</load_address>
         <run_address>0xbe28</run_address>
         <size>0x2c</size>
         <input_file_ref idref="fl-16"/>
      </object_component>
      <object_component id="oc-303">
         <name>.const:.string:$P$T4$5</name>
         <load_address>0xbe54</load_address>
         <run_address>0xbe54</run_address>
         <size>0x20</size>
         <input_file_ref idref="fl-2"/>
      </object_component>
      <object_component id="oc-2d1">
         <name>.const:.string:$P$T2$3</name>
         <load_address>0xbe74</load_address>
         <run_address>0xbe74</run_address>
         <size>0x1f</size>
         <input_file_ref idref="fl-2"/>
      </object_component>
      <object_component id="oc-3ea">
         <name>.const:$P$T0$1</name>
         <load_address>0xbe94</load_address>
         <run_address>0xbe94</run_address>
         <size>0x1c</size>
         <input_file_ref idref="fl-b"/>
      </object_component>
      <object_component id="oc-2ce">
         <name>.const:.string:$P$T1$2</name>
         <load_address>0xbeb0</load_address>
         <run_address>0xbeb0</run_address>
         <size>0x1a</size>
         <input_file_ref idref="fl-2"/>
      </object_component>
      <object_component id="oc-45a">
         <name>.const:$P$T1$2</name>
         <load_address>0xbeca</load_address>
         <run_address>0xbeca</run_address>
         <size>0x14</size>
         <input_file_ref idref="fl-16"/>
      </object_component>
      <object_component id="oc-45d">
         <name>.const:$P$T2$3</name>
         <load_address>0xbee0</load_address>
         <run_address>0xbee0</run_address>
         <size>0xc</size>
         <input_file_ref idref="fl-16"/>
      </object_component>
      <object_component id="oc-7b0">
         <name>.const:g_H2NCnysPattern</name>
         <load_address>0xbeec</load_address>
         <run_address>0xbeec</run_address>
         <size>0x8</size>
         <input_file_ref idref="fl-18"/>
      </object_component>
      <object_component id="oc-7ad">
         <name>.const:g_H2NSyncPattern</name>
         <load_address>0xbef4</load_address>
         <run_address>0xbef4</run_address>
         <size>0x8</size>
         <input_file_ref idref="fl-18"/>
      </object_component>
      <object_component id="oc-2cb">
         <name>.const:.string:$P$T0$1</name>
         <load_address>0xbefc</load_address>
         <run_address>0xbefc</run_address>
         <size>0x5</size>
         <input_file_ref idref="fl-2"/>
      </object_component>
      <object_component id="oc-7b3">
         <name>.const:$P$T0$1</name>
         <load_address>0xbf02</load_address>
         <run_address>0xbf02</run_address>
         <size>0x4</size>
         <input_file_ref idref="fl-18"/>
      </object_component>
      <object_component id="oc-684">
         <name>.const:$P$T0$1</name>
         <load_address>0xbf06</load_address>
         <run_address>0xbf06</run_address>
         <size>0x4</size>
         <input_file_ref idref="fl-1b"/>
      </object_component>
      <object_component id="oc-5cd">
         <name>.const:$P$T0$1</name>
         <load_address>0xbf0a</load_address>
         <run_address>0xbf0a</run_address>
         <size>0x4</size>
         <input_file_ref idref="fl-1e"/>
      </object_component>
      <object_component id="oc-5d0">
         <name>.const:$P$T1$2</name>
         <load_address>0xbf0e</load_address>
         <run_address>0xbf0e</run_address>
         <size>0x4</size>
         <input_file_ref idref="fl-1e"/>
      </object_component>
      <object_component id="oc-631">
         <name>.const:$P$T1$2</name>
         <load_address>0xbf12</load_address>
         <run_address>0xbf12</run_address>
         <size>0x4</size>
         <input_file_ref idref="fl-20"/>
      </object_component>
      <object_component id="oc-5d6">
         <name>.const:$P$T2$3</name>
         <load_address>0xbf16</load_address>
         <run_address>0xbf16</run_address>
         <size>0x4</size>
         <input_file_ref idref="fl-1e"/>
      </object_component>
      <object_component id="oc-63a">
         <name>.const:$P$T2$3</name>
         <load_address>0xbf1a</load_address>
         <run_address>0xbf1a</run_address>
         <size>0x4</size>
         <input_file_ref idref="fl-20"/>
      </object_component>
      <object_component id="oc-64f">
         <name>.const:$P$T3$4</name>
         <load_address>0xbf1e</load_address>
         <run_address>0xbf1e</run_address>
         <size>0x4</size>
         <input_file_ref idref="fl-20"/>
      </object_component>
      <object_component id="oc-5e2">
         <name>.const:_SlAcceptCmdCtrl</name>
         <load_address>0xbf22</load_address>
         <run_address>0xbf22</run_address>
         <size>0x4</size>
         <input_file_ref idref="fl-1e"/>
      </object_component>
      <object_component id="oc-618">
         <name>.const:_SlDeviceGetCmdCtrl</name>
         <load_address>0xbf26</load_address>
         <run_address>0xbf26</run_address>
         <size>0x4</size>
         <input_file_ref idref="fl-17"/>
      </object_component>
      <object_component id="oc-61b">
         <name>.const:_SlDeviceSetCmdCtrl</name>
         <load_address>0xbf2a</load_address>
         <run_address>0xbf2a</run_address>
         <size>0x4</size>
         <input_file_ref idref="fl-17"/>
      </object_component>
      <object_component id="oc-615">
         <name>.const:_SlEventMaskGetCmdCtrl</name>
         <load_address>0xbf2e</load_address>
         <run_address>0xbf2e</run_address>
         <size>0x4</size>
         <input_file_ref idref="fl-17"/>
      </object_component>
      <object_component id="oc-612">
         <name>.const:_SlEventMaskSetCmdCtrl</name>
         <load_address>0xbf32</load_address>
         <run_address>0xbf32</run_address>
         <size>0x4</size>
         <input_file_ref idref="fl-17"/>
      </object_component>
      <object_component id="oc-681">
         <name>.const:_SlGetHostByNameCtrl</name>
         <load_address>0xbf36</load_address>
         <run_address>0xbf36</run_address>
         <size>0x4</size>
         <input_file_ref idref="fl-1b"/>
      </object_component>
      <object_component id="oc-67e">
         <name>.const:_SlGetHostByServiceCtrl</name>
         <load_address>0xbf3a</load_address>
         <run_address>0xbf3a</run_address>
         <size>0x4</size>
         <input_file_ref idref="fl-1b"/>
      </object_component>
      <object_component id="oc-678">
         <name>.const:_SlGetServiceListeCtrl</name>
         <load_address>0xbf3e</load_address>
         <run_address>0xbf3e</run_address>
         <size>0x4</size>
         <input_file_ref idref="fl-1b"/>
      </object_component>
      <object_component id="oc-5eb">
         <name>.const:_SlGetSockOptCmdCtrl</name>
         <load_address>0xbf42</load_address>
         <run_address>0xbf42</run_address>
         <size>0x4</size>
         <input_file_ref idref="fl-1e"/>
      </object_component>
      <object_component id="oc-5df">
         <name>.const:_SlListenCmdCtrl</name>
         <load_address>0xbf46</load_address>
         <run_address>0xbf46</run_address>
         <size>0x4</size>
         <input_file_ref idref="fl-1e"/>
      </object_component>
      <object_component id="oc-68d">
         <name>.const:_SlNetAppGetCmdCtrl</name>
         <load_address>0xbf4a</load_address>
         <run_address>0xbf4a</run_address>
         <size>0x4</size>
         <input_file_ref idref="fl-1b"/>
      </object_component>
      <object_component id="oc-68a">
         <name>.const:_SlNetAppSendTokenValueCmdCtrl</name>
         <load_address>0xbf4e</load_address>
         <run_address>0xbf4e</run_address>
         <size>0x4</size>
         <input_file_ref idref="fl-1b"/>
      </object_component>
      <object_component id="oc-687">
         <name>.const:_SlNetAppSetCmdCtrl</name>
         <load_address>0xbf52</load_address>
         <run_address>0xbf52</run_address>
         <size>0x4</size>
         <input_file_ref idref="fl-1b"/>
      </object_component>
      <object_component id="oc-672">
         <name>.const:_SlNetAppStartCtrl</name>
         <load_address>0xbf56</load_address>
         <run_address>0xbf56</run_address>
         <size>0x4</size>
         <input_file_ref idref="fl-1b"/>
      </object_component>
      <object_component id="oc-675">
         <name>.const:_SlNetAppStopCtrl</name>
         <load_address>0xbf5a</load_address>
         <run_address>0xbf5a</run_address>
         <size>0x4</size>
         <input_file_ref idref="fl-1b"/>
      </object_component>
      <object_component id="oc-668">
         <name>.const:_SlNetCfgGetCmdCtrl</name>
         <load_address>0xbf5e</load_address>
         <run_address>0xbf5e</run_address>
         <size>0x4</size>
         <input_file_ref idref="fl-1c"/>
      </object_component>
      <object_component id="oc-665">
         <name>.const:_SlNetCfgSetCmdCtrl</name>
         <load_address>0xbf62</load_address>
         <run_address>0xbf62</run_address>
         <size>0x4</size>
         <input_file_ref idref="fl-1c"/>
      </object_component>
      <object_component id="oc-637">
         <name>.const:_SlPolicyGetCmdCtrl</name>
         <load_address>0xbf66</load_address>
         <run_address>0xbf66</run_address>
         <size>0x4</size>
         <input_file_ref idref="fl-20"/>
      </object_component>
      <object_component id="oc-634">
         <name>.const:_SlPolicySetCmdCtrl</name>
         <load_address>0xbf6a</load_address>
         <run_address>0xbf6a</run_address>
         <size>0x4</size>
         <input_file_ref idref="fl-20"/>
      </object_component>
      <object_component id="oc-640">
         <name>.const:_SlProfileDelCmdCtrl</name>
         <load_address>0xbf6e</load_address>
         <run_address>0xbf6e</run_address>
         <size>0x4</size>
         <input_file_ref idref="fl-20"/>
      </object_component>
      <object_component id="oc-63d">
         <name>.const:_SlProfileGetCmdCtrl</name>
         <load_address>0xbf72</load_address>
         <run_address>0xbf72</run_address>
         <size>0x4</size>
         <input_file_ref idref="fl-20"/>
      </object_component>
      <object_component id="oc-5e5">
         <name>.const:_SlRecvCmdCtrl</name>
         <load_address>0xbf76</load_address>
         <run_address>0xbf76</run_address>
         <size>0x4</size>
         <input_file_ref idref="fl-1e"/>
      </object_component>
      <object_component id="oc-5d3">
         <name>.const:_SlRecvfomCmdCtrl</name>
         <load_address>0xbf7a</load_address>
         <run_address>0xbf7a</run_address>
         <size>0x4</size>
         <input_file_ref idref="fl-1e"/>
      </object_component>
      <object_component id="oc-67b">
         <name>.const:_SlRegisterServiceCtrl</name>
         <load_address>0xbf7e</load_address>
         <run_address>0xbf7e</run_address>
         <size>0x4</size>
         <input_file_ref idref="fl-1b"/>
      </object_component>
      <object_component id="oc-646">
         <name>.const:_SlRxFilterAddtCmdCtrl</name>
         <load_address>0xbf82</load_address>
         <run_address>0xbf82</run_address>
         <size>0x4</size>
         <input_file_ref idref="fl-20"/>
      </object_component>
      <object_component id="oc-64c">
         <name>.const:_SlRxFilterGetCmdCtrl</name>
         <load_address>0xbf86</load_address>
         <run_address>0xbf86</run_address>
         <size>0x4</size>
         <input_file_ref idref="fl-20"/>
      </object_component>
      <object_component id="oc-649">
         <name>.const:_SlRxFilterSetCmdCtrl</name>
         <load_address>0xbf8a</load_address>
         <run_address>0xbf8a</run_address>
         <size>0x4</size>
         <input_file_ref idref="fl-20"/>
      </object_component>
      <object_component id="oc-5ee">
         <name>.const:_SlSelectCmdCtrl</name>
         <load_address>0xbf8e</load_address>
         <run_address>0xbf8e</run_address>
         <size>0x4</size>
         <input_file_ref idref="fl-1e"/>
      </object_component>
      <object_component id="oc-5dc">
         <name>.const:_SlSendCmdCtrl</name>
         <load_address>0xbf92</load_address>
         <run_address>0xbf92</run_address>
         <size>0x4</size>
         <input_file_ref idref="fl-1e"/>
      </object_component>
      <object_component id="oc-5e8">
         <name>.const:_SlSetSockOptCmdCtrl</name>
         <load_address>0xbf96</load_address>
         <run_address>0xbf96</run_address>
         <size>0x4</size>
         <input_file_ref idref="fl-1e"/>
      </object_component>
      <object_component id="oc-652">
         <name>.const:_SlSmartConfigStartCmdCtrl</name>
         <load_address>0xbf9a</load_address>
         <run_address>0xbf9a</run_address>
         <size>0x4</size>
         <input_file_ref idref="fl-20"/>
      </object_component>
      <object_component id="oc-5ca">
         <name>.const:_SlSockCloseCmdCtrl</name>
         <load_address>0xbf9e</load_address>
         <run_address>0xbf9e</run_address>
         <size>0x4</size>
         <input_file_ref idref="fl-1e"/>
      </object_component>
      <object_component id="oc-5c7">
         <name>.const:_SlSockSocketCmdCtrl</name>
         <load_address>0xbfa2</load_address>
         <run_address>0xbfa2</run_address>
         <size>0x4</size>
         <input_file_ref idref="fl-1e"/>
      </object_component>
      <object_component id="oc-60f">
         <name>.const:_SlStopCmdCtrl</name>
         <load_address>0xbfa6</load_address>
         <run_address>0xbfa6</run_address>
         <size>0x4</size>
         <input_file_ref idref="fl-17"/>
      </object_component>
      <object_component id="oc-65b">
         <name>.const:_SlWlanCfgGetCmdCtrl</name>
         <load_address>0xbfaa</load_address>
         <run_address>0xbfaa</run_address>
         <size>0x4</size>
         <input_file_ref idref="fl-20"/>
      </object_component>
      <object_component id="oc-658">
         <name>.const:_SlWlanCfgSetCmdCtrl</name>
         <load_address>0xbfae</load_address>
         <run_address>0xbfae</run_address>
         <size>0x4</size>
         <input_file_ref idref="fl-20"/>
      </object_component>
      <object_component id="oc-643">
         <name>.const:_SlWlanGetNetworkListCtrl</name>
         <load_address>0xbfb2</load_address>
         <run_address>0xbfb2</run_address>
         <size>0x4</size>
         <input_file_ref idref="fl-20"/>
      </object_component>
      <object_component id="oc-655">
         <name>.const:_SlWlanSetModeCmdCtrl</name>
         <load_address>0xbfb6</load_address>
         <run_address>0xbfb6</run_address>
         <size>0x4</size>
         <input_file_ref idref="fl-20"/>
      </object_component>
      <object_component id="oc-8de">
         <name>.cinit..data.load</name>
         <load_address>0xbfc0</load_address>
         <run_address>0xbfc0</run_address>
         <size>0x4d</size>
      </object_component>
      <object_component id="oc-8dc">
         <name>__TI_handler_table</name>
         <load_address>0xc010</load_address>
         <run_address>0xc010</run_address>
         <size>0xc</size>
      </object_component>
      <object_component id="oc-8df">
         <name>.cinit..bss.load</name>
         <load_address>0xc020</load_address>
         <run_address>0xc020</run_address>
         <size>0x8</size>
      </object_component>
      <object_component id="oc-8dd">
         <name>__TI_cinit_table</name>
         <load_address>0xc028</load_address>
         <run_address>0xc028</run_address>
         <size>0x10</size>
      </object_component>
      <object_component id="oc-8b1">
         <name>.binit</name>
         <load_address>0x0</load_address>
         <run_address>0x0</run_address>
         <size>0x0</size>
      </object_component>
      <object_component id="oc-235">
         <name>.data</name>
         <load_address>0x2000d048</load_address>
         <run_address>0x2000d048</run_address>
         <size>0x4</size>
         <input_file_ref idref="fl-5"/>
      </object_component>
[...]
         <object_component_ref idref="oc-6b2"/>
      </symbol>
      <symbol id="sm-104d">
         <name>PCM_shutdownDevice</name>
         <value>0xa9d9</value>
         <object_component_ref idref="oc-4c8"/>
      </symbol>
      <symbol id="sm-104e">
         <name>PCM_setPowerState</name>
         <value>0xb571</value>
         <object_component_ref idref="oc-159"/>
      </symbol>
      <symbol id="sm-104f">
         <name>PCM_getPowerMode</name>
         <value>0xb059</value>
         <object_component_ref idref="oc-6ac"/>
      </symbol>
      <symbol id="sm-1050">
         <name>PCM_getPowerState</name>
         <value>0xb515</value>
         <object_component_ref idref="oc-4b6"/>
      </symbol>
      <symbol id="sm-1051">
         <name>PCM_gotoLPM4</name>
         <value>0xb45f</value>
         <object_component_ref idref="oc-4c2"/>
      </symbol>
      <symbol id="sm-1052">
         <name>PCM_gotoLPM3</name>
         <value>0xa571</value>
         <object_component_ref idref="oc-4bc"/>
      </symbol>
      <symbol id="sm-1053">
         <name>PCM_gotoLPM0</name>
         <value>0xb0ad</value>
         <object_component_ref idref="oc-4d4"/>
      </symbol>
      <symbol id="sm-1054">
         <name>PCM_setPowerMode</name>
         <value>0xb569</value>
         <object_component_ref idref="oc-6b8"/>
      </symbol>
      <symbol id="sm-1061">
         <name>RTC_C_holdClock</name>
         <value>0xb165</value>
         <object_component_ref idref="oc-6e0"/>
      </symbol>
      <symbol id="sm-10ca">
         <name>EUSCI_B_SPI_receiveData</name>
         <value>0xb58d</value>
         <object_component_ref idref="oc-727"/>
      </symbol>
      <symbol id="sm-10cb">
         <name>EUSCI_B_SPI_enable</name>
         <value>0xb4ef</value>
         <object_component_ref idref="oc-51b"/>
      </symbol>
      <symbol id="sm-10cc">
         <name>SPI_enableModule</name>
         <value>0xb2c1</value>
         <object_component_ref idref="oc-3c1"/>
      </symbol>
      <symbol id="sm-10cd">
         <name>EUSCI_A_SPI_receiveData</name>
         <value>0xb587</value>
         <object_component_ref idref="oc-721"/>
      </symbol>
      <symbol id="sm-10ce">
         <name>EUSCI_A_SPI_transmitData</name>
         <value>0xb5a9</value>
         <object_component_ref idref="oc-71a"/>
      </symbol>
      <symbol id="sm-10cf">
         <name>EUSCI_B_SPI_transmitData</name>
         <value>0xb5ad</value>
         <object_component_ref idref="oc-714"/>
      </symbol>
      <symbol id="sm-10d0">
         <name>SPI_transmitData</name>
         <value>0xb20d</value>
         <object_component_ref idref="oc-53f"/>
      </symbol>
      <symbol id="sm-10d1">
         <name>EUSCI_A_SPI_enable</name>
         <value>0xb4e3</value>
         <object_component_ref idref="oc-521"/>
      </symbol>
      <symbol id="sm-10d2">
         <name>SPI_receiveData</name>
         <value>0xb2db</value>
         <object_component_ref idref="oc-545"/>
      </symbol>
      <symbol id="sm-10d3">
         <name>SPI_initMaster</name>
         <value>0xa2d7</value>
         <object_component_ref idref="oc-3bb"/>
      </symbol>
      <symbol id="sm-1106">
         <name>SysCtl_getNMISourceStatus</name>
         <value>0xb521</value>
         <object_component_ref idref="oc-6bf"/>
      </symbol>
      <symbol id="sm-1107">
         <name>SysCtl_enableNMISource</name>
         <value>0xb481</value>
         <object_component_ref idref="oc-6d1"/>
      </symbol>
      <symbol id="sm-1108">
         <name>SysCtl_disableNMISource</name>
         <value>0xb471</value>
         <object_component_ref idref="oc-6c5"/>
      </symbol>
      <symbol id="sm-1109">
         <name>SysCtl_getTLVInfo</name>
         <value>0xaa29</value>
         <object_component_ref idref="oc-6f3"/>
      </symbol>
      <symbol id="sm-1115">
         <name>SysTick_enableInterrupt</name>
         <value>0xb3f1</value>
         <object_component_ref idref="oc-cc"/>
      </symbol>
      <symbol id="sm-112c">
         <name>WDT_A_clearTimer</name>
         <value>0xb355</value>
         <object_component_ref idref="oc-307"/>
      </symbol>
      <symbol id="sm-112d">
         <name>WDT_A_holdTimer</name>
         <value>0xb36d</value>
         <object_component_ref idref="oc-30d"/>
      </symbol>
      <symbol id="sm-113f">
         <name>CPU_wfi</name>
         <value>0xb5a5</value>
         <object_component_ref idref="oc-6d9"/>
      </symbol>
      <symbol id="sm-1140">
         <name>CPU_cpsie</name>
         <value>0xb4d7</value>
         <object_component_ref idref="oc-341"/>
      </symbol>
      <symbol id="sm-114f">
         <name>__aeabi_memset</name>
         <value>0xa5ef</value>
         <object_component_ref idref="oc-9b"/>
      </symbol>
      <symbol id="sm-1150">
         <name>memset</name>
         <value>0xa5f5</value>
         <object_component_ref idref="oc-9b"/>
      </symbol>
      <symbol id="sm-1151">
         <name>__aeabi_memset8</name>
         <value>0xa5ef</value>
         <object_component_ref idref="oc-9b"/>
      </symbol>
      <symbol id="sm-1152">
         <name>__aeabi_memset4</name>
         <value>0xa5ef</value>
         <object_component_ref idref="oc-9b"/>
      </symbol>
      <symbol id="sm-1153">
         <name>__aeabi_memclr8</name>
         <value>0xa5ed</value>
         <object_component_ref idref="oc-9b"/>
      </symbol>
      <symbol id="sm-1154">
         <name>__aeabi_memclr4</name>
         <value>0xa5ed</value>
         <object_component_ref idref="oc-9b"/>
      </symbol>
      <symbol id="sm-1155">
         <name>__aeabi_memclr</name>
         <value>0xa5ed</value>
         <object_component_ref idref="oc-9b"/>
      </symbol>
      <symbol id="sm-1160">
         <name>__aeabi_dmul</name>
         <value>0x9afd</value>
         <object_component_ref idref="oc-e9"/>
      </symbol>
      <symbol id="sm-116a">
         <name>__aeabi_d2uiz</name>
         <value>0xac79</value>
         <object_component_ref idref="oc-ee"/>
      </symbol>
      <symbol id="sm-1174">
         <name>__aeabi_i2d</name>
         <value>0xafd1</value>
         <object_component_ref idref="oc-e4"/>
      </symbol>
      <symbol id="sm-1190">
         <name>memcpy</name>
         <value>0xa1a5</value>
         <object_component_ref idref="oc-34"/>
      </symbol>
      <symbol id="sm-1191">
         <name>__aeabi_memcpy</name>
         <value>0xa1a5</value>
         <object_component_ref idref="oc-34"/>
      </symbol>
      <symbol id="sm-1192">
         <name>__aeabi_memcpy8</name>
         <value>0xa1a5</value>
         <object_component_ref idref="oc-34"/>
      </symbol>
      <symbol id="sm-1193">
         <name>__aeabi_memcpy4</name>
         <value>0xa1a5</value>
         <object_component_ref idref="oc-34"/>
      </symbol>
      <symbol id="sm-119d">
         <name>__aeabi_ui2d</name>
         <value>0xb22d</value>
         <object_component_ref idref="oc-3fa"/>
      </symbol>
      <symbol id="sm-11ab">
         <name>__aeabi_uldivmod</name>
         <value>0xa241</value>
         <object_component_ref idref="oc-735"/>
      </symbol>
      <symbol id="sm-11bd">
         <name>__TI_zero_init</name>
         <value>0xb52d</value>
         <object_component_ref idref="oc-46"/>
      </symbol>
      <symbol id="sm-11d4">
         <name>__TI_decompress_none</name>
         <value>0xb4bb</value>
         <object_component_ref idref="oc-1a"/>
      </symbol>
      <symbol id="sm-11f7">
         <name>__TI_decompress_lzss</name>
         <value>0xa747</value>
         <object_component_ref idref="oc-14"/>
      </symbol>
      <symbol id="sm-120a">
         <name>__stack</name>
         <value>0x2000fe00</value>
         <object_component_ref idref="oc-26"/>
      </symbol>
      <symbol id="sm-120b">
         <name>_c_int00_noargs</name>
         <value>0xae69</value>
         <object_component_ref idref="oc-52"/>
      </symbol>
      <symbol id="sm-1216">
         <name>C$$EXIT</name>
         <value>0xb5b9</value>
         <object_component_ref idref="oc-1f7"/>
      </symbol>
      <symbol id="sm-1217">
         <name>abort</name>
         <value>0xb5b9</value>
         <object_component_ref idref="oc-1f7"/>
      </symbol>
      <symbol id="sm-122c">
         <name>_nop</name>
         <value>0x62bb</value>
         <object_component_ref idref="oc-4f3"/>
      </symbol>
      <symbol id="sm-122d">
         <name>_lock</name>
         <value>0x2000d030</value>
         <object_component_ref idref="oc-38d"/>
      </symbol>
      <symbol id="sm-122e">
         <name>_unlock</name>
         <value>0x2000d034</value>
         <object_component_ref idref="oc-38d"/>
      </symbol>
      <symbol id="sm-1245">
         <name>rand</name>
         <value>0xaf0d</value>
         <object_component_ref idref="oc-2f1"/>
      </symbol>
      <symbol id="sm-127f">
         <name>sprintf</name>
         <value>0xad3d</value>
         <object_component_ref idref="oc-2c5"/>
      </symbol>
      <symbol id="sm-128f">
         <name>strcat</name>
         <value>0xb24d</value>
         <object_component_ref idref="oc-2e8"/>
      </symbol>
      <symbol id="sm-129f">
         <name>strncpy</name>
         <value>0xaea1</value>
         <object_component_ref idref="oc-10b"/>
      </symbol>
      <symbol id="sm-12a9">
         <name>__aeabi_idiv0</name>
         <value>0x9063</value>
         <object_component_ref idref="oc-855"/>
      </symbol>
      <symbol id="sm-12aa">
         <name>__aeabi_ldiv0</name>
         <value>0x9063</value>
         <object_component_ref idref="oc-855"/>
      </symbol>
      <symbol id="sm-12d2">
         <name>__TI_auto_init_nobinit_nopinit</name>
         <value>0xac35</value>
         <object_component_ref idref="oc-203"/>
      </symbol>
      <symbol id="sm-12dc">
         <name>_system_pre_init</name>
         <value>0xb5b5</value>
         <object_component_ref idref="oc-a1"/>
      </symbol>
      <symbol id="sm-1442">
         <name>__TI_printfi</name>
         <value>0x585d</value>
         <object_component_ref idref="oc-411"/>
      </symbol>
      <symbol id="sm-1458">
         <name>atoi</name>
         <value>0xab11</value>
         <object_component_ref idref="oc-571"/>
      </symbol>
      <symbol id="sm-1463">
         <name>_ctypes_</name>
         <value>0xbbac</value>
         <object_component_ref idref="oc-730"/>
      </symbol>
      <symbol id="sm-1472">
         <name>ltoa</name>
         <value>0xa933</value>
         <object_component_ref idref="oc-74b"/>
      </symbol>
      <symbol id="sm-1482">
         <name>memccpy</name>
         <value>0xb2a5</value>
         <object_component_ref idref="oc-59a"/>
      </symbol>
      <symbol id="sm-1492">
         <name>strchr</name>
         <value>0xb39d</value>
         <object_component_ref idref="oc-77d"/>
      </symbol>
      <symbol id="sm-14a0">
         <name>strlen</name>
         <value>0xb419</value>
         <object_component_ref idref="oc-56b"/>
      </symbol>
      <symbol id="sm-14c0">
         <name>frexpl</name>
         <value>0xa879</value>
         <object_component_ref idref="oc-771"/>
      </symbol>
      <symbol id="sm-14c1">
         <name>frexp</name>
         <value>0xa879</value>
         <object_component_ref idref="oc-771"/>
      </symbol>
      <symbol id="sm-14de">
         <name>scalbn</name>
         <value>0x98e9</value>
         <object_component_ref idref="oc-777"/>
      </symbol>
      <symbol id="sm-14df">
         <name>scalbnl</name>
         <value>0x98e9</value>
         <object_component_ref idref="oc-777"/>
      </symbol>
      <symbol id="sm-14e0">
         <name>ldexpl</name>
         <value>0x98e9</value>
         <object_component_ref idref="oc-777"/>
      </symbol>
      <symbol id="sm-14e1">
         <name>ldexp</name>
         <value>0x98e9</value>
         <object_component_ref idref="oc-777"/>
      </symbol>
      <symbol id="sm-14eb">
         <name>copysign</name>
         <value>0xb405</value>
         <object_component_ref idref="oc-86c"/>
      </symbol>
      <symbol id="sm-14ec">
         <name>copysignl</name>
         <value>0xb405</value>
         <object_component_ref idref="oc-86c"/>
      </symbol>
      <symbol id="sm-1505">
         <name>wcslen</name>
         <value>0xb42d</value>
         <object_component_ref idref="oc-5a0"/>
      </symbol>
      <symbol id="sm-151c">
         <name>__aeabi_dsub</name>
         <value>0x8d0d</value>
         <object_component_ref idref="oc-751"/>
      </symbol>
      <symbol id="sm-151d">
         <name>__aeabi_dadd</name>
         <value>0x8d17</value>
         <object_component_ref idref="oc-751"/>
      </symbol>
      <symbol id="sm-153f">
         <name>__aeabi_cdcmpeq</name>
         <value>0xa35f</value>
         <object_component_ref idref="oc-57d"/>
      </symbol>
      <symbol id="sm-1540">
         <name>__aeabi_cdcmple</name>
         <value>0xa35f</value>
         <object_component_ref idref="oc-57d"/>
      </symbol>
      <symbol id="sm-1541">
         <name>__aeabi_cdrcmple</name>
         <value>0xa3e5</value>
         <object_component_ref idref="oc-741"/>
      </symbol>
      <symbol id="sm-1555">
         <name>__aeabi_ddiv</name>
         <value>0x9451</value>
         <object_component_ref idref="oc-73c"/>
      </symbol>
      <symbol id="sm-155f">
         <name>__aeabi_d2iz</name>
         <value>0xabed</value>
         <object_component_ref idref="oc-746"/>
      </symbol>
      <symbol id="sm-1575">
         <name>__aeabi_errno_addr</name>
         <value>0xb579</value>
         <object_component_ref idref="oc-5a6"/>
      </symbol>
      <symbol id="sm-1576">
         <name>errno</name>
         <value>0x2000d040</value>
         <object_component_ref idref="oc-78d"/>
      </symbol>
      <symbol id="sm-1577">
         <name>__TI_static_base__</name>
         <value>0x0</value>
      </symbol>
      <symbol id="sm-157a">
         <name>__mpu_init</name>
         <value>0x0</value>
      </symbol>
      <symbol id="sm-157b">
         <name>_system_post_cinit</name>
         <value>0x0</value>
      </symbol>
      <symbol id="sm-157c">
         <name>NMI_Handler</name>
         <value>0xb4d5</value>
      </symbol>
      <symbol id="sm-157d">
         <name>HardFault_Handler</name>
         <value>0xb4d5</value>
      </symbol>
      <symbol id="sm-157e">
         <name>MemManage_Handler</name>
         <value>0xb4d5</value>
      </symbol>
      <symbol id="sm-157f">
         <name>BusFault_Handler</name>
         <value>0xb4d5</value>
      </symbol>
      <symbol id="sm-1580">
         <name>UsageFault_Handler</name>
         <value>0xb4d5</value>
      </symbol>
      <symbol id="sm-1581">
         <name>SVC_Handler</name>
         <value>0xb4d5</value>
      </symbol>
      <symbol id="sm-1582">
         <name>DebugMon_Handler</name>
         <value>0xb4d5</value>
      </symbol>
      <symbol id="sm-1583">
         <name>PendSV_Handler</name>
         <value>0xae0f</value>
      </symbol>
      <symbol id="sm-1584">
         <name>SysTick_Handler</name>
         <value>0x6407</value>
      </symbol>
      <symbol id="sm-1585">
         <name>PSS_IRQHandler</name>
         <value>0xb4d5</value>
      </symbol>
      <symbol id="sm-1586">
         <name>CS_IRQHandler</name>
         <value>0xb4d5</value>
      </symbol>
      <symbol id="sm-1587">
         <name>PCM_IRQHandler</name>
         <value>0xb4d5</value>
      </symbol>
      <symbol id="sm-1588">
         <name>WDT_A_IRQHandler</name>
         <value>0xb4d5</value>
      </symbol>
      <symbol id="sm-1589">
         <name>FPU_IRQHandler</name>
         <value>0xb4d5</value>
      </symbol>
      <symbol id="sm-158a">
         <name>FLCTL_IRQHandler</name>
         <value>0xb4d5</value>
      </symbol>
      <symbol id="sm-158b">
         <name>COMP_E0_IRQHandler</name>
         <value>0xb4d5</value>
      </symbol>
      <symbol id="sm-158c">
         <name>COMP_E1_IRQHandler</name>
         <value>0xb4d5</value>
      </symbol>
      <symbol id="sm-158d">
         <name>TA0_0_IRQHandler</name>
         <value>0xb4d5</value>
      </symbol>
      <symbol id="sm-158e">
         <name>TA0_N_IRQHandler</name>
         <value>0xb4d5</value>
      </symbol>
      <symbol id="sm-158f">
         <name>TA1_0_IRQHandler</name>
         <value>0xb4d5</value>
      </symbol>
      <symbol id="sm-1590">
         <name>TA1_N_IRQHandler</name>
         <value>0xb4d5</value>
      </symbol>
      <symbol id="sm-1591">
         <name>TA2_0_IRQHandler</name>
         <value>0xb4d5</value>
      </symbol>
      <symbol id="sm-1592">
         <name>TA2_N_IRQHandler</name>
         <value>0xb4d5</value>
      </symbol>
      <symbol id="sm-1593">
         <name>TA3_0_IRQHandler</name>
         <value>0xb4d5</value>
      </symbol>
      <symbol id="sm-1594">
         <name>TA3_N_IRQHandler</name>
         <value>0xb4d5</value>
      </symbol>
      <symbol id="sm-1595">
         <name>EUSCIA0_IRQHandler</name>
         <value>0x833b</value>
      </symbol>
      <symbol id="sm-1596">
         <name>EUSCIA1_IRQHandler</name>
         <value>0xb4d5</value>
      </symbol>
      <symbol id="sm-1597">
         <name>EUSCIA2_IRQHandler</name>
         <value>0xb4d5</value>
      </symbol>
      <symbol id="sm-1598">
         <name>EUSCIA3_IRQHandler</name>
         <value>0xb4d5</value>
      </symbol>
      <symbol id="sm-1599">
         <name>EUSCIB0_IRQHandler</name>
         <value>0xb4d5</value>
      </symbol>
      <symbol id="sm-159a">
         <name>EUSCIB1_IRQHandler</name>
         <value>0x7f75</value>
      </symbol>
      <symbol id="sm-159b">
         <name>EUSCIB2_IRQHandler</name>
         <value>0xb4d5</value>
      </symbol>
      <symbol id="sm-159c">
         <name>EUSCIB3_IRQHandler</name>
         <value>0xb4d5</value>
      </symbol>
      <symbol id="sm-159d">
         <name>ADC14_IRQHandler</name>
         <value>0xb4d5</value>
      </symbol>
      <symbol id="sm-159e">
         <name>T32_INT1_IRQHandler</name>
         <value>0xb4d5</value>
      </symbol>
      <symbol id="sm-159f">
         <name>T32_INT2_IRQHandler</name>
         <value>0xb4d5</value>
      </symbol>
      <symbol id="sm-15a0">
         <name>T32_INTC_IRQHandler</name>
         <value>0xb4d5</value>
      </symbol>
      <symbol id="sm-15a1">
         <name>AES256_IRQHandler</name>
         <value>0xb4d5</value>
      </symbol>
      <symbol id="sm-15a2">
         <name>RTC_C_IRQHandler</name>
         <value>0xb4d5</value>
      </symbol>
      <symbol id="sm-15a3">
         <name>DMA_ERR_IRQHandler</name>
         <value>0xb4d5</value>
      </symbol>
      <symbol id="sm-15a4">
         <name>DMA_INT3_IRQHandler</name>
         <value>0xb4d5</value>
      </symbol>
      <symbol id="sm-15a5">
         <name>DMA_INT2_IRQHandler</name>
         <value>0xb4d5</value>
      </symbol>
      <symbol id="sm-15a6">
         <name>DMA_INT1_IRQHandler</name>
         <value>0xb4d5</value>
      </symbol>
      <symbol id="sm-15a7">
         <name>DMA_INT0_IRQHandler</name>
         <value>0xb4d5</value>
      </symbol>
      <symbol id="sm-15a8">
         <name>PORT1_IRQHandler</name>
         <value>0x82ed</value>
      </symbol>
      <symbol id="sm-15a9">
         <name>PORT2_IRQHandler</name>
         <value>0x8317</value>
      </symbol>
      <symbol id="sm-15aa">
         <name>PORT3_IRQHandler</name>
         <value>0xb4d5</value>
      </symbol>
      <symbol id="sm-15ab">
         <name>PORT4_IRQHandler</name>
         <value>0xb4d5</value>
      </symbol>
      <symbol id="sm-15ac">
         <name>PORT5_IRQHandler</name>
         <value>0xb4d5</value>
      </symbol>
      <symbol id="sm-15ad">
         <name>PORT6_IRQHandler</name>
         <value>0xb4d5</value>
      </symbol>
   </symbol_table>
   <title>Link successful</title>
</link_info>
