******************************************************************************
                  TI ARM Linker PC v18.1.2                     
******************************************************************************
>> Linked Tue Dec  4 13:27:11 2018

OUTPUT FILE NAME:   <Lab5MicroP2.out>
ENTRY POINT SYMBOL: "_c_int00_noargs"  address: 0000ae69


MEMORY CONFIGURATION

         name            origin    length      used     unused   attr    fill
----------------------  --------  ---------  --------  --------  ----  --------
  MAIN                  00000000   00040000  0000c032  00033fce  R  X
  INFO                  00200000   00004000  00000000  00004000  R  X
  SRAM_CODE             01000000   00010000  0000d24a  00002db6  RW X
  SRAM_DATA             20000000   00010000  0000d24a  00002db6  RW  


SEGMENT ALLOCATION MAP

run origin  load origin   length   init length attrs members
----------  ----------- ---------- ----------- ----- -------
00000000    00000000    0000c038   0000c038    r-x
  00000000    00000000    000000e4   000000e4    r-- .intvecs
  000000e4    000000e4    0000b4d8   0000b4d8    r-x .text
  0000b5bc    0000b5bc    000009fe   000009fe    r-- .const
  0000bfc0    0000bfc0    00000078   00000078    r-- .cinit
20000000    20000000    0000d04c   00000000    rw-
  20000000    20000000    0000cfca   00000000    rw- .bss
  2000cfcc    2000cfcc    00000080   00000000    rw- .data
2000fe00    2000fe00    00000200   00000000    rw-
  2000fe00    2000fe00    00000200   00000000    rw- .stack


SECTION ALLOCATION MAP

 output                                  attributes/
section   page    origin      length       input sections
--------  ----  ----------  ----------   ----------------
.intvecs   0    00000000    000000e4     
                  00000000    000000e4     startup_msp432p401r_ccs.obj (.intvecs:retain)

.text      0    000000e4    0000b4d8     
                  000000e4    00002028     driver.obj (.text)
                  0000210c    00001284     Game.obj (.text)
                  00003390    00000ed4     socket.obj (.text)
                  00004264    00000b40     netapp.obj (.text)
                  00004da4    00000ab8     wlan.obj (.text)
                  0000585c    00000a5e     rtsv7M4_T_le_v4SPD16_eabi.lib : _printfi.c.obj (.text:__TI_printfi)
                  000062ba    00000002                                   : _lock.c.obj (.text:_nop)
                  000062bc    000008c8     G8RTOS_Scheduler.obj (.text)
                  00006b84    00000684     cc3100_usage.obj (.text)
                  00007208    000005b4     device.obj (.text)
                  000077bc    00000520     LCDlib.obj (.text)
                  00007cdc    00000360     i2c_driver.obj (.text)
                  0000803c    0000034c     board.obj (.text)
                  00008388    00000334     system_msp432p401r.obj (.text)
                  000086bc    00000270     rtsv7M4_T_le_v4SPD16_eabi.lib : _printfi.c.obj (.text:_pconv_a)
                  0000892c    00000210     spi_cc3100.obj (.text)
                  00008b3c    000001d0     rtsv7M4_T_le_v4SPD16_eabi.lib : _printfi.c.obj (.text:_pconv_g)
                  00008d0c    000001b6                                   : fd_add_t2.asm.obj (.text)
                  00008ec2    000001a0     msp432p4xx_driverlib.lib : pcm.o (.text:__PCM_setPowerStateAdvanced)
                  00009062    00000002     rtsv7M4_T_le_v4SPD16_eabi.lib : div0.asm.obj (.text)
                  00009064    00000178     Joystick.obj (.text)
                  000091dc    0000013c     rtsv7M4_T_le_v4SPD16_eabi.lib : _printfi.c.obj (.text:_pconv_e)
                  00009318    00000138     RGBLeds.obj (.text)
                  00009450    00000136     rtsv7M4_T_le_v4SPD16_eabi.lib : fd_div_t2.asm.obj (.text)
                  00009586    00000002     --HOLE-- [fill = 0]
                  00009588    00000130     nonos.obj (.text)
                  000096b8    00000120     rtsv7M4_T_le_v4SPD16_eabi.lib : _printfi.c.obj (.text:fcvt)
                  000097d8    00000110     netcfg.obj (.text)
                  000098e8    00000110     rtsv7M4_T_le_v4SPD16_eabi.lib : s_scalbn.c.obj (.text:scalbn)
                  000099f8    00000104     msp432p4xx_driverlib.lib : cs.o (.text:CS_getDCOFrequency)
                  00009afc    000000fc     rtsv7M4_T_le_v4SPD16_eabi.lib : fd_mul_t2.asm.obj (.text)
                  00009bf8    000000e0     msp432p4xx_driverlib.lib : cs.o (.text:CS_initClockSignal)
                  00009cd8    000000dc                              : pcm.o (.text:__PCM_setPowerModeAdvanced)
                  00009db4    000000b1     rtsv7M4_T_le_v4SPD16_eabi.lib : _printfi.c.obj (.text:_ltostr)
                  00009e65    00000003     --HOLE-- [fill = 0]
                  00009e68    000000b0     G8RTOS_Semaphores.obj (.text)
                  00009f18    000000b0     msp432p4xx_driverlib.lib : pcm.o (.text:__PCM_setCoreVoltageLevelAdvanced)
                  00009fc8    000000a4     LCDlib.obj (.text:PutChar)
                  0000a06c    0000009c     msp432p4xx_driverlib.lib : cs.o (.text:CS_startHFXTWithTimeout)
                  0000a108    0000009c                              : cs.o (.text:_CSComputeCLKFrequency)
                  0000a1a4    0000009c     rtsv7M4_T_le_v4SPD16_eabi.lib : memcpy_t2.asm.obj (.text)
                  0000a240    00000096                                   : ull_div_t2.asm.obj (.text)
                  0000a2d6    00000088     msp432p4xx_driverlib.lib : spi.o (.text:SPI_initMaster)
                  0000a35e    00000086     rtsv7M4_T_le_v4SPD16_eabi.lib : fd_cmp_t2.asm.obj (.text:__aeabi_cdcmple)
                  0000a3e4    00000086                                   : fd_cmp_t2.asm.obj (.text:__aeabi_cdrcmple)
                  0000a46a    00000002     --HOLE-- [fill = 0]
                  0000a46c    00000084     ClockSys.obj (.text)
                  0000a4f0    00000080     flowcont.obj (.text)
                  0000a570    0000007c     msp432p4xx_driverlib.lib : pcm.o (.text:PCM_gotoLPM3)
                  0000a5ec    0000007a     rtsv7M4_T_le_v4SPD16_eabi.lib : memset_t2.asm.obj (.text)
                  0000a666    00000002     --HOLE-- [fill = 0]
                  0000a668    00000070     msp432p4xx_driverlib.lib : cs.o (.text:_CSGetHFXTFrequency)
                  0000a6d8    0000006e     rtsv7M4_T_le_v4SPD16_eabi.lib : _printfi.c.obj (.text:_mcpy)
                  0000a746    00000068                                   : copy_decompress_lzss.c.obj (.text:decompress:lzss:__TI_decompress_lzss)
                  0000a7ae    00000002     --HOLE-- [fill = 0]
                  0000a7b0    00000064     msp432p4xx_driverlib.lib : interrupt.o (.text:Interrupt_disableInterrupt)
                  0000a814    00000064                              : interrupt.o (.text:Interrupt_enableInterrupt)
                  0000a878    00000064     rtsv7M4_T_le_v4SPD16_eabi.lib : s_frexp.c.obj (.text:frexp)
                  0000a8dc    00000056                                   : _printfi.c.obj (.text:_pconv_f)
                  0000a932    00000054                                   : ltoa.c.obj (.text:ltoa)
                  0000a986    00000052                                   : _printfi.c.obj (.text:_ecpy)
                  0000a9d8    00000050     msp432p4xx_driverlib.lib : pcm.o (.text:PCM_shutdownDevice)
                  0000aa28    00000050                              : sysctl.o (.text:SysCtl_getTLVInfo)
                  0000aa78    0000004c                              : gpio.o (.text:GPIO_setAsPeripheralModuleFunctionOutputPin)
                  0000aac4    0000004c                              : cs.o (.text:_CSGetDOCFrequency)
                  0000ab10    0000004c     rtsv7M4_T_le_v4SPD16_eabi.lib : atoi.c.obj (.text:atoi)
                  0000ab5c    00000048     msp432p4xx_driverlib.lib : gpio.o (.text:GPIO_setAsPeripheralModuleFunctionInputPin)
                  0000aba4    00000048                              : cs.o (.text:_CSGetDividerValue)
                  0000abec    00000048     rtsv7M4_T_le_v4SPD16_eabi.lib : fd_toi_t2.asm.obj (.text)
                  0000ac34    00000044                                   : autoinit.c.obj (.text:__TI_auto_init_nobinit_nopinit:__TI_auto_init_nobinit_nopinit)
                  0000ac78    00000044                                   : fd_tou_t2.asm.obj (.text)
                  0000acbc    00000040     AsciiLib.obj (.text)
                  0000acfc    00000040     LCDlib.obj (.text:LCD_WriteData)
                  0000ad3c    00000040     rtsv7M4_T_le_v4SPD16_eabi.lib : sprintf.c.obj (.text:sprintf)
                  0000ad7c    0000003e     msp432p4xx_driverlib.lib : i2c.o (.text:I2C_initMaster)
                  0000adba    0000003e     rtsv7M4_T_le_v4SPD16_eabi.lib : _printfi.c.obj (.text:_fcpy)
                  0000adf8    00000038     G8RTOS_SchedulerASM.obj (.text)
                  0000ae30    00000038     msp432p4xx_driverlib.lib : i2c.o (.text:I2C_masterSendMultiByteStart)
                  0000ae68    00000038     rtsv7M4_T_le_v4SPD16_eabi.lib : boot_cortex_m.c.obj (.text:_c_int00_noargs:_c_int00_noargs)
                  0000aea0    00000036                                   : strncpy.c.obj (.text:strncpy)
                  0000aed6    00000002     --HOLE-- [fill = 0]
                  0000aed8    00000034     LCDlib.obj (.text:LCD_WriteIndex)
                  0000af0c    00000034     rtsv7M4_T_le_v4SPD16_eabi.lib : rand.c.obj (.text:rand)
                  0000af40    00000030     msp432p4xx_driverlib.lib : gpio.o (.text:GPIO_setAsInputPinWithPullUpResistor)
                  0000af70    00000030                              : i2c.o (.text:I2C_masterSendMultiByteStop)
                  0000afa0    00000030                              : spi.o (.text:is_A_Module)
                  0000afd0    0000002e     rtsv7M4_T_le_v4SPD16_eabi.lib : i_tofd_t2.asm.obj (.text)
                  0000affe    00000002     --HOLE-- [fill = 0]
                  0000b000    0000002c     msp432p4xx_driverlib.lib : gpio.o (.text:GPIO_setAsInputPin)
                  0000b02c    0000002c                              : pcm.o (.text:PCM_getCoreVoltageLevel)
                  0000b058    0000002a                              : pcm.o (.text:PCM_getPowerMode)
                  0000b082    00000002     --HOLE-- [fill = 0]
                  0000b084    00000028                              : flash.o (.text:FlashCtl_setWaitState)
                  0000b0ac    00000028                              : pcm.o (.text:PCM_gotoLPM0)
                  0000b0d4    00000024                              : cs.o (.text:CS_clearInterruptFlag)
                  0000b0f8    00000024                              : cs.o (.text:CS_setDCOCenteredFrequency)
                  0000b11c    00000024                              : i2c.o (.text:I2C_masterSendMultiByteNext)
                  0000b140    00000024                              : interrupt.o (.text:Interrupt_setPriority)
                  0000b164    00000024                              : rtc_c.o (.text:RTC_C_holdClock)
                  0000b188    00000022     BSP.obj (.text)
                  0000b1aa    00000002     --HOLE-- [fill = 0]
                  0000b1ac    00000020     msp432p4xx_driverlib.lib : gpio.o (.text:GPIO_interruptEdgeSelect)
                  0000b1cc    00000020     LCDlib.obj (.text:LCD_SetCursor)
                  0000b1ec    00000020     LCDlib.obj (.text:LCD_Write_Data_Only)
                  0000b20c    00000020     msp432p4xx_driverlib.lib : spi.o (.text:SPI_transmitData)
                  0000b22c    00000020     rtsv7M4_T_le_v4SPD16_eabi.lib : u_tofd_t2.asm.obj (.text)
                  0000b24c    0000001e                                   : strcat.c.obj (.text:strcat)
                  0000b26a    0000001c     LCDlib.obj (.text:LCD_WriteReg)
                  0000b286    00000002     --HOLE-- [fill = 0]
                  0000b288    0000001c     LCDlib.obj (.text:SPISendRecvByte)
                  0000b2a4    0000001c     rtsv7M4_T_le_v4SPD16_eabi.lib : memccpy.c.obj (.text:memccpy)
                  0000b2c0    0000001a     msp432p4xx_driverlib.lib : spi.o (.text:SPI_enableModule)
                  0000b2da    0000001a                              : spi.o (.text:SPI_receiveData)
                  0000b2f4    00000018                              : cs.o (.text:CS_getMCLK)
                  0000b30c    00000018                              : cs.o (.text:CS_getSMCLK)
                  0000b324    00000018                              : gpio.o (.text:GPIO_disableInterrupt)
                  0000b33c    00000018                              : gpio.o (.text:GPIO_getInputPinValue)
                  0000b354    00000018                              : wdt_a.o (.text:WDT_A_clearTimer)
                  0000b36c    00000018                              : wdt_a.o (.text:WDT_A_holdTimer)
                  0000b384    00000018     rtsv7M4_T_le_v4SPD16_eabi.lib : sprintf.c.obj (.text:_outs)
                  0000b39c    00000016                                   : strchr.c.obj (.text:strchr)
                  0000b3b2    00000002     --HOLE-- [fill = 0]
                  0000b3b4    00000014     msp432p4xx_driverlib.lib : cs.o (.text:CS_setExternalClockSourceFrequency)
                  0000b3c8    00000014                              : gpio.o (.text:GPIO_enableInterrupt)
                  0000b3dc    00000014                              : i2c.o (.text:I2C_isBusBusy)
                  0000b3f0    00000014                              : systick.o (.text:SysTick_enableInterrupt)
                  0000b404    00000014     rtsv7M4_T_le_v4SPD16_eabi.lib : s_copysign.c.obj (.text:copysign)
                  0000b418    00000014                                   : strlen.c.obj (.text:strlen)
                  0000b42c    00000012                                   : wcslen.c.obj (.text:wcslen)
                  0000b43e    00000010     msp432p4xx_driverlib.lib : i2c.o (.text:I2C_masterReceiveStart)
                  0000b44e    00000010                              : interrupt.o (.text:Interrupt_enableMaster)
                  0000b45e    00000010                              : pcm.o (.text:PCM_gotoLPM4)
                  0000b46e    00000002     --HOLE-- [fill = 0]
                  0000b470    00000010                              : sysctl.o (.text:SysCtl_disableNMISource)
                  0000b480    00000010                              : sysctl.o (.text:SysCtl_enableNMISource)
                  0000b490    0000000e     G8RTOS_CriticalSection.obj (.text)
                  0000b49e    0000000e     msp432p4xx_driverlib.lib : i2c.o (.text:I2C_clearInterruptFlag)
                  0000b4ac    0000000e                              : i2c.o (.text:I2C_disableInterrupt)
                  0000b4ba    0000000e     rtsv7M4_T_le_v4SPD16_eabi.lib : copy_decompress_none.c.obj (.text:decompress:none:__TI_decompress_none)
                  0000b4c8    0000000e     startup_msp432p401r_ccs.obj (.text)
                  0000b4d6    0000000c     msp432p4xx_driverlib.lib : cpu.o (.text:CPU_cpsie)
                  0000b4e2    0000000c                              : spi.o (.text:EUSCI_A_SPI_enable)
                  0000b4ee    0000000c                              : spi.o (.text:EUSCI_B_SPI_enable)
                  0000b4fa    0000000c                              : i2c.o (.text:I2C_disableModule)
                  0000b506    0000000c                              : i2c.o (.text:I2C_enableModule)
                  0000b512    00000002     --HOLE-- [fill = 0]
                  0000b514    0000000c                              : pcm.o (.text:PCM_getPowerState)
                  0000b520    0000000c                              : sysctl.o (.text:SysCtl_getNMISourceStatus)
                  0000b52c    0000000c     rtsv7M4_T_le_v4SPD16_eabi.lib : copy_zero_init.c.obj (.text:decompress:ZI:__TI_zero_init)
                  0000b538    0000000c     main.obj (.text)
                  0000b544    0000000a     LCDlib.obj (.text:LCD_Write_Data_Start)
                  0000b54e    0000000a     rtsv7M4_T_le_v4SPD16_eabi.lib : sprintf.c.obj (.text:_outc)
                  0000b558    00000008     msp432p4xx_driverlib.lib : i2c.o (.text:I2C_enableInterrupt)
                  0000b560    00000008                              : pcm.o (.text:PCM_setCoreVoltageLevel)
                  0000b568    00000008                              : pcm.o (.text:PCM_setPowerMode)
                  0000b570    00000008                              : pcm.o (.text:PCM_setPowerState)
                  0000b578    00000008     rtsv7M4_T_le_v4SPD16_eabi.lib : errno.c.obj (.text:__aeabi_errno_addr)
                  0000b580    00000006     msp432p4xx_driverlib.lib : cs.o (.text:CS_startHFXT)
                  0000b586    00000006                              : spi.o (.text:EUSCI_A_SPI_receiveData)
                  0000b58c    00000006                              : spi.o (.text:EUSCI_B_SPI_receiveData)
                  0000b592    00000006                              : i2c.o (.text:I2C_getEnabledInterruptStatus)
                  0000b598    00000006                              : i2c.o (.text:I2C_getInterruptStatus)
                  0000b59e    00000006                              : i2c.o (.text:I2C_masterReceiveMultiByteNext)
                  0000b5a4    00000004                              : cpu.o (.text:CPU_wfi)
                  0000b5a8    00000004                              : spi.o (.text:EUSCI_A_SPI_transmitData)
                  0000b5ac    00000004                              : spi.o (.text:EUSCI_B_SPI_transmitData)
                  0000b5b0    00000004                              : i2c.o (.text:I2C_setSlaveAddress)
                  0000b5b4    00000004     rtsv7M4_T_le_v4SPD16_eabi.lib : pre_init.c.obj (.text:_system_pre_init)
                  0000b5b8    00000004                                   : exit.c.obj (.text:abort:abort)

.const     0    0000b5bc    000009fe     
                  0000b5bc    000005f0     AsciiLib.obj (.const:AsciiLib)
                  0000bbac    00000101     rtsv7M4_T_le_v4SPD16_eabi.lib : ctype.c.obj (.const:.string:_ctypes_)
                  0000bcad    00000002     Game.obj (.const:.string:$P$T3$4)
                  0000bcaf    00000001     --HOLE-- [fill = 0]
                  0000bcb0    000000b0     wlan.obj (.const:$P$T0$1)
                  0000bd60    00000050     msp432p4xx_driverlib.lib : interrupt.o (.const:g_pulRegs)
                  0000bdb0    00000040                              : interrupt.o (.const)
                  0000bdf0    00000038     driver.obj (.const:_SlActionLookupTable)
                  0000be28    0000002c     cc3100_usage.obj (.const:$P$T0$1)
                  0000be54    00000020     Game.obj (.const:.string:$P$T4$5)
                  0000be74    0000001f     Game.obj (.const:.string:$P$T2$3)
                  0000be93    00000001     --HOLE-- [fill = 0]
                  0000be94    0000001c     LCDlib.obj (.const:$P$T0$1)
                  0000beb0    0000001a     Game.obj (.const:.string:$P$T1$2)
                  0000beca    00000014     cc3100_usage.obj (.const:$P$T1$2)
                  0000bede    00000002     --HOLE-- [fill = 0]
                  0000bee0    0000000c     cc3100_usage.obj (.const:$P$T2$3)
                  0000beec    00000008     driver.obj (.const:g_H2NCnysPattern)
                  0000bef4    00000008     driver.obj (.const:g_H2NSyncPattern)
                  0000befc    00000005     Game.obj (.const:.string:$P$T0$1)
                  0000bf01    00000001     --HOLE-- [fill = 0]
                  0000bf02    00000004     driver.obj (.const:$P$T0$1)
                  0000bf06    00000004     netapp.obj (.const:$P$T0$1)
                  0000bf0a    00000004     socket.obj (.const:$P$T0$1)
                  0000bf0e    00000004     socket.obj (.const:$P$T1$2)
                  0000bf12    00000004     wlan.obj (.const:$P$T1$2)
                  0000bf16    00000004     socket.obj (.const:$P$T2$3)
                  0000bf1a    00000004     wlan.obj (.const:$P$T2$3)
                  0000bf1e    00000004     wlan.obj (.const:$P$T3$4)
                  0000bf22    00000004     socket.obj (.const:_SlAcceptCmdCtrl)
                  0000bf26    00000004     device.obj (.const:_SlDeviceGetCmdCtrl)
                  0000bf2a    00000004     device.obj (.const:_SlDeviceSetCmdCtrl)
                  0000bf2e    00000004     device.obj (.const:_SlEventMaskGetCmdCtrl)
                  0000bf32    00000004     device.obj (.const:_SlEventMaskSetCmdCtrl)
                  0000bf36    00000004     netapp.obj (.const:_SlGetHostByNameCtrl)
                  0000bf3a    00000004     netapp.obj (.const:_SlGetHostByServiceCtrl)
                  0000bf3e    00000004     netapp.obj (.const:_SlGetServiceListeCtrl)
                  0000bf42    00000004     socket.obj (.const:_SlGetSockOptCmdCtrl)
                  0000bf46    00000004     socket.obj (.const:_SlListenCmdCtrl)
                  0000bf4a    00000004     netapp.obj (.const:_SlNetAppGetCmdCtrl)
                  0000bf4e    00000004     netapp.obj (.const:_SlNetAppSendTokenValueCmdCtrl)
                  0000bf52    00000004     netapp.obj (.const:_SlNetAppSetCmdCtrl)
                  0000bf56    00000004     netapp.obj (.const:_SlNetAppStartCtrl)
                  0000bf5a    00000004     netapp.obj (.const:_SlNetAppStopCtrl)
                  0000bf5e    00000004     netcfg.obj (.const:_SlNetCfgGetCmdCtrl)
                  0000bf62    00000004     netcfg.obj (.const:_SlNetCfgSetCmdCtrl)
                  0000bf66    00000004     wlan.obj (.const:_SlPolicyGetCmdCtrl)
                  0000bf6a    00000004     wlan.obj (.const:_SlPolicySetCmdCtrl)
                  0000bf6e    00000004     wlan.obj (.const:_SlProfileDelCmdCtrl)
                  0000bf72    00000004     wlan.obj (.const:_SlProfileGetCmdCtrl)
                  0000bf76    00000004     socket.obj (.const:_SlRecvCmdCtrl)
                  0000bf7a    00000004     socket.obj (.const:_SlRecvfomCmdCtrl)
                  0000bf7e    00000004     netapp.obj (.const:_SlRegisterServiceCtrl)
                  0000bf82    00000004     wlan.obj (.const:_SlRxFilterAddtCmdCtrl)
                  0000bf86    00000004     wlan.obj (.const:_SlRxFilterGetCmdCtrl)
                  0000bf8a    00000004     wlan.obj (.const:_SlRxFilterSetCmdCtrl)
                  0000bf8e    00000004     socket.obj (.const:_SlSelectCmdCtrl)
                  0000bf92    00000004     socket.obj (.const:_SlSendCmdCtrl)
                  0000bf96    00000004     socket.obj (.const:_SlSetSockOptCmdCtrl)
                  0000bf9a    00000004     wlan.obj (.const:_SlSmartConfigStartCmdCtrl)
                  0000bf9e    00000004     socket.obj (.const:_SlSockCloseCmdCtrl)
                  0000bfa2    00000004     socket.obj (.const:_SlSockSocketCmdCtrl)
                  0000bfa6    00000004     device.obj (.const:_SlStopCmdCtrl)
                  0000bfaa    00000004     wlan.obj (.const:_SlWlanCfgGetCmdCtrl)
                  0000bfae    00000004     wlan.obj (.const:_SlWlanCfgSetCmdCtrl)
                  0000bfb2    00000004     wlan.obj (.const:_SlWlanGetNetworkListCtrl)
                  0000bfb6    00000004     wlan.obj (.const:_SlWlanSetModeCmdCtrl)

.cinit     0    0000bfc0    00000078     
                  0000bfc0    0000004d     (.cinit..data.load) [load image, compression = lzss]
                  0000c00d    00000003     --HOLE-- [fill = 0]
                  0000c010    0000000c     (__TI_handler_table)
                  0000c01c    00000004     --HOLE-- [fill = 0]
                  0000c020    00000008     (.cinit..bss.load) [load image, compression = zero_init]
                  0000c028    00000010     (__TI_cinit_table)

.init_array 
*          0    00000000    00000000     UNINITIALIZED

.binit     0    00000000    00000000     

.bss       0    20000000    0000cfca     UNINITIALIZED
                  20000000    0000c800     G8RTOS_Scheduler.obj (.bss:threadStacks)
                  2000c800    00000514     G8RTOS_Scheduler.obj (.bss:threadControlBlocks)
                  2000cd14    00000164     (.common:g_StatMem)
                  2000ce78    00000090     G8RTOS_Scheduler.obj (.bss:Pthread)
                  2000cf08    00000054     (.common:gameState)
                  2000cf5c    00000028     (.common:g__SlNonOsCB)
                  2000cf84    0000000a     (.common:clientPlayer)
                  2000cf8e    00000001     (.common:IntIsMasked)
                  2000cf8f    00000001     (.common:isHost)
                  2000cf90    00000008     G8RTOS_Scheduler.obj (.bss)
                  2000cf98    00000004     cc3100_usage.obj (.bss)
                  2000cf9c    00000004     (.common:ButtonFunction)
                  2000cfa0    00000004     (.common:CurrentlyRunningThread)
                  2000cfa4    00000004     (.common:SystemTime)
                  2000cfa8    00000004     (.common:coordinates)
                  2000cfac    00000004     (.common:g_ui32ByteCount)
                  2000cfb0    00000004     (.common:hfxtFreq)
                  2000cfb4    00000004     (.common:lcdI2CReady)
                  2000cfb8    00000004     (.common:ledI2CReady)
                  2000cfbc    00000004     (.common:lfxtFreq)
                  2000cfc0    00000004     (.common:pData)
                  2000cfc4    00000004     (.common:wifiReady)
                  2000cfc8    00000001     (.common:ui8DummyRead)
                  2000cfc9    00000001     (.common:ui8Status)

.data      0    2000cfcc    00000080     UNINITIALIZED
                  2000cfcc    00000030     msp432p4xx_driverlib.lib : gpio.o (.data:GPIO_PORT_TO_BASE)
                  2000cffc    00000014     cc3100_usage.obj (.data)
                  2000d010    00000014     i2c_driver.obj (.data:i2cConfig)
                  2000d024    00000009     driver.obj (.data)
                  2000d02d    00000001     i2c_driver.obj (.data)
                  2000d02e    00000002     --HOLE--
                  2000d030    00000008     rtsv7M4_T_le_v4SPD16_eabi.lib : _lock.c.obj (.data:$O1$$)
                  2000d038    00000004     G8RTOS_Scheduler.obj (.data)
                  2000d03c    00000004     board.obj (.data)
                  2000d040    00000004     rtsv7M4_T_le_v4SPD16_eabi.lib : errno.c.obj (.data)
                  2000d044    00000004                                   : rand.c.obj (.data)
                  2000d048    00000004     system_msp432p401r.obj (.data)

.stack     0    2000fe00    00000200     UNINITIALIZED
                  2000fe00    00000004     rtsv7M4_T_le_v4SPD16_eabi.lib : boot_cortex_m.c.obj (.stack)
                  2000fe04    000001fc     --HOLE--

MODULE SUMMARY

       Module                        code    ro data   rw data
       ------                        ----    -------   -------
    .\
       Game.obj                      4740    96        230    
       system_msp432p401r.obj        820     0         8      
       startup_msp432p401r_ccs.obj   14      228       0      
       main.obj                      12      0         0      
    +--+-----------------------------+-------+---------+---------+
       Total:                        5586    324       238    
                                                              
    .\BoardSupportPackage\src\
       LCDlib.obj                    1722    28        0      
       AsciiLib.obj                  64      1520      0      
       i2c_driver.obj                864     0         62     
       Joystick.obj                  376     0         8      
       RGBLeds.obj                   312     0         0      
       ClockSys.obj                  132     0         0      
       BSP.obj                       34      0         0      
    +--+-----------------------------+-------+---------+---------+
       Total:                        3504    1548      70     
                                                              
    .\CC3100SupportPackage\board\
       board.obj                     844     0         10     
    +--+-----------------------------+-------+---------+---------+
       Total:                        844     0         10     
                                                              
    .\CC3100SupportPackage\cc3100_usage\
       cc3100_usage.obj              1668    76        48     
    +--+-----------------------------+-------+---------+---------+
       Total:                        1668    76        48     
                                                              
    .\CC3100SupportPackage\simplelink\source\
       driver.obj                    8232    76        730    
       socket.obj                    3796    52        0      
       wlan.obj                      2744    236       0      
       netapp.obj                    2880    40        0      
       device.obj                    1460    20        0      
       nonos.obj                     304     0         80     
       netcfg.obj                    272     8         0      
       flowcont.obj                  128     0         0      
    +--+-----------------------------+-------+---------+---------+
       Total:                        19816   432       810    
                                                              
    .\CC3100SupportPackage\spi_cc3100\
       spi_cc3100.obj                528     0         0      
    +--+-----------------------------+-------+---------+---------+
       Total:                        528     0         0      
                                                              
    .\G8RTOS\
       G8RTOS_Scheduler.obj          2248    0         105320 
       G8RTOS_Semaphores.obj         176     0         0      
       G8RTOS_SchedulerASM.obj       56      0         0      
       G8RTOS_CriticalSection.obj    14      0         0      
    +--+-----------------------------+-------+---------+---------+
       Total:                        2494    0         105320 
                                                              
    ../BoardSupportPackage/DriverLib/msp432p4xx_driverlib.lib
       cs.o                          1202    0         16     
       pcm.o                         1194    0         0      
       gpio.o                        340     0         96     
       interrupt.o                   252     144       0      
       i2c.o                         320     0         0      
       spi.o                         312     0         0      
       sysctl.o                      124     0         0      
       wdt_a.o                       48      0         0      
       flash.o                       40      0         0      
       rtc_c.o                       36      0         0      
       systick.o                     20      0         0      
       cpu.o                         16      0         0      
    +--+-----------------------------+-------+---------+---------+
       Total:                        3904    144       112    
                                                              
    C:\ti\ccsv8\tools\compiler\ti-cgt-arm_18.1.2.LTS\lib\rtsv7M4_T_le_v4SPD16_eabi.lib
       _printfi.c.obj                4863    0         0      
       fd_add_t2.asm.obj             438     0         0      
       fd_div_t2.asm.obj             310     0         0      
       s_scalbn.c.obj                272     0         0      
       fd_cmp_t2.asm.obj             268     0         0      
       ctype.c.obj                   0       257       0      
       fd_mul_t2.asm.obj             252     0         0      
       memcpy_t2.asm.obj             156     0         0      
       ull_div_t2.asm.obj            150     0         0      
       memset_t2.asm.obj             122     0         0      
       copy_decompress_lzss.c.obj    104     0         0      
       s_frexp.c.obj                 100     0         0      
       sprintf.c.obj                 98      0         0      
       ltoa.c.obj                    84      0         0      
       atoi.c.obj                    76      0         0      
       fd_toi_t2.asm.obj             72      0         0      
       autoinit.c.obj                68      0         0      
       fd_tou_t2.asm.obj             68      0         0      
       rand.c.obj                    52      0         8      
       boot_cortex_m.c.obj           56      0         0      
       strncpy.c.obj                 54      0         0      
       i_tofd_t2.asm.obj             46      0         0      
       u_tofd_t2.asm.obj             32      0         0      
       strcat.c.obj                  30      0         0      
       memccpy.c.obj                 28      0         0      
       strchr.c.obj                  22      0         0      
       s_copysign.c.obj              20      0         0      
       strlen.c.obj                  20      0         0      
       _lock.c.obj                   2       0         16     
       wcslen.c.obj                  18      0         0      
       errno.c.obj                   8       0         8      
       copy_decompress_none.c.obj    14      0         0      
       copy_zero_init.c.obj          12      0         0      
       exit.c.obj                    4       0         0      
       pre_init.c.obj                4       0         0      
       div0.asm.obj                  2       0         0      
    +--+-----------------------------+-------+---------+---------+
       Total:                        7925    257       32     
                                                              
       Stack:                        0       0         1024   
       Linker Generated:             0       113       0      
    +--+-----------------------------+-------+---------+---------+
       Grand Total:                  46269   2894      107664 


LINKER GENERATED COPY TABLES

__TI_cinit_table @ 0000c028 records: 2, size/record: 8, table size: 16
	.data: load addr=0000bfc0, load size=0000004d bytes, run addr=2000cfcc, run size=00000080 bytes, compression=lzss
	.bss: load addr=0000c020, load size=00000008 bytes, run addr=20000000, run size=0000cfca bytes, compression=zero_init


LINKER GENERATED HANDLER TABLE

__TI_handler_table @ 0000c010 records: 3, size/record: 4, table size: 12
	index: 0, handler: __TI_decompress_lzss
	index: 1, handler: __TI_decompress_none
	index: 2, handler: __TI_zero_init


GLOBAL SYMBOLS: SORTED ALPHABETICALLY BY Name 

address   name                                       
-------   ----                                       
0000b4d5  ADC14_IRQHandler                           
0000b4d5  AES256_IRQHandler                          
0000b189  BSP_InitBoard                              
0000b4d5  BusFault_Handler                           
2000cf9c  ButtonFunction                             
0000b5b9  C$$EXIT                                    
00008093  CC3100_InterruptDisable                    
00008069  CC3100_InterruptEnable                     
00008051  CC3100_disable                             
0000805d  CC3100_enable                              
0000b4d5  COMP_E0_IRQHandler                         
0000b4d5  COMP_E1_IRQHandler                         
0000b4d7  CPU_cpsie                                  
0000b5a5  CPU_wfi                                    
0000b4d5  CS_IRQHandler                              
0000b0d5  CS_clearInterruptFlag                      
000099f9  CS_getDCOFrequency                         
0000b2f5  CS_getMCLK                                 
0000b30d  CS_getSMCLK                                
00009bf9  CS_initClockSignal                         
0000b0f9  CS_setDCOCenteredFrequency                 
0000b3b5  CS_setExternalClockSourceFrequency         
0000b581  CS_startHFXT                               
0000a06d  CS_startHFXTWithTimeout                    
00006905  Change_Period                              
0000a4db  ClockSys_GetSysFreq                        
0000a46d  ClockSys_SetMaxFreq                        
000048c5  CopyPingResultsToReport                    
00002925  CreateGame                                 
2000cfa0  CurrentlyRunningThread                     
0000b4d5  DMA_ERR_IRQHandler                         
0000b4d5  DMA_INT0_IRQHandler                        
0000b4d5  DMA_INT1_IRQHandler                        
0000b4d5  DMA_INT2_IRQHandler                        
0000b4d5  DMA_INT3_IRQHandler                        
0000b4d5  DebugMon_Handler                           
0000b4d5  Default_Handler                            
000082ef  Delay                                      
00009145  Disable_Joystick_Interrupt                 
0000210f  DrawObjects                                
00002471  DrawPlayer                                 
0000833b  EUSCIA0_IRQHandler                         
0000833b  EUSCIA0_IRQHandler                         
0000b4d5  EUSCIA1_IRQHandler                         
0000b4d5  EUSCIA2_IRQHandler                         
0000b4d5  EUSCIA3_IRQHandler                         
0000b4d5  EUSCIB0_IRQHandler                         
00007f75  EUSCIB1_IRQHandler                         
00007f75  EUSCIB1_IRQHandler                         
0000b4d5  EUSCIB2_IRQHandler                         
0000b4d5  EUSCIB3_IRQHandler                         
0000b4e3  EUSCI_A_SPI_enable                         
0000b587  EUSCI_A_SPI_receiveData                    
0000b5a9  EUSCI_A_SPI_transmitData                   
0000b4ef  EUSCI_B_SPI_enable                         
0000b58d  EUSCI_B_SPI_receiveData                    
0000b5ad  EUSCI_B_SPI_transmitData                   
0000b499  EndCriticalSection                         
000027e9  EndOfGameClient                            
000031ad  EndOfGameHost                              
0000b4d5  FLCTL_IRQHandler                           
0000b4d5  FPU_IRQHandler                             
0000b085  FlashCtl_setWaitState                      
00006af9  G8RTOS_AddAPeriodicEvent                   
00006805  G8RTOS_AddPeriodicEvent                    
00006681  G8RTOS_AddThread                           
00006965  G8RTOS_Genocide                            
000069b5  G8RTOS_GetThreadId                         
00006517  G8RTOS_Init                                
00009e69  G8RTOS_InitSemaphore                       
00006add  G8RTOS_KillSelf                            
000069d5  G8RTOS_KillThread                          
000065a5  G8RTOS_Launch                              
00009efb  G8RTOS_ReleaseSemaphore                    
0000638f  G8RTOS_Scheduler                           
00009eb9  G8RTOS_SignalSemaphore                     
0000adfd  G8RTOS_Start                               
00009e83  G8RTOS_WaitSemaphore                       
0000b325  GPIO_disableInterrupt                      
0000b3c9  GPIO_enableInterrupt                       
0000b33d  GPIO_getInputPinValue                      
0000b1ad  GPIO_interruptEdgeSelect                   
0000b001  GPIO_setAsInputPin                         
0000af41  GPIO_setAsInputPinWithPullUpResistor       
0000ab5d  GPIO_setAsPeripheralModuleFunctionInputPin 
0000aa79  GPIO_setAsPeripheralModuleFunctionOutputPin
00002bf1  GenerateBall                               
0000acbd  GetASCIICode                               
0000915b  GetJoystickCoordinates                     
0000823b  GetLEDStatus                               
000023d9  GetPlayerRole                              
0000b4d5  HardFault_Handler                          
0000b49f  I2C_clearInterruptFlag                     
0000b4ad  I2C_disableInterrupt                       
0000b4fb  I2C_disableModule                          
0000b559  I2C_enableInterrupt                        
0000b507  I2C_enableModule                           
0000b593  I2C_getEnabledInterruptStatus              
0000b599  I2C_getInterruptStatus                     
0000ad7d  I2C_initMaster                             
0000b3dd  I2C_isBusBusy                              
0000b59f  I2C_masterReceiveMultiByteNext             
0000b43f  I2C_masterReceiveStart                     
0000b11d  I2C_masterSendMultiByteNext                
0000ae31  I2C_masterSendMultiByteStart               
0000af71  I2C_masterSendMultiByteStop                
0000b5b1  I2C_setSlaveAddress                        
0000210d  IdleThread                                 
000025a1  InitBoardState                             
2000cf8e  IntIsMasked                                
0000a7b1  Interrupt_disableInterrupt                 
0000a815  Interrupt_enableInterrupt                  
0000b44f  Interrupt_enableMaster                     
0000b141  Interrupt_setPriority                      
00002661  JoinGame                                   
00009091  Joystick_Init_Without_Interrupt            
000090ef  Joystick_Push_Button_Init_With_Interrupt   
000079b1  LCD_Clear                                  
00007875  LCD_DrawRectangle                          
00007a21  LCD_Init                                   
0000b1cd  LCD_SetCursor                              
000079cd  LCD_SetPoint                               
00007917  LCD_Text                                   
0000acfd  LCD_WriteData                              
0000aed9  LCD_WriteIndex                             
0000b26b  LCD_WriteReg                               
0000b1ed  LCD_Write_Data_Only                        
0000b545  LCD_Write_Data_Start                       
000077e5  LCD_initSPI                                
00009375  LP3943_LedModeSet                          
000080b1  MaskIntHdlr                                
0000b4d5  MemManage_Handler                          
00002e4d  MoveBall                                   
00002297  MoveLEDs                                   
0000b4d5  NMI_Handler                                
0000b4d5  PCM_IRQHandler                             
0000b02d  PCM_getCoreVoltageLevel                    
0000b059  PCM_getPowerMode                           
0000b515  PCM_getPowerState                          
0000b0ad  PCM_gotoLPM0                               
0000a571  PCM_gotoLPM3                               
0000b45f  PCM_gotoLPM4                               
0000b561  PCM_setCoreVoltageLevel                    
0000b569  PCM_setPowerMode                           
0000b571  PCM_setPowerState                          
0000a9d9  PCM_shutdownDevice                         
000082ed  PORT1_IRQHandler                           
000082ed  PORT1_IRQHandler                           
00008317  PORT2_IRQHandler                           
00008317  PORT2_IRQHandler                           
0000b4d5  PORT3_IRQHandler                           
0000b4d5  PORT4_IRQHandler                           
0000b4d5  PORT5_IRQHandler                           
0000b4d5  PORT6_IRQHandler                           
0000b4d5  PSS_IRQHandler                             
00002d45  PaddleHit                                  
0000ae0f  PendSV_Handler                             
0000ae0f  PendSV_Handler                             
00009fc9  PutChar                                    
0000b4d5  RTC_C_IRQHandler                           
0000b165  RTC_C_holdClock                            
000027c7  ReadJoystickClient                         
00002c85  ReadJoystickHost                           
000070fd  ReceiveData                                
00002b59  ReceiveDataFromClient                      
00002b69  ReceiveDataFromClientThread                
00002747  ReceiveDataFromHost                        
00002753  ReceiveDataFromHostThread                  
0000b4c9  Reset_Handler                              
00004167  SL_FD_CLR                                  
0000418d  SL_FD_ISSET                                
00004145  SL_FD_SET                                  
000041b5  SL_FD_ZERO                                 
0000b289  SPISendRecvByte                            
0000b2c1  SPI_enableModule                           
0000a2d7  SPI_initMaster                             
0000b2db  SPI_receiveData                            
0000b20d  SPI_transmitData                           
0000b4d5  SVC_Handler                                
000082a9  SelAntenna                                 
000070dd  SendData                                   
00002ae1  SendDataToClient                           
00002af1  SendDataToClientThread                     
00002793  SendDataToHost                             
000027a1  SendDataToHostThread                       
000071c1  SimpleLinkGeneralEventHandler              
000071b5  SimpleLinkHttpServerCallback               
0000717d  SimpleLinkNetAppEventHandler               
000071cb  SimpleLinkSockEventHandler                 
00007129  SimpleLinkWlanEventHandler                 
2000d00c  SockIDRx                                   
2000d00e  SockIDTx                                   
0000694f  StartContextSwitch                         
0000b491  StartCriticalSection                       
000032e9  StartNewGame                               
0000b471  SysCtl_disableNMISource                    
0000b481  SysCtl_enableNMISource                     
0000b521  SysCtl_getNMISourceStatus                  
0000aa29  SysCtl_getTLVInfo                          
00006407  SysTick_Handler                            
00006407  SysTick_Handler                            
0000b3f1  SysTick_enableInterrupt                    
2000d048  SystemCoreClock                            
00008389  SystemCoreClockUpdate                      
00008601  SystemInit                                 
2000cfa4  SystemTime                                 
0000b4d5  T32_INT1_IRQHandler                        
0000b4d5  T32_INT2_IRQHandler                        
0000b4d5  T32_INTC_IRQHandler                        
0000b4d5  TA0_0_IRQHandler                           
0000b4d5  TA0_N_IRQHandler                           
0000b4d5  TA1_0_IRQHandler                           
0000b4d5  TA1_N_IRQHandler                           
0000b4d5  TA2_0_IRQHandler                           
0000b4d5  TA2_N_IRQHandler                           
0000b4d5  TA3_0_IRQHandler                           
0000b4d5  TA3_N_IRQHandler                           
00007c29  TP_ReadXY                                  
000080b9  UnMaskIntHdlr                              
000024a9  UpdatePlayerOnScreen                       
0000b4d5  UsageFault_Handler                         
4000480c  WDTCTL_SYM                                 
0000b4d5  WDT_A_IRQHandler                           
0000b355  WDT_A_clearTimer                           
0000b36d  WDT_A_holdTimer                            
0000bf22  _SlAcceptCmdCtrl                           
0000bdf0  _SlActionLookupTable                       
00000fb3  _SlAsyncEventGenericHandler                
0000bf26  _SlDeviceGetCmdCtrl                        
0000bf2a  _SlDeviceSetCmdCtrl                        
000019c7  _SlDrvBasicCmd                             
0000167b  _SlDrvClassifyRxMsg                        
000002af  _SlDrvCmdOp                                
0000035f  _SlDrvCmdSend                              
000003b5  _SlDrvDataReadOp                           
000005b9  _SlDrvDataWriteOp                          
0000773d  _SlDrvDeviceEventHandler                   
000001c9  _SlDrvDriverCBDeinit                       
000000e5  _SlDrvDriverCBInit                         
0000a52f  _SlDrvFlowContDeinit                       
0000a4f1  _SlDrvFlowContInit                         
0000097d  _SlDrvMsgRead                              
00001499  _SlDrvMsgReadCmdCtx                        
00001593  _SlDrvMsgReadSpawnCtx                      
00000789  _SlDrvMsgWrite                             
00004c91  _SlDrvNetAppEventHandler                   
00001ebb  _SlDrvObjDeInit                            
00001e3f  _SlDrvObjInit                              
00001c35  _SlDrvReleasePoolObj                       
000017c1  _SlDrvRxHdrRead                            
0000026d  _SlDrvRxIrqHandler                         
00001779  _SlDrvShiftDWord                           
00001a2d  _SlDrvWaitForPoolObj                       
0000bf2e  _SlEventMaskGetCmdCtrl                     
0000bf32  _SlEventMaskSetCmdCtrl                     
00001f9d  _SlFindAndSetActiveObj                     
0000bf36  _SlGetHostByNameCtrl                       
0000bf3a  _SlGetHostByServiceCtrl                    
0000bf3e  _SlGetServiceListeCtrl                     
0000bf42  _SlGetSockOptCmdCtrl                       
0000bf46  _SlListenCmdCtrl                           
0000bf4a  _SlNetAppGetCmdCtrl                        
0000bf4e  _SlNetAppSendTokenValueCmdCtrl             
0000bf52  _SlNetAppSetCmdCtrl                        
0000bf56  _SlNetAppStartCtrl                         
0000bf5a  _SlNetAppStopCtrl                          
0000bf5e  _SlNetCfgGetCmdCtrl                        
0000bf62  _SlNetCfgSetCmdCtrl                        
0000964d  _SlNonOsMainLoopTask                       
000095a1  _SlNonOsSemGet                             
00009589  _SlNonOsSemSet                             
000095fd  _SlNonOsSpawn                              
0000bf66  _SlPolicyGetCmdCtrl                        
0000bf6a  _SlPolicySetCmdCtrl                        
0000bf6e  _SlProfileDelCmdCtrl                       
0000bf72  _SlProfileGetCmdCtrl                       
0000bf76  _SlRecvCmdCtrl                             
0000bf7a  _SlRecvfomCmdCtrl                          
0000bf7e  _SlRegisterServiceCtrl                     
00001edb  _SlRemoveFromList                          
0000bf82  _SlRxFilterAddtCmdCtrl                     
0000bf86  _SlRxFilterGetCmdCtrl                      
0000bf8a  _SlRxFilterSetCmdCtrl                      
0000bf8e  _SlSelectCmdCtrl                           
0000bf92  _SlSendCmdCtrl                             
0000bf96  _SlSetSockOptCmdCtrl                       
0000bf9a  _SlSmartConfigStartCmdCtrl                 
0000bf9e  _SlSockCloseCmdCtrl                        
0000bfa2  _SlSockSocketCmdCtrl                       
0000bfa6  _SlStopCmdCtrl                             
0000bfaa  _SlWlanCfgGetCmdCtrl                       
0000bfae  _SlWlanCfgSetCmdCtrl                       
0000bfb2  _SlWlanGetNetworkListCtrl                  
0000bfb6  _SlWlanSetModeCmdCtrl                      
20010000  __STACK_END                                
00000200  __STACK_SIZE                               
0000c028  __TI_CINIT_Base                            
0000c038  __TI_CINIT_Limit                           
0000c010  __TI_Handler_Table_Base                    
0000c01c  __TI_Handler_Table_Limit                   
0000ac35  __TI_auto_init_nobinit_nopinit             
0000a747  __TI_decompress_lzss                       
0000b4bb  __TI_decompress_none                       
ffffffff  __TI_pprof_out_hndl                        
0000585d  __TI_printfi                               
ffffffff  __TI_prof_data_size                        
ffffffff  __TI_prof_data_start                       
00000000  __TI_static_base__                         
0000b52d  __TI_zero_init                             
0000a35f  __aeabi_cdcmpeq                            
0000a35f  __aeabi_cdcmple                            
0000a3e5  __aeabi_cdrcmple                           
0000abed  __aeabi_d2iz                               
0000ac79  __aeabi_d2uiz                              
00008d17  __aeabi_dadd                               
00009451  __aeabi_ddiv                               
00009afd  __aeabi_dmul                               
00008d0d  __aeabi_dsub                               
0000b579  __aeabi_errno_addr                         
0000afd1  __aeabi_i2d                                
00009063  __aeabi_idiv0                              
00009063  __aeabi_ldiv0                              
0000a5ed  __aeabi_memclr                             
0000a5ed  __aeabi_memclr4                            
0000a5ed  __aeabi_memclr8                            
0000a1a5  __aeabi_memcpy                             
0000a1a5  __aeabi_memcpy4                            
0000a1a5  __aeabi_memcpy8                            
0000a5ef  __aeabi_memset                             
0000a5ef  __aeabi_memset4                            
0000a5ef  __aeabi_memset8                            
0000b22d  __aeabi_ui2d                               
0000a241  __aeabi_uldivmod                           
ffffffff  __binit__                                  
ffffffff  __c_args__                                 
UNDEFED   __mpu_init                                 
2000fe00  __stack                                    
0000ae69  _c_int00_noargs                            
0000bbac  _ctypes_                                   
2000d030  _lock                                      
000062bb  _nop                                       
00003391  _sl_BuildAddress                           
00007209  _sl_GetStartResponseConvert                
00003da5  _sl_HandleAsync_Accept                     
0000399f  _sl_HandleAsync_Connect                    
000046ad  _sl_HandleAsync_DnsGetHostByAddr           
00004801  _sl_HandleAsync_DnsGetHostByName           
000045dd  _sl_HandleAsync_DnsGetHostByService        
0000736d  _sl_HandleAsync_InitComplete               
00004901  _sl_HandleAsync_PingResponse               
000041cd  _sl_HandleAsync_Select                     
0000741f  _sl_HandleAsync_Stop                       
000034a9  _sl_ParseAddress                           
000033e1  _sl_TruncatePayloadByProtocol              
UNDEFED   _system_post_cinit                         
0000b5b5  _system_pre_init                           
2000d034  _unlock                                    
0000b5b9  abort                                      
0000ab11  atoi                                       
ffffffff  binit                                      
2000d02d  burstMode                                  
000080cd  clear_rts                                  
2000cf84  clientPlayer                               
2000cfa8  coordinates                                
0000b405  copysign                                   
0000b405  copysignl                                  
00003301  destroyBall                                
2000d040  errno                                      
0000a879  frexp                                      
0000a879  frexpl                                     
2000d02c  gFirstCmdMode                              
0000beec  g_H2NCnysPattern                           
0000bef4  g_H2NSyncPattern                           
2000cd14  g_StatMem                                  
2000cffc  g_Status                                   
2000cf5c  g__SlNonOsCB                               
2000d024  g_pCB                                      
2000cfac  g_ui32ByteCount                            
2000cf08  gameState                                  
0000711d  getLocalIP                                 
2000d010  i2cConfig                                  
00008275  initAntSelGPIO                             
00007019  initCC3100                                 
000080d9  initClk                                    
00007d1b  initI2C                                    
0000814d  initLEDs                                   
00009319  init_RGBLEDS                               
00000000  interruptVectors                           
2000cf8f  isHost                                     
2000cfb4  lcdI2CReady                                
000098e9  ldexp                                      
000098e9  ldexpl                                     
2000cfb8  ledI2CReady                                
0000a933  ltoa                                       
0000b539  main                                       
0000b2a5  memccpy                                    
0000a1a5  memcpy                                     
0000a5f5  memset                                     
2000cfc0  pData                                      
2000d03c  pIraEventHandler                           
2000d028  pPingCallBackFunc                          
0000af0d  rand                                       
00007e9d  readBurstI2C                               
00007dcf  readI2C                                    
2000d004  receivedAlready                            
0000803d  registerInterruptHandler                   
2000d000  retVal                                     
000098e9  scalbn                                     
000098e9  scalbnl                                    
000080c1  set_rts                                    
00003ba1  sl_Accept                                  
00003583  sl_Bind                                    
00003559  sl_Close                                   
00003849  sl_Connect                                 
00007639  sl_DevGet                                  
000076d7  sl_DevSet                                  
00007605  sl_EventMaskGet                            
000075cb  sl_EventMaskSet                            
00003f25  sl_GetSockOpt                              
00003d23  sl_Htonl                                   
00003d65  sl_Htons                                   
00003b61  sl_Listen                                  
000046bd  sl_NetAppDnsGetHostByName                  
000044ad  sl_NetAppDnsGetHostByService               
00004c01  sl_NetAppGet                               
000042ad  sl_NetAppGetServiceList                    
00004431  sl_NetAppMDNSRegisterService               
0000437d  sl_NetAppMDNSRegisterUnregisterService     
0000446d  sl_NetAppMDNSUnRegisterService             
000049c1  sl_NetAppPingStart                         
00004b9d  sl_NetAppSendTokenValue                    
00004b33  sl_NetAppSet                               
00004265  sl_NetAppStart                             
00004289  sl_NetAppStop                              
0000983f  sl_NetCfgGet                               
000097d9  sl_NetCfgSet                               
00003e3d  sl_Recv                                    
00003727  sl_RecvFrom                                
00003fbf  sl_Select                                  
00003a51  sl_Send                                    
0000360b  sl_SendTo                                  
00003eb9  sl_SetSockOpt                              
00003503  sl_Socket                                  
00007269  sl_Start                                   
000074a3  sl_Stop                                    
00007261  sl_Task                                    
00004da5  sl_WlanConnect                             
00004fd7  sl_WlanDisconnect                          
000057a5  sl_WlanGet                                 
0000546d  sl_WlanGetNetworkList                      
0000504d  sl_WlanPolicyGet                           
00004fe3  sl_WlanPolicySet                           
000050f1  sl_WlanProfileAdd                          
0000543f  sl_WlanProfileDel                          
0000535d  sl_WlanProfileGet                          
000054df  sl_WlanRxFilterAdd                         
000055a1  sl_WlanRxFilterGet                         
0000554d  sl_WlanRxFilterSet                         
0000562f  sl_WlanRxStatGet                           
00005617  sl_WlanRxStatStart                         
00005623  sl_WlanRxStatStop                          
00005731  sl_WlanSet                                 
00005701  sl_WlanSetMode                             
00005675  sl_WlanSmartConfigStart                    
00005665  sl_WlanSmartConfigStop                     
0000692f  sleep                                      
0000892d  spi_Close                                  
00008939  spi_Open                                   
00008a83  spi_Read                                   
00008a29  spi_Write                                  
0000ad3d  sprintf                                    
00008143  stopWDT                                    
0000b24d  strcat                                     
0000b39d  strchr                                     
0000b419  strlen                                     
0000aea1  strncpy                                    
2000d03a  ticks_count                                
00008207  toggleLed                                  
2000d008  transmitedAlready                          
000081d3  turnLedOff                                 
0000819f  turnLedOn                                  
2000cfc8  ui8DummyRead                               
2000cfc9  ui8Status                                  
0000b42d  wcslen                                     
2000cfc4  wifiReady                                  
00007d39  writeI2C                                   


GLOBAL SYMBOLS: SORTED BY Symbol Address 

address   name                                       
-------   ----                                       
00000000  __TI_static_base__                         
00000000  interruptVectors                           
000000e5  _SlDrvDriverCBInit                         
000001c9  _SlDrvDriverCBDeinit                       
00000200  __STACK_SIZE                               
0000026d  _SlDrvRxIrqHandler                         
000002af  _SlDrvCmdOp                                
0000035f  _SlDrvCmdSend                              
000003b5  _SlDrvDataReadOp                           
000005b9  _SlDrvDataWriteOp                          
00000789  _SlDrvMsgWrite                             
0000097d  _SlDrvMsgRead                              
00000fb3  _SlAsyncEventGenericHandler                
00001499  _SlDrvMsgReadCmdCtx                        
00001593  _SlDrvMsgReadSpawnCtx                      
0000167b  _SlDrvClassifyRxMsg                        
00001779  _SlDrvShiftDWord                           
000017c1  _SlDrvRxHdrRead                            
000019c7  _SlDrvBasicCmd                             
00001a2d  _SlDrvWaitForPoolObj                       
00001c35  _SlDrvReleasePoolObj                       
00001e3f  _SlDrvObjInit                              
00001ebb  _SlDrvObjDeInit                            
00001edb  _SlRemoveFromList                          
00001f9d  _SlFindAndSetActiveObj                     
0000210d  IdleThread                                 
0000210f  DrawObjects                                
00002297  MoveLEDs                                   
000023d9  GetPlayerRole                              
00002471  DrawPlayer                                 
000024a9  UpdatePlayerOnScreen                       
000025a1  InitBoardState                             
00002661  JoinGame                                   
00002747  ReceiveDataFromHost                        
00002753  ReceiveDataFromHostThread                  
00002793  SendDataToHost                             
000027a1  SendDataToHostThread                       
000027c7  ReadJoystickClient                         
000027e9  EndOfGameClient                            
00002925  CreateGame                                 
00002ae1  SendDataToClient                           
00002af1  SendDataToClientThread                     
00002b59  ReceiveDataFromClient                      
00002b69  ReceiveDataFromClientThread                
00002bf1  GenerateBall                               
00002c85  ReadJoystickHost                           
00002d45  PaddleHit                                  
00002e4d  MoveBall                                   
000031ad  EndOfGameHost                              
000032e9  StartNewGame                               
00003301  destroyBall                                
00003391  _sl_BuildAddress                           
000033e1  _sl_TruncatePayloadByProtocol              
000034a9  _sl_ParseAddress                           
00003503  sl_Socket                                  
00003559  sl_Close                                   
00003583  sl_Bind                                    
0000360b  sl_SendTo                                  
00003727  sl_RecvFrom                                
00003849  sl_Connect                                 
0000399f  _sl_HandleAsync_Connect                    
00003a51  sl_Send                                    
00003b61  sl_Listen                                  
00003ba1  sl_Accept                                  
00003d23  sl_Htonl                                   
00003d65  sl_Htons                                   
00003da5  _sl_HandleAsync_Accept                     
00003e3d  sl_Recv                                    
00003eb9  sl_SetSockOpt                              
00003f25  sl_GetSockOpt                              
00003fbf  sl_Select                                  
00004145  SL_FD_SET                                  
00004167  SL_FD_CLR                                  
0000418d  SL_FD_ISSET                                
000041b5  SL_FD_ZERO                                 
000041cd  _sl_HandleAsync_Select                     
00004265  sl_NetAppStart                             
00004289  sl_NetAppStop                              
000042ad  sl_NetAppGetServiceList                    
0000437d  sl_NetAppMDNSRegisterUnregisterService     
00004431  sl_NetAppMDNSRegisterService               
0000446d  sl_NetAppMDNSUnRegisterService             
000044ad  sl_NetAppDnsGetHostByService               
000045dd  _sl_HandleAsync_DnsGetHostByService        
000046ad  _sl_HandleAsync_DnsGetHostByAddr           
000046bd  sl_NetAppDnsGetHostByName                  
00004801  _sl_HandleAsync_DnsGetHostByName           
000048c5  CopyPingResultsToReport                    
00004901  _sl_HandleAsync_PingResponse               
000049c1  sl_NetAppPingStart                         
00004b33  sl_NetAppSet                               
00004b9d  sl_NetAppSendTokenValue                    
00004c01  sl_NetAppGet                               
00004c91  _SlDrvNetAppEventHandler                   
00004da5  sl_WlanConnect                             
00004fd7  sl_WlanDisconnect                          
00004fe3  sl_WlanPolicySet                           
0000504d  sl_WlanPolicyGet                           
000050f1  sl_WlanProfileAdd                          
0000535d  sl_WlanProfileGet                          
0000543f  sl_WlanProfileDel                          
0000546d  sl_WlanGetNetworkList                      
000054df  sl_WlanRxFilterAdd                         
0000554d  sl_WlanRxFilterSet                         
000055a1  sl_WlanRxFilterGet                         
00005617  sl_WlanRxStatStart                         
00005623  sl_WlanRxStatStop                          
0000562f  sl_WlanRxStatGet                           
00005665  sl_WlanSmartConfigStop                     
00005675  sl_WlanSmartConfigStart                    
00005701  sl_WlanSetMode                             
00005731  sl_WlanSet                                 
000057a5  sl_WlanGet                                 
0000585d  __TI_printfi                               
000062bb  _nop                                       
0000638f  G8RTOS_Scheduler                           
00006407  SysTick_Handler                            
00006407  SysTick_Handler                            
00006517  G8RTOS_Init                                
000065a5  G8RTOS_Launch                              
00006681  G8RTOS_AddThread                           
00006805  G8RTOS_AddPeriodicEvent                    
00006905  Change_Period                              
0000692f  sleep                                      
0000694f  StartContextSwitch                         
00006965  G8RTOS_Genocide                            
000069b5  G8RTOS_GetThreadId                         
000069d5  G8RTOS_KillThread                          
00006add  G8RTOS_KillSelf                            
00006af9  G8RTOS_AddAPeriodicEvent                   
00007019  initCC3100                                 
000070dd  SendData                                   
000070fd  ReceiveData                                
0000711d  getLocalIP                                 
00007129  SimpleLinkWlanEventHandler                 
0000717d  SimpleLinkNetAppEventHandler               
000071b5  SimpleLinkHttpServerCallback               
000071c1  SimpleLinkGeneralEventHandler              
000071cb  SimpleLinkSockEventHandler                 
00007209  _sl_GetStartResponseConvert                
00007261  sl_Task                                    
00007269  sl_Start                                   
0000736d  _sl_HandleAsync_InitComplete               
0000741f  _sl_HandleAsync_Stop                       
000074a3  sl_Stop                                    
000075cb  sl_EventMaskSet                            
00007605  sl_EventMaskGet                            
00007639  sl_DevGet                                  
000076d7  sl_DevSet                                  
0000773d  _SlDrvDeviceEventHandler                   
000077e5  LCD_initSPI                                
00007875  LCD_DrawRectangle                          
00007917  LCD_Text                                   
000079b1  LCD_Clear                                  
000079cd  LCD_SetPoint                               
00007a21  LCD_Init                                   
00007c29  TP_ReadXY                                  
00007d1b  initI2C                                    
00007d39  writeI2C                                   
00007dcf  readI2C                                    
00007e9d  readBurstI2C                               
00007f75  EUSCIB1_IRQHandler                         
00007f75  EUSCIB1_IRQHandler                         
0000803d  registerInterruptHandler                   
00008051  CC3100_disable                             
0000805d  CC3100_enable                              
00008069  CC3100_InterruptEnable                     
00008093  CC3100_InterruptDisable                    
000080b1  MaskIntHdlr                                
000080b9  UnMaskIntHdlr                              
000080c1  set_rts                                    
000080cd  clear_rts                                  
000080d9  initClk                                    
00008143  stopWDT                                    
0000814d  initLEDs                                   
0000819f  turnLedOn                                  
000081d3  turnLedOff                                 
00008207  toggleLed                                  
0000823b  GetLEDStatus                               
00008275  initAntSelGPIO                             
000082a9  SelAntenna                                 
000082ed  PORT1_IRQHandler                           
000082ed  PORT1_IRQHandler                           
000082ef  Delay                                      
00008317  PORT2_IRQHandler                           
00008317  PORT2_IRQHandler                           
0000833b  EUSCIA0_IRQHandler                         
0000833b  EUSCIA0_IRQHandler                         
00008389  SystemCoreClockUpdate                      
00008601  SystemInit                                 
0000892d  spi_Close                                  
00008939  spi_Open                                   
00008a29  spi_Write                                  
00008a83  spi_Read                                   
00008d0d  __aeabi_dsub                               
00008d17  __aeabi_dadd                               
00009063  __aeabi_idiv0                              
00009063  __aeabi_ldiv0                              
00009091  Joystick_Init_Without_Interrupt            
000090ef  Joystick_Push_Button_Init_With_Interrupt   
00009145  Disable_Joystick_Interrupt                 
0000915b  GetJoystickCoordinates                     
00009319  init_RGBLEDS                               
00009375  LP3943_LedModeSet                          
00009451  __aeabi_ddiv                               
00009589  _SlNonOsSemSet                             
000095a1  _SlNonOsSemGet                             
000095fd  _SlNonOsSpawn                              
0000964d  _SlNonOsMainLoopTask                       
000097d9  sl_NetCfgSet                               
0000983f  sl_NetCfgGet                               
000098e9  ldexp                                      
000098e9  ldexpl                                     
000098e9  scalbn                                     
000098e9  scalbnl                                    
000099f9  CS_getDCOFrequency                         
00009afd  __aeabi_dmul                               
00009bf9  CS_initClockSignal                         
00009e69  G8RTOS_InitSemaphore                       
00009e83  G8RTOS_WaitSemaphore                       
00009eb9  G8RTOS_SignalSemaphore                     
00009efb  G8RTOS_ReleaseSemaphore                    
00009fc9  PutChar                                    
0000a06d  CS_startHFXTWithTimeout                    
0000a1a5  __aeabi_memcpy                             
0000a1a5  __aeabi_memcpy4                            
0000a1a5  __aeabi_memcpy8                            
0000a1a5  memcpy                                     
0000a241  __aeabi_uldivmod                           
0000a2d7  SPI_initMaster                             
0000a35f  __aeabi_cdcmpeq                            
0000a35f  __aeabi_cdcmple                            
0000a3e5  __aeabi_cdrcmple                           
0000a46d  ClockSys_SetMaxFreq                        
0000a4db  ClockSys_GetSysFreq                        
0000a4f1  _SlDrvFlowContInit                         
0000a52f  _SlDrvFlowContDeinit                       
0000a571  PCM_gotoLPM3                               
0000a5ed  __aeabi_memclr                             
0000a5ed  __aeabi_memclr4                            
0000a5ed  __aeabi_memclr8                            
0000a5ef  __aeabi_memset                             
0000a5ef  __aeabi_memset4                            
0000a5ef  __aeabi_memset8                            
0000a5f5  memset                                     
0000a747  __TI_decompress_lzss                       
0000a7b1  Interrupt_disableInterrupt                 
0000a815  Interrupt_enableInterrupt                  
0000a879  frexp                                      
0000a879  frexpl                                     
0000a933  ltoa                                       
0000a9d9  PCM_shutdownDevice                         
0000aa29  SysCtl_getTLVInfo                          
0000aa79  GPIO_setAsPeripheralModuleFunctionOutputPin
0000ab11  atoi                                       
0000ab5d  GPIO_setAsPeripheralModuleFunctionInputPin 
0000abed  __aeabi_d2iz                               
0000ac35  __TI_auto_init_nobinit_nopinit             
0000ac79  __aeabi_d2uiz                              
0000acbd  GetASCIICode                               
0000acfd  LCD_WriteData                              
0000ad3d  sprintf                                    
0000ad7d  I2C_initMaster                             
0000adfd  G8RTOS_Start                               
0000ae0f  PendSV_Handler                             
0000ae0f  PendSV_Handler                             
0000ae31  I2C_masterSendMultiByteStart               
0000ae69  _c_int00_noargs                            
0000aea1  strncpy                                    
0000aed9  LCD_WriteIndex                             
0000af0d  rand                                       
0000af41  GPIO_setAsInputPinWithPullUpResistor       
0000af71  I2C_masterSendMultiByteStop                
0000afd1  __aeabi_i2d                                
0000b001  GPIO_setAsInputPin                         
0000b02d  PCM_getCoreVoltageLevel                    
0000b059  PCM_getPowerMode                           
0000b085  FlashCtl_setWaitState                      
0000b0ad  PCM_gotoLPM0                               
0000b0d5  CS_clearInterruptFlag                      
0000b0f9  CS_setDCOCenteredFrequency                 
0000b11d  I2C_masterSendMultiByteNext                
0000b141  Interrupt_setPriority                      
0000b165  RTC_C_holdClock                            
0000b189  BSP_InitBoard                              
0000b1ad  GPIO_interruptEdgeSelect                   
0000b1cd  LCD_SetCursor                              
0000b1ed  LCD_Write_Data_Only                        
0000b20d  SPI_transmitData                           
0000b22d  __aeabi_ui2d                               
0000b24d  strcat                                     
0000b26b  LCD_WriteReg                               
0000b289  SPISendRecvByte                            
0000b2a5  memccpy                                    
0000b2c1  SPI_enableModule                           
0000b2db  SPI_receiveData                            
0000b2f5  CS_getMCLK                                 
0000b30d  CS_getSMCLK                                
0000b325  GPIO_disableInterrupt                      
0000b33d  GPIO_getInputPinValue                      
0000b355  WDT_A_clearTimer                           
0000b36d  WDT_A_holdTimer                            
0000b39d  strchr                                     
0000b3b5  CS_setExternalClockSourceFrequency         
0000b3c9  GPIO_enableInterrupt                       
0000b3dd  I2C_isBusBusy                              
0000b3f1  SysTick_enableInterrupt                    
0000b405  copysign                                   
0000b405  copysignl                                  
0000b419  strlen                                     
0000b42d  wcslen                                     
0000b43f  I2C_masterReceiveStart                     
0000b44f  Interrupt_enableMaster                     
0000b45f  PCM_gotoLPM4                               
0000b471  SysCtl_disableNMISource                    
0000b481  SysCtl_enableNMISource                     
0000b491  StartCriticalSection                       
0000b499  EndCriticalSection                         
0000b49f  I2C_clearInterruptFlag                     
0000b4ad  I2C_disableInterrupt                       
0000b4bb  __TI_decompress_none                       
0000b4c9  Reset_Handler                              
0000b4d5  ADC14_IRQHandler                           
0000b4d5  AES256_IRQHandler                          
0000b4d5  BusFault_Handler                           
0000b4d5  COMP_E0_IRQHandler                         
0000b4d5  COMP_E1_IRQHandler                         
0000b4d5  CS_IRQHandler                              
0000b4d5  DMA_ERR_IRQHandler                         
0000b4d5  DMA_INT0_IRQHandler                        
0000b4d5  DMA_INT1_IRQHandler                        
0000b4d5  DMA_INT2_IRQHandler                        
0000b4d5  DMA_INT3_IRQHandler                        
0000b4d5  DebugMon_Handler                           
0000b4d5  Default_Handler                            
0000b4d5  EUSCIA1_IRQHandler                         
0000b4d5  EUSCIA2_IRQHandler                         
0000b4d5  EUSCIA3_IRQHandler                         
0000b4d5  EUSCIB0_IRQHandler                         
0000b4d5  EUSCIB2_IRQHandler                         
0000b4d5  EUSCIB3_IRQHandler                         
0000b4d5  FLCTL_IRQHandler                           
0000b4d5  FPU_IRQHandler                             
0000b4d5  HardFault_Handler                          
0000b4d5  MemManage_Handler                          
0000b4d5  NMI_Handler                                
0000b4d5  PCM_IRQHandler                             
0000b4d5  PORT3_IRQHandler                           
0000b4d5  PORT4_IRQHandler                           
0000b4d5  PORT5_IRQHandler                           
0000b4d5  PORT6_IRQHandler                           
0000b4d5  PSS_IRQHandler                             
0000b4d5  RTC_C_IRQHandler                           
0000b4d5  SVC_Handler                                
0000b4d5  T32_INT1_IRQHandler                        
0000b4d5  T32_INT2_IRQHandler                        
0000b4d5  T32_INTC_IRQHandler                        
0000b4d5  TA0_0_IRQHandler                           
0000b4d5  TA0_N_IRQHandler                           
0000b4d5  TA1_0_IRQHandler                           
0000b4d5  TA1_N_IRQHandler                           
0000b4d5  TA2_0_IRQHandler                           
0000b4d5  TA2_N_IRQHandler                           
0000b4d5  TA3_0_IRQHandler                           
0000b4d5  TA3_N_IRQHandler                           
0000b4d5  UsageFault_Handler                         
0000b4d5  WDT_A_IRQHandler                           
0000b4d7  CPU_cpsie                                  
0000b4e3  EUSCI_A_SPI_enable                         
0000b4ef  EUSCI_B_SPI_enable                         
0000b4fb  I2C_disableModule                          
0000b507  I2C_enableModule                           
0000b515  PCM_getPowerState                          
0000b521  SysCtl_getNMISourceStatus                  
0000b52d  __TI_zero_init                             
0000b539  main                                       
0000b545  LCD_Write_Data_Start                       
0000b559  I2C_enableInterrupt                        
0000b561  PCM_setCoreVoltageLevel                    
0000b569  PCM_setPowerMode                           
0000b571  PCM_setPowerState                          
0000b579  __aeabi_errno_addr                         
0000b581  CS_startHFXT                               
0000b587  EUSCI_A_SPI_receiveData                    
0000b58d  EUSCI_B_SPI_receiveData                    
0000b593  I2C_getEnabledInterruptStatus              
0000b599  I2C_getInterruptStatus                     
0000b59f  I2C_masterReceiveMultiByteNext             
0000b5a5  CPU_wfi                                    
0000b5a9  EUSCI_A_SPI_transmitData                   
0000b5ad  EUSCI_B_SPI_transmitData                   
0000b5b1  I2C_setSlaveAddress                        
0000b5b5  _system_pre_init                           
0000b5b9  C$$EXIT                                    
0000b5b9  abort                                      
0000bbac  _ctypes_                                   
0000bdf0  _SlActionLookupTable                       
0000beec  g_H2NCnysPattern                           
0000bef4  g_H2NSyncPattern                           
0000bf22  _SlAcceptCmdCtrl                           
0000bf26  _SlDeviceGetCmdCtrl                        
0000bf2a  _SlDeviceSetCmdCtrl                        
0000bf2e  _SlEventMaskGetCmdCtrl                     
0000bf32  _SlEventMaskSetCmdCtrl                     
0000bf36  _SlGetHostByNameCtrl                       
0000bf3a  _SlGetHostByServiceCtrl                    
0000bf3e  _SlGetServiceListeCtrl                     
0000bf42  _SlGetSockOptCmdCtrl                       
0000bf46  _SlListenCmdCtrl                           
0000bf4a  _SlNetAppGetCmdCtrl                        
0000bf4e  _SlNetAppSendTokenValueCmdCtrl             
0000bf52  _SlNetAppSetCmdCtrl                        
0000bf56  _SlNetAppStartCtrl                         
0000bf5a  _SlNetAppStopCtrl                          
0000bf5e  _SlNetCfgGetCmdCtrl                        
0000bf62  _SlNetCfgSetCmdCtrl                        
0000bf66  _SlPolicyGetCmdCtrl                        
0000bf6a  _SlPolicySetCmdCtrl                        
0000bf6e  _SlProfileDelCmdCtrl                       
0000bf72  _SlProfileGetCmdCtrl                       
0000bf76  _SlRecvCmdCtrl                             
0000bf7a  _SlRecvfomCmdCtrl                          
0000bf7e  _SlRegisterServiceCtrl                     
0000bf82  _SlRxFilterAddtCmdCtrl                     
0000bf86  _SlRxFilterGetCmdCtrl                      
0000bf8a  _SlRxFilterSetCmdCtrl                      
0000bf8e  _SlSelectCmdCtrl                           
0000bf92  _SlSendCmdCtrl                             
0000bf96  _SlSetSockOptCmdCtrl                       
0000bf9a  _SlSmartConfigStartCmdCtrl                 
0000bf9e  _SlSockCloseCmdCtrl                        
0000bfa2  _SlSockSocketCmdCtrl                       
0000bfa6  _SlStopCmdCtrl                             
0000bfaa  _SlWlanCfgGetCmdCtrl                       
0000bfae  _SlWlanCfgSetCmdCtrl                       
0000bfb2  _SlWlanGetNetworkListCtrl                  
0000bfb6  _SlWlanSetModeCmdCtrl                      
0000c010  __TI_Handler_Table_Base                    
0000c01c  __TI_Handler_Table_Limit                   
0000c028  __TI_CINIT_Base                            
0000c038  __TI_CINIT_Limit                           
2000cd14  g_StatMem                                  
2000cf08  gameState                                  
2000cf5c  g__SlNonOsCB                               
2000cf84  clientPlayer                               
2000cf8e  IntIsMasked                                
2000cf8f  isHost                                     
2000cf9c  ButtonFunction                             
2000cfa0  CurrentlyRunningThread                     
2000cfa4  SystemTime                                 
2000cfa8  coordinates                                
2000cfac  g_ui32ByteCount                            
2000cfb4  lcdI2CReady                                
2000cfb8  ledI2CReady                                
2000cfc0  pData                                      
2000cfc4  wifiReady                                  
2000cfc8  ui8DummyRead                               
2000cfc9  ui8Status                                  
2000cffc  g_Status                                   
2000d000  retVal                                     
2000d004  receivedAlready                            
2000d008  transmitedAlready                          
2000d00c  SockIDRx                                   
2000d00e  SockIDTx                                   
2000d010  i2cConfig                                  
2000d024  g_pCB                                      
2000d028  pPingCallBackFunc                          
2000d02c  gFirstCmdMode                              
2000d02d  burstMode                                  
2000d030  _lock                                      
2000d034  _unlock                                    
2000d03a  ticks_count                                
2000d03c  pIraEventHandler                           
2000d040  errno                                      
2000d048  SystemCoreClock                            
2000fe00  __stack                                    
20010000  __STACK_END                                
4000480c  WDTCTL_SYM                                 
ffffffff  __TI_pprof_out_hndl                        
ffffffff  __TI_prof_data_size                        
ffffffff  __TI_prof_data_start                       
ffffffff  __binit__                                  
ffffffff  __c_args__                                 
ffffffff  binit                                      
UNDEFED   __mpu_init                                 
UNDEFED   _system_post_cinit                         

[486 symbols]
